
Optional file libmchp_peripheral.a not found

Optional file libmchp_peripheral_32MX170F256B.a not found
Archive member included because of file (symbol)

c:/program files/microchip/xc32/v2.41/bin/bin/../../lib/gcc/pic32mx/4.8.3/../../../../pic32mx/lib\libpic32.a(memset.o)
                              build/default/production/u8g2/u8g2_buffer.o (memset)
c:/program files/microchip/xc32/v2.41/bin/bin/../../lib/gcc/pic32mx/4.8.3/../../../../pic32mx/lib\libpic32.a(default-bootstrap-exception-handler.o)
                              C:\Users\Ed\AppData\Local\Temp\ccF9Sb48.o (_bootstrap_exception_handler)
c:/program files/microchip/xc32/v2.41/bin/bin/../../lib/gcc/pic32mx/4.8.3/../../../../pic32mx/lib\libpic32.a(default-on-reset.o)
                              C:\Users\Ed\AppData\Local\Temp\ccF9Sb48.o (_on_reset)
c:/program files/microchip/xc32/v2.41/bin/bin/../../lib/gcc/pic32mx/4.8.3/../../../../pic32mx/lib\libpic32.a(default-on-bootstrap.o)
                              C:\Users\Ed\AppData\Local\Temp\ccF9Sb48.o (_on_bootstrap)
c:/program files/microchip/xc32/v2.41/bin/bin/../../lib/gcc/pic32mx/4.8.3/../../../../pic32mx/lib\libpic32.a(default-nmi-handler.o)
                              C:\Users\Ed\AppData\Local\Temp\ccF9Sb48.o (_nmi_handler)
c:/program files/microchip/xc32/v2.41/bin/bin/../../lib/gcc/pic32mx/4.8.3/../../../../pic32mx/lib\libpic32.a(xc32_uart.o)
                              build/default/production/FrameworkSource/terminal.o (__XC_UART)
c:/program files/microchip/xc32/v2.41/bin/bin/../../lib/gcc/pic32mx/4.8.3/../../../../pic32mx/lib\libpic32.a(pic32_data_init.o)
                              C:\Users\Ed\AppData\Local\Temp\ccF9Sb48.o (__pic32_data_init)
c:/program files/microchip/xc32/v2.41/bin/bin/../../lib/gcc/pic32mx/4.8.3/../../../../pic32mx/lib\libpic32.a(general-exception.o)
                              C:\Users\Ed\AppData\Local\Temp\ccF9Sb48.o (_general_exception_context)
c:/program files/microchip/xc32/v2.41/bin/bin/../../lib/gcc/pic32mx/4.8.3/../../../../pic32mx/lib\libpic32.a(vector0.o)
                              C:\Users\Ed\AppData\Local\Temp\cctu2htN.o (__vector_dispatch_0)
c:/program files/microchip/xc32/v2.41/bin/bin/../../lib/gcc/pic32mx/4.8.3/../../../../pic32mx/lib\libpic32.a(vector1.o)
                              C:\Users\Ed\AppData\Local\Temp\cctu2htN.o (__vector_dispatch_1)
c:/program files/microchip/xc32/v2.41/bin/bin/../../lib/gcc/pic32mx/4.8.3/../../../../pic32mx/lib\libpic32.a(vector2.o)
                              C:\Users\Ed\AppData\Local\Temp\cctu2htN.o (__vector_dispatch_2)
c:/program files/microchip/xc32/v2.41/bin/bin/../../lib/gcc/pic32mx/4.8.3/../../../../pic32mx/lib\libpic32.a(vector3.o)
                              C:\Users\Ed\AppData\Local\Temp\cctu2htN.o (__vector_dispatch_3)
c:/program files/microchip/xc32/v2.41/bin/bin/../../lib/gcc/pic32mx/4.8.3/../../../../pic32mx/lib\libpic32.a(vector5.o)
                              C:\Users\Ed\AppData\Local\Temp\cctu2htN.o (__vector_dispatch_5)
c:/program files/microchip/xc32/v2.41/bin/bin/../../lib/gcc/pic32mx/4.8.3/../../../../pic32mx/lib\libpic32.a(vector6.o)
                              C:\Users\Ed\AppData\Local\Temp\cctu2htN.o (__vector_dispatch_6)
c:/program files/microchip/xc32/v2.41/bin/bin/../../lib/gcc/pic32mx/4.8.3/../../../../pic32mx/lib\libpic32.a(vector7.o)
                              C:\Users\Ed\AppData\Local\Temp\cctu2htN.o (__vector_dispatch_7)
c:/program files/microchip/xc32/v2.41/bin/bin/../../lib/gcc/pic32mx/4.8.3/../../../../pic32mx/lib\libpic32.a(vector8.o)
                              C:\Users\Ed\AppData\Local\Temp\cctu2htN.o (__vector_dispatch_8)
c:/program files/microchip/xc32/v2.41/bin/bin/../../lib/gcc/pic32mx/4.8.3/../../../../pic32mx/lib\libpic32.a(vector9.o)
                              C:\Users\Ed\AppData\Local\Temp\cctu2htN.o (__vector_dispatch_9)
c:/program files/microchip/xc32/v2.41/bin/bin/../../lib/gcc/pic32mx/4.8.3/../../../../pic32mx/lib\libpic32.a(vector10.o)
                              C:\Users\Ed\AppData\Local\Temp\cctu2htN.o (__vector_dispatch_10)
c:/program files/microchip/xc32/v2.41/bin/bin/../../lib/gcc/pic32mx/4.8.3/../../../../pic32mx/lib\libpic32.a(vector11.o)
                              C:\Users\Ed\AppData\Local\Temp\cctu2htN.o (__vector_dispatch_11)
c:/program files/microchip/xc32/v2.41/bin/bin/../../lib/gcc/pic32mx/4.8.3/../../../../pic32mx/lib\libpic32.a(vector12.o)
                              C:\Users\Ed\AppData\Local\Temp\cctu2htN.o (__vector_dispatch_12)
c:/program files/microchip/xc32/v2.41/bin/bin/../../lib/gcc/pic32mx/4.8.3/../../../../pic32mx/lib\libpic32.a(vector13.o)
                              C:\Users\Ed\AppData\Local\Temp\cctu2htN.o (__vector_dispatch_13)
c:/program files/microchip/xc32/v2.41/bin/bin/../../lib/gcc/pic32mx/4.8.3/../../../../pic32mx/lib\libpic32.a(vector14.o)
                              C:\Users\Ed\AppData\Local\Temp\cctu2htN.o (__vector_dispatch_14)
[...]
Memory Configuration

Name             Origin             Length             Attributes
kseg0_program_mem 0x9d000000         0x0003f000         xr
exception_mem    0x9d03f000         0x00001000
debug_exec_mem   0x9fc00490         0x00000760
kseg0_boot_mem   0x9fc00490         0x00000000
kseg1_boot_mem   0xbfc00000         0x00000490
config3          0xbfc00bf0         0x00000004
config2          0xbfc00bf4         0x00000004
config1          0xbfc00bf8         0x00000004
config0          0xbfc00bfc         0x00000004
kseg1_data_mem   0xa0000000         0x00010000         w !x
sfrs             0xbf800000         0x00100000
configsfrs       0xbfc00bf0         0x00000010
*default*        0x00000000         0xffffffff

Linker script and memory map

LOAD c:/program files/microchip/xc32/v2.41/bin/bin/../../lib/gcc/pic32mx/4.8.3/../../../../pic32mx/lib\debug-exception-return.o
LOAD build/default/production/FrameworkSource/ES_Timers.o
LOAD build/default/production/FrameworkSource/ES_LookupTables.o
LOAD build/default/production/FrameworkSource/ES_CheckEvents.o
LOAD build/default/production/FrameworkSource/ES_DeferRecall.o
LOAD build/default/production/FrameworkSource/ES_Framework.o
LOAD build/default/production/FrameworkSource/ES_Queue.o
LOAD build/default/production/FrameworkSource/ES_PostList.o
LOAD build/default/production/FrameworkSource/terminal.o
LOAD build/default/production/u8g2/common.o
LOAD build/default/production/u8g2/spi_master.o
LOAD build/default/production/u8g2/u8g2_bitmap.o
LOAD build/default/production/u8g2/u8g2_box.o
LOAD build/default/production/u8g2/u8g2_buffer.o
LOAD build/default/production/u8g2/u8g2_circle.o
LOAD build/default/production/u8g2/u8g2_cleardisplay.o
LOAD build/default/production/u8g2/u8g2_d_memory.o
LOAD build/default/production/u8g2/u8g2_d_setup.o
LOAD build/default/production/u8g2/u8g2_font.o
LOAD build/default/production/u8g2/u8g2_fonts.o
LOAD build/default/production/u8g2/u8g2_hvline.o
LOAD build/default/production/u8g2/u8g2_input_value.o
LOAD build/default/production/u8g2/u8g2_intersection.o
LOAD build/default/production/u8g2/u8g2_kerning.o
LOAD build/default/production/u8g2/u8g2_line.o
LOAD build/default/production/u8g2/u8g2_ll_hvline.o
LOAD build/default/production/u8g2/u8g2_message.o
LOAD build/default/production/u8g2/u8g2_pic32mz.o
LOAD build/default/production/u8g2/u8g2_polygon.o
LOAD build/default/production/u8g2/u8g2_selection_list.o
LOAD build/default/production/u8g2/u8g2_setup.o
LOAD build/default/production/u8g2/u8log.o
LOAD build/default/production/u8g2/u8log_u8g2.o
LOAD build/default/production/u8g2/u8log_u8x8.o
LOAD build/default/production/u8g2/u8x8_8x8.o
LOAD build/default/production/u8g2/u8x8_byte.o
LOAD build/default/production/u8g2/u8x8_cad.o
LOAD build/default/production/u8g2/u8x8_d_ssd1306_128x64_noname.o
LOAD build/default/production/u8g2/u8x8_debounce.o
LOAD build/default/production/u8g2/u8x8_display.o
LOAD build/default/production/u8g2/u8x8_fonts.o
LOAD build/default/production/u8g2/u8x8_gpio.o
LOAD build/default/production/u8g2/u8x8_input_value.o
LOAD build/default/production/u8g2/u8x8_message.o
LOAD build/default/production/u8g2/u8x8_selection_list.o
LOAD build/default/production/u8g2/u8x8_setup.o
LOAD build/default/production/u8g2/u8x8_string.o
LOAD build/default/production/u8g2/u8x8_u16toa.o
LOAD build/default/production/u8g2/u8x8_u8toa.o
LOAD build/default/production/u8g2/u8g2_TestHarness_main.o
                0x00000001                __MPLAB_BUILD = 0x1
LOAD C:\Users\Ed\AppData\Local\Temp\ccF9Sb48.o
LOAD C:\Users\Ed\AppData\Local\Temp\ccUbQMrl.o
LOAD C:\Users\Ed\AppData\Local\Temp\cctu2htN.o
LOAD c:/program files/microchip/xc32/v2.41/bin/bin/../../lib/gcc/pic32mx/4.8.3/../../../../pic32mx/lib\pic32_software_reset.o
                0x00000400                PROVIDE (_min_stack_size, 0x400)
START GROUP
LOAD c:/program files/microchip/xc32/v2.41/bin/bin/../../lib/gcc/pic32mx/4.8.3/../../../../pic32mx/lib/./proc/32MX170F256B\processor.o
END GROUP
START GROUP
LOAD libmchp_peripheral.a
END GROUP
START GROUP
LOAD libmchp_peripheral_32MX170F256B.a
END GROUP
                0x00000001                PROVIDE (_vector_spacing, 0x1)
                0x9d03f000                PROVIDE (_ebase_address, 0x9d03f000)
                0xbfc00000                _RESET_ADDR = 0xbfc00000
                0xbfc00380                _BEV_EXCPT_ADDR = 0xbfc00380
                0xbfc00480                _DBG_EXCPT_ADDR = 0xbfc00480
                0x9fc00490                _DBG_CODE_ADDR = 0x9fc00490
                0x00000760                _DBG_CODE_SIZE = 0x760
                0x9d03f180                _GEN_EXCPT_ADDR = (_ebase_address + 0x180)

.config_BFC00BF0
                0xbfc00bf0        0x4
 *(.config_BFC00BF0)
 .config_BFC00BF0
                0xbfc00bf0        0x4 build/default/production/u8g2/common.o

.config_BFC00BF4
                0xbfc00bf4        0x4
 *(.config_BFC00BF4)
 .config_BFC00BF4
                0xbfc00bf4        0x4 build/default/production/u8g2/common.o

.config_BFC00BF8
                0xbfc00bf8        0x4
 *(.config_BFC00BF8)
 .config_BFC00BF8
                0xbfc00bf8        0x4 build/default/production/u8g2/common.o

.config_BFC00BFC
                0xbfc00bfc        0x4
 *(.config_BFC00BFC)
 .config_BFC00BFC
                0xbfc00bfc        0x4 build/default/production/u8g2/common.o
                0xbfc02000                PROVIDE (_DBG_CODE_ADDR, 0xbfc02000)
                0x00000ff0                PROVIDE (_DBG_CODE_SIZE, 0xff0)

.reset          0xbfc00000      0x178
 *(.reset)
 .reset         0xbfc00000        0x8 C:\Users\Ed\AppData\Local\Temp\ccF9Sb48.o
                0xbfc00000                _reset
 *(.reset.startup)
 .reset.startup
                0xbfc00008      0x170 C:\Users\Ed\AppData\Local\Temp\ccF9Sb48.o
                0xbfc00008                _startup

.bev_excpt      0xbfc00380       0x10
 *(.bev_handler)
 .bev_handler   0xbfc00380       0x10 C:\Users\Ed\AppData\Local\Temp\ccF9Sb48.o

.dbg_excpt      0xbfc00480        0x0
                0xbfc00480                . = (. + DEFINED (_DEBUGGER)?0x8:0x0)

.dbg_code       0x9fc00490        0x0
                0x9fc00490                . = (. + DEFINED (_DEBUGGER)?_DBG_CODE_SIZE:0x0)

.app_excpt      0x9d03f180       0x10
 *(.gen_handler)
 .gen_handler   0x9d03f180       0x10 C:\Users\Ed\AppData\Local\Temp\ccF9Sb48.o

.vector_0       0x9d03f200        0x8
 *(.vector_0)
 .vector_0      0x9d03f200        0x8 c:/program files/microchip/xc32/v2.41/bin/bin/../../lib/gcc/pic32mx/4.8.3/../../../../pic32mx/lib\libpic32.a(vector0.o)
                0x9d03f200                __vector_dispatch_0
                0x00000001                ASSERT (((_vector_spacing == 0x0) || (SIZEOF (.vector_0) <= (_vector_spacing << 0x5))), function at exception vector 0 too large)

.vector_1       0x9d03f220        0x8
 *(.vector_1)
 .vector_1      0x9d03f220        0x8 c:/program files/microchip/xc32/v2.41/bin/bin/../../lib/gcc/pic32mx/4.8.3/../../../../pic32mx/lib\libpic32.a(vector1.o)
                0x9d03f220                __vector_dispatch_1
                0x00000001                ASSERT (((_vector_spacing == 0x0) || (SIZEOF (.vector_1) <= (_vector_spacing << 0x5))), function at exception vector 1 too large)

.vector_2       0x9d03f240        0x8
 *(.vector_2)
 .vector_2      0x9d03f240        0x8 c:/program files/microchip/xc32/v2.41/bin/bin/../../lib/gcc/pic32mx/4.8.3/../../../../pic32mx/lib\libpic32.a(vector2.o)
                0x9d03f240                __vector_dispatch_2
                0x00000001                ASSERT (((_vector_spacing == 0x0) || (SIZEOF (.vector_2) <= (_vector_spacing << 0x5))), function at exception vector 2 too large)

.vector_3       0x9d03f260        0x8
 *(.vector_3)
 .vector_3      0x9d03f260        0x8 c:/program files/microchip/xc32/v2.41/bin/bin/../../lib/gcc/pic32mx/4.8.3/../../../../pic32mx/lib\libpic32.a(vector3.o)
                0x9d03f260                __vector_dispatch_3
                0x00000001                ASSERT (((_vector_spacing == 0x0) || (SIZEOF (.vector_3) <= (_vector_spacing << 0x5))), function at exception vector 3 too large)

.vector_4       0x9d03f280        0x8
 *(.vector_4)
 .vector_4      0x9d03f280        0x8 build/default/production/u8g2/common.o
                0x9d03f280                __vector_dispatch_4
                0x00000001                ASSERT (((_vector_spacing == 0x0) || (SIZEOF (.vector_4) <= (_vector_spacing << 0x5))), function at exception vector 4 too large)

.vector_5       0x9d03f2a0        0x8
 *(.vector_5)
 .vector_5      0x9d03f2a0        0x8 c:/program files/microchip/xc32/v2.41/bin/bin/../../lib/gcc/pic32mx/4.8.3/../../../../pic32mx/lib\libpic32.a(vector5.o)
                0x9d03f2a0                __vector_dispatch_5
                0x00000001                ASSERT (((_vector_spacing == 0x0) || (SIZEOF (.vector_5) <= (_vector_spacing << 0x5))), function at exception vector 5 too large)

.vector_6       0x9d03f2c0        0x8
 *(.vector_6)
 .vector_6      0x9d03f2c0        0x8 c:/program files/microchip/xc32/v2.41/bin/bin/../../lib/gcc/pic32mx/4.8.3/../../../../pic32mx/lib\libpic32.a(vector6.o)
                0x9d03f2c0                __vector_dispatch_6
                0x00000001                ASSERT (((_vector_spacing == 0x0) || (SIZEOF (.vector_6) <= (_vector_spacing << 0x5))), function at exception vector 6 too large)

.vector_7       0x9d03f2e0        0x8
 *(.vector_7)
 .vector_7      0x9d03f2e0        0x8 c:/program files/microchip/xc32/v2.41/bin/bin/../../lib/gcc/pic32mx/4.8.3/../../../../pic32mx/lib\libpic32.a(vector7.o)
                0x9d03f2e0                __vector_dispatch_7
                0x00000001                ASSERT (((_vector_spacing == 0x0) || (SIZEOF (.vector_7) <= (_vector_spacing << 0x5))), function at exception vector 7 too large)

.vector_8       0x9d03f300        0x8
 *(.vector_8)
 .vector_8      0x9d03f300        0x8 c:/program files/microchip/xc32/v2.41/bin/bin/../../lib/gcc/pic32mx/4.8.3/../../../../pic32mx/lib\libpic32.a(vector8.o)
                0x9d03f300                __vector_dispatch_8
                0x00000001                ASSERT (((_vector_spacing == 0x0) || (SIZEOF (.vector_8) <= (_vector_spacing << 0x5))), function at exception vector 8 too large)

.vector_9       0x9d03f320        0x8
 *(.vector_9)
 .vector_9      0x9d03f320        0x8 c:/program files/microchip/xc32/v2.41/bin/bin/../../lib/gcc/pic32mx/4.8.3/../../../../pic32mx/lib\libpic32.a(vector9.o)
                0x9d03f320                __vector_dispatch_9
                0x00000001                ASSERT (((_vector_spacing == 0x0) || (SIZEOF (.vector_9) <= (_vector_spacing << 0x5))), function at exception vector 9 too large)

.vector_10      0x9d03f340        0x8
 *(.vector_10)
 .vector_10     0x9d03f340        0x8 c:/program files/microchip/xc32/v2.41/bin/bin/../../lib/gcc/pic32mx/4.8.3/../../../../pic32mx/lib\libpic32.a(vector10.o)
                0x9d03f340                __vector_dispatch_10
                0x00000001                ASSERT (((_vector_spacing == 0x0) || (SIZEOF (.vector_10) <= (_vector_spacing << 0x5))), function at exception vector 10 too large)

.vector_11      0x9d03f360        0x8
 *(.vector_11)
 .vector_11     0x9d03f360        0x8 c:/program files/microchip/xc32/v2.41/bin/bin/../../lib/gcc/pic32mx/4.8.3/../../../../pic32mx/lib\libpic32.a(vector11.o)
                0x9d03f360                __vector_dispatch_11
                0x00000001                ASSERT (((_vector_spacing == 0x0) || (SIZEOF (.vector_11) <= (_vector_spacing << 0x5))), function at exception vector 11 too large)

.vector_12      0x9d03f380        0x8
 *(.vector_12)
 .vector_12     0x9d03f380        0x8 c:/program files/microchip/xc32/v2.41/bin/bin/../../lib/gcc/pic32mx/4.8.3/../../../../pic32mx/lib\libpic32.a(vector12.o)
                0x9d03f380                __vector_dispatch_12
                0x00000001                ASSERT (((_vector_spacing == 0x0) || (SIZEOF (.vector_12) <= (_vector_spacing << 0x5))), function at exception vector 12 too large)

.vector_13      0x9d03f3a0        0x8
 *(.vector_13)
 .vector_13     0x9d03f3a0        0x8 c:/program files/microchip/xc32/v2.41/bin/bin/../../lib/gcc/pic32mx/4.8.3/../../../../pic32mx/lib\libpic32.a(vector13.o)
                0x9d03f3a0                __vector_dispatch_13
                0x00000001                ASSERT (((_vector_spacing == 0x0) || (SIZEOF (.vector_13) <= (_vector_spacing << 0x5))), function at exception vector 13 too large)

.vector_14      0x9d03f3c0        0x8
 *(.vector_14)
 .vector_14     0x9d03f3c0        0x8 c:/program files/microchip/xc32/v2.41/bin/bin/../../lib/gcc/pic32mx/4.8.3/../../../../pic32mx/lib\libpic32.a(vector14.o)
                0x9d03f3c0                __vector_dispatch_14
                0x00000001                ASSERT (((_vector_spacing == 0x0) || (SIZEOF (.vector_14) <= (_vector_spacing << 0x5))), function at exception vector 14 too large)

.vector_15      0x9d03f3e0        0x8
 *(.vector_15)
 .vector_15     0x9d03f3e0        0x8 c:/program files/microchip/xc32/v2.41/bin/bin/../../lib/gcc/pic32mx/4.8.3/../../../../pic32mx/lib\libpic32.a(vector15.o)
                0x9d03f3e0                __vector_dispatch_15
                0x00000001                ASSERT (((_vector_spacing == 0x0) || (SIZEOF (.vector_15) <= (_vector_spacing << 0x5))), function at exception vector 15 too large)

.vector_16      0x9d03f400        0x8
 *(.vector_16)
 .vector_16     0x9d03f400        0x8 c:/program files/microchip/xc32/v2.41/bin/bin/../../lib/gcc/pic32mx/4.8.3/../../../../pic32mx/lib\libpic32.a(vector16.o)
                0x9d03f400                __vector_dispatch_16
                0x00000001                ASSERT (((_vector_spacing == 0x0) || (SIZEOF (.vector_16) <= (_vector_spacing << 0x5))), function at exception vector 16 too large)

.vector_17      0x9d03f420        0x8
 *(.vector_17)
 .vector_17     0x9d03f420        0x8 c:/program files/microchip/xc32/v2.41/bin/bin/../../lib/gcc/pic32mx/4.8.3/../../../../pic32mx/lib\libpic32.a(vector17.o)
                0x9d03f420                __vector_dispatch_17
                0x00000001                ASSERT (((_vector_spacing == 0x0) || (SIZEOF (.vector_17) <= (_vector_spacing << 0x5))), function at exception vector 17 too large)

.vector_18      0x9d03f440        0x8
 *(.vector_18)
 .vector_18     0x9d03f440        0x8 c:/program files/microchip/xc32/v2.41/bin/bin/../../lib/gcc/pic32mx/4.8.3/../../../../pic32mx/lib\libpic32.a(vector18.o)
                0x9d03f440                __vector_dispatch_18
                0x00000001                ASSERT (((_vector_spacing == 0x0) || (SIZEOF (.vector_18) <= (_vector_spacing << 0x5))), function at exception vector 18 too large)

.vector_19      0x9d03f460        0x8
 *(.vector_19)
 .vector_19     0x9d03f460        0x8 c:/program files/microchip/xc32/v2.41/bin/bin/../../lib/gcc/pic32mx/4.8.3/../../../../pic32mx/lib\libpic32.a(vector19.o)
                0x9d03f460                __vector_dispatch_19
                0x00000001                ASSERT (((_vector_spacing == 0x0) || (SIZEOF (.vector_19) <= (_vector_spacing << 0x5))), function at exception vector 19 too large)

.vector_20      0x9d03f480        0x8
 *(.vector_20)
 .vector_20     0x9d03f480        0x8 c:/program files/microchip/xc32/v2.41/bin/bin/../../lib/gcc/pic32mx/4.8.3/../../../../pic32mx/lib\libpic32.a(vector20.o)
                0x9d03f480                __vector_dispatch_20
                0x00000001                ASSERT (((_vector_spacing == 0x0) || (SIZEOF (.vector_20) <= (_vector_spacing << 0x5))), function at exception vector 20 too large)

.vector_21      0x9d03f4a0        0x8
 *(.vector_21)
 .vector_21     0x9d03f4a0        0x8 c:/program files/microchip/xc32/v2.41/bin/bin/../../lib/gcc/pic32mx/4.8.3/../../../../pic32mx/lib\libpic32.a(vector21.o)
                0x9d03f4a0                __vector_dispatch_21
                0x00000001                ASSERT (((_vector_spacing == 0x0) || (SIZEOF (.vector_21) <= (_vector_spacing << 0x5))), function at exception vector 21 too large)

.vector_22      0x9d03f4c0        0x8
 *(.vector_22)
 .vector_22     0x9d03f4c0        0x8 c:/program files/microchip/xc32/v2.41/bin/bin/../../lib/gcc/pic32mx/4.8.3/../../../../pic32mx/lib\libpic32.a(vector22.o)
                0x9d03f4c0                __vector_dispatch_22
                0x00000001                ASSERT (((_vector_spacing == 0x0) || (SIZEOF (.vector_22) <= (_vector_spacing << 0x5))), function at exception vector 22 too large)

.vector_23      0x9d03f4e0        0x8
 *(.vector_23)
 .vector_23     0x9d03f4e0        0x8 c:/program files/microchip/xc32/v2.41/bin/bin/../../lib/gcc/pic32mx/4.8.3/../../../../pic32mx/lib\libpic32.a(vector23.o)
                0x9d03f4e0                __vector_dispatch_23
                0x00000001                ASSERT (((_vector_spacing == 0x0) || (SIZEOF (.vector_23) <= (_vector_spacing << 0x5))), function at exception vector 23 too large)

.vector_24      0x9d03f500        0x8
 *(.vector_24)
 .vector_24     0x9d03f500        0x8 c:/program files/microchip/xc32/v2.41/bin/bin/../../lib/gcc/pic32mx/4.8.3/../../../../pic32mx/lib\libpic32.a(vector24.o)
                0x9d03f500                __vector_dispatch_24
                0x00000001                ASSERT (((_vector_spacing == 0x0) || (SIZEOF (.vector_24) <= (_vector_spacing << 0x5))), function at exception vector 24 too large)

.vector_25      0x9d03f520        0x8
 *(.vector_25)
 .vector_25     0x9d03f520        0x8 c:/program files/microchip/xc32/v2.41/bin/bin/../../lib/gcc/pic32mx/4.8.3/../../../../pic32mx/lib\libpic32.a(vector25.o)
                0x9d03f520                __vector_dispatch_25
                0x00000001                ASSERT (((_vector_spacing == 0x0) || (SIZEOF (.vector_25) <= (_vector_spacing << 0x5))), function at exception vector 25 too large)

.vector_26      0x9d03f540        0x8
 *(.vector_26)
 .vector_26     0x9d03f540        0x8 c:/program files/microchip/xc32/v2.41/bin/bin/../../lib/gcc/pic32mx/4.8.3/../../../../pic32mx/lib\libpic32.a(vector26.o)
                0x9d03f540                __vector_dispatch_26
                0x00000001                ASSERT (((_vector_spacing == 0x0) || (SIZEOF (.vector_26) <= (_vector_spacing << 0x5))), function at exception vector 26 too large)

.vector_27      0x9d03f560        0x8
 *(.vector_27)
 .vector_27     0x9d03f560        0x8 c:/program files/microchip/xc32/v2.41/bin/bin/../../lib/gcc/pic32mx/4.8.3/../../../../pic32mx/lib\libpic32.a(vector27.o)
                0x9d03f560                __vector_dispatch_27
                0x00000001                ASSERT (((_vector_spacing == 0x0) || (SIZEOF (.vector_27) <= (_vector_spacing << 0x5))), function at exception vector 27 too large)

.vector_28      0x9d03f580        0x8
 *(.vector_28)
 .vector_28     0x9d03f580        0x8 c:/program files/microchip/xc32/v2.41/bin/bin/../../lib/gcc/pic32mx/4.8.3/../../../../pic32mx/lib\libpic32.a(vector28.o)
                0x9d03f580                __vector_dispatch_28
                0x00000001                ASSERT (((_vector_spacing == 0x0) || (SIZEOF (.vector_28) <= (_vector_spacing << 0x5))), function at exception vector 28 too large)

.vector_29      0x9d03f5a0        0x8
 *(.vector_29)
 .vector_29     0x9d03f5a0        0x8 c:/program files/microchip/xc32/v2.41/bin/bin/../../lib/gcc/pic32mx/4.8.3/../../../../pic32mx/lib\libpic32.a(vector29.o)
                0x9d03f5a0                __vector_dispatch_29
                0x00000001                ASSERT (((_vector_spacing == 0x0) || (SIZEOF (.vector_29) <= (_vector_spacing << 0x5))), function at exception vector 29 too large)

.vector_30      0x9d03f5c0        0x8
 *(.vector_30)
 .vector_30     0x9d03f5c0        0x8 c:/program files/microchip/xc32/v2.41/bin/bin/../../lib/gcc/pic32mx/4.8.3/../../../../pic32mx/lib\libpic32.a(vector30.o)
                0x9d03f5c0                __vector_dispatch_30
                0x00000001                ASSERT (((_vector_spacing == 0x0) || (SIZEOF (.vector_30) <= (_vector_spacing << 0x5))), function at exception vector 30 too large)

.vector_31      0x9d03f5e0        0x8
 *(.vector_31)
 .vector_31     0x9d03f5e0        0x8 c:/program files/microchip/xc32/v2.41/bin/bin/../../lib/gcc/pic32mx/4.8.3/../../../../pic32mx/lib\libpic32.a(vector31.o)
                0x9d03f5e0                __vector_dispatch_31
                0x00000001                ASSERT (((_vector_spacing == 0x0) || (SIZEOF (.vector_31) <= (_vector_spacing << 0x5))), function at exception vector 31 too large)

.vector_32      0x9d03f600        0x8
 *(.vector_32)
 .vector_32     0x9d03f600        0x8 c:/program files/microchip/xc32/v2.41/bin/bin/../../lib/gcc/pic32mx/4.8.3/../../../../pic32mx/lib\libpic32.a(vector32.o)
                0x9d03f600                __vector_dispatch_32
                0x00000001                ASSERT (((_vector_spacing == 0x0) || (SIZEOF (.vector_32) <= (_vector_spacing << 0x5))), function at exception vector 32 too large)

.vector_33      0x9d03f620        0x8
 *(.vector_33)
 .vector_33     0x9d03f620        0x8 c:/program files/microchip/xc32/v2.41/bin/bin/../../lib/gcc/pic32mx/4.8.3/../../../../pic32mx/lib\libpic32.a(vector33.o)
                0x9d03f620                __vector_dispatch_33
                0x00000001                ASSERT (((_vector_spacing == 0x0) || (SIZEOF (.vector_33) <= (_vector_spacing << 0x5))), function at exception vector 33 too large)

.vector_34      0x9d03f640        0x8
 *(.vector_34)
 .vector_34     0x9d03f640        0x8 c:/program files/microchip/xc32/v2.41/bin/bin/../../lib/gcc/pic32mx/4.8.3/../../../../pic32mx/lib\libpic32.a(vector34.o)
                0x9d03f640                __vector_dispatch_34
                0x00000001                ASSERT (((_vector_spacing == 0x0) || (SIZEOF (.vector_34) <= (_vector_spacing << 0x5))), function at exception vector 34 too large)

.vector_35      0x9d03f660        0x8
 *(.vector_35)
 .vector_35     0x9d03f660        0x8 c:/program files/microchip/xc32/v2.41/bin/bin/../../lib/gcc/pic32mx/4.8.3/../../../../pic32mx/lib\libpic32.a(vector35.o)
                0x9d03f660                __vector_dispatch_35
                0x00000001                ASSERT (((_vector_spacing == 0x0) || (SIZEOF (.vector_35) <= (_vector_spacing << 0x5))), function at exception vector 35 too large)

.vector_36      0x9d03f680        0x8
 *(.vector_36)
 .vector_36     0x9d03f680        0x8 c:/program files/microchip/xc32/v2.41/bin/bin/../../lib/gcc/pic32mx/4.8.3/../../../../pic32mx/lib\libpic32.a(vector36.o)
                0x9d03f680                __vector_dispatch_36
                0x00000001                ASSERT (((_vector_spacing == 0x0) || (SIZEOF (.vector_36) <= (_vector_spacing << 0x5))), function at exception vector 36 too large)

.vector_37      0x9d03f6a0        0x8
 *(.vector_37)
 .vector_37     0x9d03f6a0        0x8 c:/program files/microchip/xc32/v2.41/bin/bin/../../lib/gcc/pic32mx/4.8.3/../../../../pic32mx/lib\libpic32.a(vector37.o)
                0x9d03f6a0                __vector_dispatch_37
                0x00000001                ASSERT (((_vector_spacing == 0x0) || (SIZEOF (.vector_37) <= (_vector_spacing << 0x5))), function at exception vector 37 too large)

.vector_38      0x9d03f6c0        0x8
 *(.vector_38)
 .vector_38     0x9d03f6c0        0x8 c:/program files/microchip/xc32/v2.41/bin/bin/../../lib/gcc/pic32mx/4.8.3/../../../../pic32mx/lib\libpic32.a(vector38.o)
                0x9d03f6c0                __vector_dispatch_38
                0x00000001                ASSERT (((_vector_spacing == 0x0) || (SIZEOF (.vector_38) <= (_vector_spacing << 0x5))), function at exception vector 38 too large)

.vector_39      0x9d03f6e0        0x8
 *(.vector_39)
 .vector_39     0x9d03f6e0        0x8 c:/program files/microchip/xc32/v2.41/bin/bin/../../lib/gcc/pic32mx/4.8.3/../../../../pic32mx/lib\libpic32.a(vector39.o)
                0x9d03f6e0                __vector_dispatch_39
                0x00000001                ASSERT (((_vector_spacing == 0x0) || (SIZEOF (.vector_39) <= (_vector_spacing << 0x5))), function at exception vector 39 too large)

.vector_40      0x9d03f700        0x8
 *(.vector_40)
 .vector_40     0x9d03f700        0x8 c:/program files/microchip/xc32/v2.41/bin/bin/../../lib/gcc/pic32mx/4.8.3/../../../../pic32mx/lib\libpic32.a(vector40.o)
                0x9d03f700                __vector_dispatch_40
                0x00000001                ASSERT (((_vector_spacing == 0x0) || (SIZEOF (.vector_40) <= (_vector_spacing << 0x5))), function at exception vector 40 too large)

.vector_41      0x9d03f720        0x8
 *(.vector_41)
 .vector_41     0x9d03f720        0x8 c:/program files/microchip/xc32/v2.41/bin/bin/../../lib/gcc/pic32mx/4.8.3/../../../../pic32mx/lib\libpic32.a(vector41.o)
                0x9d03f720                __vector_dispatch_41
                0x00000001                ASSERT (((_vector_spacing == 0x0) || (SIZEOF (.vector_41) <= (_vector_spacing << 0x5))), function at exception vector 41 too large)

.vector_42      0x9d03f740        0x8
 *(.vector_42)
 .vector_42     0x9d03f740        0x8 c:/program files/microchip/xc32/v2.41/bin/bin/../../lib/gcc/pic32mx/4.8.3/../../../../pic32mx/lib\libpic32.a(vector42.o)
                0x9d03f740                __vector_dispatch_42
                0x00000001                ASSERT (((_vector_spacing == 0x0) || (SIZEOF (.vector_42) <= (_vector_spacing << 0x5))), function at exception vector 42 too large)

.vector_43      0x9d03f760        0x8
 *(.vector_43)
 .vector_43     0x9d03f760        0x8 c:/program files/microchip/xc32/v2.41/bin/bin/../../lib/gcc/pic32mx/4.8.3/../../../../pic32mx/lib\libpic32.a(vector43.o)
                0x9d03f760                __vector_dispatch_43
                0x00000001                ASSERT (((_vector_spacing == 0x0) || (SIZEOF (.vector_43) <= (_vector_spacing << 0x5))), function at exception vector 43 too large)

.vector_44      0x9d03f780        0x0
 *(.vector_44)
                0x00000001                ASSERT (((_vector_spacing == 0x0) || (SIZEOF (.vector_44) <= (_vector_spacing << 0x5))), function at exception vector 44 too large)

.vector_45      0x9d03f7a0        0x0
 *(.vector_45)
                0x00000001                ASSERT (((_vector_spacing == 0x0) || (SIZEOF (.vector_45) <= (_vector_spacing << 0x5))), function at exception vector 45 too large)

.vector_46      0x9d03f7c0        0x0
 *(.vector_46)
                0x00000001                ASSERT (((_vector_spacing == 0x0) || (SIZEOF (.vector_46) <= (_vector_spacing << 0x5))), function at exception vector 46 too large)

.vector_47      0x9d03f7e0        0x0
 *(.vector_47)
                0x00000001                ASSERT (((_vector_spacing == 0x0) || (SIZEOF (.vector_47) <= (_vector_spacing << 0x5))), function at exception vector 47 too large)

.vector_48      0x9d03f800        0x0
 *(.vector_48)
                0x00000001                ASSERT (((_vector_spacing == 0x0) || (SIZEOF (.vector_48) <= (_vector_spacing << 0x5))), function at exception vector 48 too large)

.vector_49      0x9d03f820        0x0
 *(.vector_49)
                0x00000001                ASSERT (((_vector_spacing == 0x0) || (SIZEOF (.vector_49) <= (_vector_spacing << 0x5))), function at exception vector 49 too large)

.vector_50      0x9d03f840        0x0
 *(.vector_50)
                0x00000001                ASSERT (((_vector_spacing == 0x0) || (SIZEOF (.vector_50) <= (_vector_spacing << 0x5))), function at exception vector 50 too large)

.vector_51      0x9d03f860        0x0
 *(.vector_51)
                0x00000001                ASSERT (((_vector_spacing == 0x0) || (SIZEOF (.vector_51) <= (_vector_spacing << 0x5))), function at exception vector 51 too large)

.vector_52      0x9d03f880        0x0
 *(.vector_52)
                0x00000001                ASSERT (((_vector_spacing == 0x0) || (SIZEOF (.vector_52) <= (_vector_spacing << 0x5))), function at exception vector 52 too large)

.vector_53      0x9d03f8a0        0x0
 *(.vector_53)
                0x00000001                ASSERT (((_vector_spacing == 0x0) || (SIZEOF (.vector_53) <= (_vector_spacing << 0x5))), function at exception vector 53 too large)

.vector_54      0x9d03f8c0        0x0
 *(.vector_54)
                0x00000001                ASSERT (((_vector_spacing == 0x0) || (SIZEOF (.vector_54) <= (_vector_spacing << 0x5))), function at exception vector 54 too large)

.vector_55      0x9d03f8e0        0x0
 *(.vector_55)
                0x00000001                ASSERT (((_vector_spacing == 0x0) || (SIZEOF (.vector_55) <= (_vector_spacing << 0x5))), function at exception vector 55 too large)

.vector_56      0x9d03f900        0x0
 *(.vector_56)
                0x00000001                ASSERT (((_vector_spacing == 0x0) || (SIZEOF (.vector_56) <= (_vector_spacing << 0x5))), function at exception vector 56 too large)

.vector_57      0x9d03f920        0x0
 *(.vector_57)
                0x00000001                ASSERT (((_vector_spacing == 0x0) || (SIZEOF (.vector_57) <= (_vector_spacing << 0x5))), function at exception vector 57 too large)

.vector_58      0x9d03f940        0x0
 *(.vector_58)
                0x00000001                ASSERT (((_vector_spacing == 0x0) || (SIZEOF (.vector_58) <= (_vector_spacing << 0x5))), function at exception vector 58 too large)

.vector_59      0x9d03f960        0x0
 *(.vector_59)
                0x00000001                ASSERT (((_vector_spacing == 0x0) || (SIZEOF (.vector_59) <= (_vector_spacing << 0x5))), function at exception vector 59 too large)

.vector_60      0x9d03f980        0x0
 *(.vector_60)
                0x00000001                ASSERT (((_vector_spacing == 0x0) || (SIZEOF (.vector_60) <= (_vector_spacing << 0x5))), function at exception vector 60 too large)

.vector_61      0x9d03f9a0        0x0
 *(.vector_61)
                0x00000001                ASSERT (((_vector_spacing == 0x0) || (SIZEOF (.vector_61) <= (_vector_spacing << 0x5))), function at exception vector 61 too large)

.vector_62      0x9d03f9c0        0x0
 *(.vector_62)
                0x00000001                ASSERT (((_vector_spacing == 0x0) || (SIZEOF (.vector_62) <= (_vector_spacing << 0x5))), function at exception vector 62 too large)

.vector_63      0x9d03f9e0        0x0
 *(.vector_63)
                0x00000001                ASSERT (((_vector_spacing == 0x0) || (SIZEOF (.vector_63) <= (_vector_spacing << 0x5))), function at exception vector 63 too large)

.startup
 *(.startup)

.text           0x9d000000        0x0
 *(.stub .gnu.linkonce.t.*)
 *(.text.*personality*)
 *(.mips16.fn.*)
 *(.mips16.call.*)
 *(.gnu.warning)
                0x9d000000                . = ALIGN (0x4)

.init           0x9d000000        0x0
 *crti.o(.init)
 *crtbegin.o(.init)
 *(EXCLUDE_FILE(*crtn.o *crtend?.o *crtend.o) .init)
 *crtend.o(.init)
 *crtn.o(.init)
                0x9d000000                . = ALIGN (0x4)

.fini           0x9d000000        0x0
 *(.fini)
                0x9d000000                . = ALIGN (0x4)

.preinit_array  0x9d000000        0x0
                0x9d000000                PROVIDE (__preinit_array_start, .)
 *(.preinit_array)
                0x9d000000                PROVIDE (__preinit_array_end, .)
                0x9d000000                . = ALIGN (0x4)

.init_array     0x9d000000        0x0
                0x9d000000                PROVIDE (__init_array_start, .)
 *(SORT(.init_array.*))
 *(.init_array)
                0x9d000000                PROVIDE (__init_array_end, .)
                0x9d000000                . = ALIGN (0x4)

.fini_array     0x9d000000        0x0
                0x9d000000                PROVIDE (__fini_array_start, .)
 *(SORT(.fini_array.*))
 *(.fini_array)
                0x9d000000                PROVIDE (__fini_array_end, .)
                0x9d000000                . = ALIGN (0x4)

.ctors          0x9d000000        0x0
 *crtbegin.o(.ctors)
 *crtbegin?.o(.ctors)
 *(EXCLUDE_FILE(*crtend?.o *crtend.o) .ctors)
 *(SORT(.ctors.*))
 *(.ctors)
                0x9d000000                . = ALIGN (0x4)

.dtors          0x9d000000        0x0
 *crtbegin.o(.dtors)
 *crtbegin?.o(.dtors)
 *(EXCLUDE_FILE(*crtend?.o *crtend.o) .dtors)
 *(SORT(.dtors.*))
 *(.dtors)
                0x9d000000                . = ALIGN (0x4)

.rodata         0x9d000000        0x0
 *(.gnu.linkonce.r.*)
 *(.rodata1)
                0x9d000000                . = ALIGN (0x4)

.sdata2         0x9fc00490        0x0
 *(.sdata2 .sdata2.* .gnu.linkonce.s2.*)
                0x9fc00490                . = ALIGN (0x4)

.sbss2          0x9fc00490        0x0
 *(.sbss2 .sbss2.* .gnu.linkonce.sb2.*)
                0x9fc00490                . = ALIGN (0x4)

.eh_frame_hdr
 *(.eh_frame_hdr)
                0x9fc00490                . = ALIGN (0x4)

.eh_frame
 *(.eh_frame)
                0x9fc00490                . = ALIGN (0x4)

.gcc_except_table
 *(.gcc_except_table .gcc_except_table.*)
                0x9fc00490                . = ALIGN (0x4)

.dbg_data       0xa0000000        0x0
                0xa0000000                . = (. + DEFINED (_DEBUGGER)?0x200:0x0)

.jcr            0xa0000000        0x0
 *(.jcr)
                0xa0000000                . = ALIGN (0x4)

.eh_frame
 *(.eh_frame)
                0xa0000000                . = ALIGN (0x4)

.gcc_except_table
 *(.gcc_except_table .gcc_except_table.*)
                0xa0000000                . = ALIGN (0x4)

.persist        0xa0000000        0x0
                0xa0000000                _persist_begin = .
 *(.persist .persist.*)
 *(.pbss .pbss.*)
                0xa0000000                . = ALIGN (0x4)
                0xa0000000                _persist_end = .

.data           0xa0000000        0x0
 *(.gnu.linkonce.d.*)
 *(.data1)
                0xa0000000                . = ALIGN (0x4)
                0xa0000000                . = .
                0xa0007ff0                _gp = (ALIGN (0x10) + 0x7ff0)

.got            0xa0000000        0x0
 *(.got.plt)
 *(.got)
                0xa0000000                . = ALIGN (0x4)

.sdata          0xa0000000        0x8
                0xa0000000                _sdata_begin = .
 *(.sdata .sdata.* .gnu.linkonce.s.*)
 .sdata         0xa0000000        0x2 build/default/production/u8g2/u8g2_TestHarness_main.o
 *fill*         0xa0000002        0x2 
 .sdata         0xa0000004        0x4 c:/program files/microchip/xc32/v2.41/bin/bin/../../lib/gcc/pic32mx/4.8.3/../../../../pic32mx/lib\libpic32.a(xc32_uart.o)
                0xa0000004                __XC_UART
                0xa0000008                . = ALIGN (0x4)
                0xa0000008                _sdata_end = .

.lit8
 *(.lit8)

.lit4
 *(.lit4)
                0xa0000008                . = ALIGN (0x4)
                0xa0000008                _data_end = .
                0xa0000008                _bss_begin = .

.sbss           0xa0000008       0x3c
                0xa0000008                _sbss_begin = .
 *(.dynsbss)
 *(.sbss .sbss.* .gnu.linkonce.sb.*)
 .sbss          0xa0000008       0x10 build/default/production/FrameworkSource/ES_Timers.o
 .sbss          0xa0000018        0x8 build/default/production/FrameworkSource/ES_Framework.o
 .sbss          0xa0000020        0x4 build/default/production/u8g2/common.o
 .sbss          0xa0000024        0x8 build/default/production/u8g2/u8g2_setup.o
 .sbss          0xa000002c        0x2 build/default/production/u8g2/u8x8_byte.o
 .sbss          0xa000002e        0x4 build/default/production/u8g2/u8x8_cad.o
 *fill*         0xa0000032        0x2 
 .sbss          0xa0000034        0x8 build/default/production/u8g2/u8x8_u16toa.o
 .sbss          0xa000003c        0x4 build/default/production/u8g2/u8x8_u8toa.o
 .sbss          0xa0000040        0x2 build/default/production/u8g2/u8g2_TestHarness_main.o
 *(.scommon)
 .scommon       0xa0000042        0x2 build/default/production/FrameworkSource/ES_Framework.o
                0xa0000042                Ready
                0xa0000044                _sbss_end = .
                0xa0000044                . = ALIGN (0x4)

.bss            0xa0000044       0x4c
 *(.dynbss)
 *(COMMON)
 COMMON         0xa0000044       0x4c build/default/production/u8g2/u8g2_polygon.o
                0xa0000044                u8g2_pg
                0xa0000090                . = ALIGN ((. != 0x0)?0x4:0x1)
                0xa0000090                . = ALIGN (0x4)
                0xa0000090                _end = .
                0xa0000090                _bss_end = .
                0x00010000                _bmxdudba_address = 0x10000
                0x00010000                _bmxdupba_address = 0x10000

/DISCARD/
 *(.pdr)
 *(.rel.dyn)
 *(.note.GNU-stack)
 *(.note.GNU-stack)
 *(.gnu_debuglink)
 *(.gnu.lto_*)
 *(.discard)

.gptab.sdata
 *(.gptab.data)
 *(.gptab.sdata)

.gptab.sbss
 *(.gptab.bss)
 *(.gptab.sbss)

.mdebug.abi32   0xa0000090        0x0
 *(.mdebug.abi32)
 .mdebug.abi32  0xa0000090        0x0 build/default/production/FrameworkSource/ES_Timers.o
 .mdebug.abi32  0xa0000090        0x0 build/default/production/FrameworkSource/ES_LookupTables.o
 .mdebug.abi32  0xa0000090        0x0 build/default/production/FrameworkSource/ES_CheckEvents.o
 .mdebug.abi32  0xa0000090        0x0 build/default/production/FrameworkSource/ES_DeferRecall.o
 .mdebug.abi32  0xa0000090        0x0 build/default/production/FrameworkSource/ES_Framework.o
 .mdebug.abi32  0xa0000090        0x0 build/default/production/FrameworkSource/ES_Queue.o
 .mdebug.abi32  0xa0000090        0x0 build/default/production/FrameworkSource/ES_PostList.o
 .mdebug.abi32  0xa0000090        0x0 build/default/production/FrameworkSource/terminal.o
 .mdebug.abi32  0xa0000090        0x0 build/default/production/u8g2/common.o
 .mdebug.abi32  0xa0000090        0x0 build/default/production/u8g2/spi_master.o
 .mdebug.abi32  0xa0000090        0x0 build/default/production/u8g2/u8g2_bitmap.o
 .mdebug.abi32  0xa0000090        0x0 build/default/production/u8g2/u8g2_box.o
 .mdebug.abi32  0xa0000090        0x0 build/default/production/u8g2/u8g2_buffer.o
 .mdebug.abi32  0xa0000090        0x0 build/default/production/u8g2/u8g2_circle.o
 .mdebug.abi32  0xa0000090        0x0 build/default/production/u8g2/u8g2_cleardisplay.o
 .mdebug.abi32  0xa0000090        0x0 build/default/production/u8g2/u8g2_d_memory.o
 .mdebug.abi32  0xa0000090        0x0 build/default/production/u8g2/u8g2_d_setup.o
 .mdebug.abi32  0xa0000090        0x0 build/default/production/u8g2/u8g2_font.o
 .mdebug.abi32  0xa0000090        0x0 build/default/production/u8g2/u8g2_fonts.o
 .mdebug.abi32  0xa0000090        0x0 build/default/production/u8g2/u8g2_hvline.o
 .mdebug.abi32  0xa0000090        0x0 build/default/production/u8g2/u8g2_input_value.o
 .mdebug.abi32  0xa0000090        0x0 build/default/production/u8g2/u8g2_intersection.o
 .mdebug.abi32  0xa0000090        0x0 build/default/production/u8g2/u8g2_kerning.o
 .mdebug.abi32  0xa0000090        0x0 build/default/production/u8g2/u8g2_line.o
 .mdebug.abi32  0xa0000090        0x0 build/default/production/u8g2/u8g2_ll_hvline.o
 .mdebug.abi32  0xa0000090        0x0 build/default/production/u8g2/u8g2_message.o
 .mdebug.abi32  0xa0000090        0x0 build/default/production/u8g2/u8g2_pic32mz.o
 .mdebug.abi32  0xa0000090        0x0 build/default/production/u8g2/u8g2_polygon.o
 .mdebug.abi32  0xa0000090        0x0 build/default/production/u8g2/u8g2_selection_list.o
 .mdebug.abi32  0xa0000090        0x0 build/default/production/u8g2/u8g2_setup.o
 .mdebug.abi32  0xa0000090        0x0 build/default/production/u8g2/u8log.o
 .mdebug.abi32  0xa0000090        0x0 build/default/production/u8g2/u8log_u8g2.o
 .mdebug.abi32  0xa0000090        0x0 build/default/production/u8g2/u8log_u8x8.o
 .mdebug.abi32  0xa0000090        0x0 build/default/production/u8g2/u8x8_8x8.o
 .mdebug.abi32  0xa0000090        0x0 build/default/production/u8g2/u8x8_byte.o
 .mdebug.abi32  0xa0000090        0x0 build/default/production/u8g2/u8x8_cad.o
 .mdebug.abi32  0xa0000090        0x0 build/default/production/u8g2/u8x8_d_ssd1306_128x64_noname.o
 .mdebug.abi32  0xa0000090        0x0 build/default/production/u8g2/u8x8_debounce.o
 .mdebug.abi32  0xa0000090        0x0 build/default/production/u8g2/u8x8_display.o
 .mdebug.abi32  0xa0000090        0x0 build/default/production/u8g2/u8x8_fonts.o
 .mdebug.abi32  0xa0000090        0x0 build/default/production/u8g2/u8x8_gpio.o
 .mdebug.abi32  0xa0000090        0x0 build/default/production/u8g2/u8x8_input_value.o
 .mdebug.abi32  0xa0000090        0x0 build/default/production/u8g2/u8x8_message.o
 .mdebug.abi32  0xa0000090        0x0 build/default/production/u8g2/u8x8_selection_list.o
 .mdebug.abi32  0xa0000090        0x0 build/default/production/u8g2/u8x8_setup.o
 .mdebug.abi32  0xa0000090        0x0 build/default/production/u8g2/u8x8_string.o
 .mdebug.abi32  0xa0000090        0x0 build/default/production/u8g2/u8x8_u16toa.o
 .mdebug.abi32  0xa0000090        0x0 build/default/production/u8g2/u8x8_u8toa.o
 .mdebug.abi32  0xa0000090        0x0 build/default/production/u8g2/u8g2_TestHarness_main.o
 .mdebug.abi32  0xa0000090        0x0 c:/program files/microchip/xc32/v2.41/bin/bin/../../lib/gcc/pic32mx/4.8.3/../../../../pic32mx/lib\libpic32.a(default-bootstrap-exception-handler.o)
 .mdebug.abi32  0xa0000090        0x0 c:/program files/microchip/xc32/v2.41/bin/bin/../../lib/gcc/pic32mx/4.8.3/../../../../pic32mx/lib\libpic32.a(default-on-reset.o)
 .mdebug.abi32  0xa0000090        0x0 c:/program files/microchip/xc32/v2.41/bin/bin/../../lib/gcc/pic32mx/4.8.3/../../../../pic32mx/lib\libpic32.a(default-on-bootstrap.o)
 .mdebug.abi32  0xa0000090        0x0 c:/program files/microchip/xc32/v2.41/bin/bin/../../lib/gcc/pic32mx/4.8.3/../../../../pic32mx/lib\libpic32.a(xc32_uart.o)
 .mdebug.abi32  0xa0000090        0x0 c:/program files/microchip/xc32/v2.41/bin/bin/../../lib/gcc/pic32mx/4.8.3/../../../../pic32mx/lib\libpic32.a(default-general-exception-handler.o)
 .mdebug.abi32  0xa0000090        0x0 c:/program files/microchip/xc32/v2.41/bin/bin/../../lib/gcc/pic32mx/4.8.3/../../../../pic32mx/lib\libpic32.a(defaultinterrupt.o)

.mdebug.abiN32
 *(.mdebug.abiN32)

.mdebug.abi64
 *(.mdebug.abi64)

.mdebug.abiO64
 *(.mdebug.abiO64)

.mdebug.eabi32
 *(.mdebug.eabi32)

.mdebug.eabi64
 *(.mdebug.eabi64)

.gcc_compiled_long32
 *(.gcc_compiled_long32)

.gcc_compiled_long64
 *(.gcc_compiled_long64)

.stab
 *(.stab)

.stabstr
 *(.stabstr)

.stab.excl
 *(.stab.excl)

.stab.exclstr
 *(.stab.exclstr)

.stab.index
 *(.stab.index)

.stab.indexstr
 *(.stab.indexstr)

.comment        0x00000000       0x54
 *(.comment)
 .comment       0x00000000       0x3c build/default/production/FrameworkSource/ES_Timers.o
                                 0x3d (size before relaxing)
 .comment       0x00000000       0x3d build/default/production/FrameworkSource/ES_LookupTables.o
 .comment       0x00000000       0x3d build/default/production/FrameworkSource/ES_CheckEvents.o
 .comment       0x00000000       0x3d build/default/production/FrameworkSource/ES_DeferRecall.o
 .comment       0x00000000       0x3d build/default/production/FrameworkSource/ES_Framework.o
 .comment       0x00000000       0x3d build/default/production/FrameworkSource/ES_Queue.o
 .comment       0x00000000       0x3d build/default/production/FrameworkSource/ES_PostList.o
 .comment       0x00000000       0x3d build/default/production/FrameworkSource/terminal.o
 .comment       0x00000000       0x3d build/default/production/u8g2/common.o
 .comment       0x00000000       0x3d build/default/production/u8g2/spi_master.o
 .comment       0x00000000       0x3d build/default/production/u8g2/u8g2_bitmap.o
 .comment       0x00000000       0x3d build/default/production/u8g2/u8g2_box.o
 .comment       0x00000000       0x3d build/default/production/u8g2/u8g2_buffer.o
 .comment       0x00000000       0x3d build/default/production/u8g2/u8g2_circle.o
 .comment       0x00000000       0x3d build/default/production/u8g2/u8g2_cleardisplay.o
 .comment       0x00000000       0x3d build/default/production/u8g2/u8g2_d_memory.o
 .comment       0x00000000       0x3d build/default/production/u8g2/u8g2_d_setup.o
 .comment       0x00000000       0x3d build/default/production/u8g2/u8g2_font.o
 .comment       0x00000000       0x3d build/default/production/u8g2/u8g2_fonts.o
 .comment       0x00000000       0x3d build/default/production/u8g2/u8g2_hvline.o
 .comment       0x00000000       0x3d build/default/production/u8g2/u8g2_input_value.o
 .comment       0x00000000       0x3d build/default/production/u8g2/u8g2_intersection.o
 .comment       0x00000000       0x3d build/default/production/u8g2/u8g2_kerning.o
 .comment       0x00000000       0x3d build/default/production/u8g2/u8g2_line.o
 .comment       0x00000000       0x3d build/default/production/u8g2/u8g2_ll_hvline.o
 .comment       0x00000000       0x3d build/default/production/u8g2/u8g2_message.o
 .comment       0x00000000       0x3d build/default/production/u8g2/u8g2_pic32mz.o
 .comment       0x00000000       0x3d build/default/production/u8g2/u8g2_polygon.o
 .comment       0x00000000       0x3d build/default/production/u8g2/u8g2_selection_list.o
 .comment       0x00000000       0x3d build/default/production/u8g2/u8g2_setup.o
 .comment       0x00000000       0x3d build/default/production/u8g2/u8log.o
 .comment       0x00000000       0x3d build/default/production/u8g2/u8log_u8g2.o
 .comment       0x00000000       0x3d build/default/production/u8g2/u8log_u8x8.o
 .comment       0x00000000       0x3d build/default/production/u8g2/u8x8_8x8.o
 .comment       0x00000000       0x3d build/default/production/u8g2/u8x8_byte.o
 .comment       0x00000000       0x3d build/default/production/u8g2/u8x8_cad.o
 .comment       0x00000000       0x3d build/default/production/u8g2/u8x8_d_ssd1306_128x64_noname.o
 .comment       0x00000000       0x3d build/default/production/u8g2/u8x8_debounce.o
 .comment       0x00000000       0x3d build/default/production/u8g2/u8x8_display.o
 .comment       0x00000000       0x3d build/default/production/u8g2/u8x8_fonts.o
 .comment       0x00000000       0x3d build/default/production/u8g2/u8x8_gpio.o
 .comment       0x00000000       0x3d build/default/production/u8g2/u8x8_input_value.o
 .comment       0x00000000       0x3d build/default/production/u8g2/u8x8_message.o
 .comment       0x00000000       0x3d build/default/production/u8g2/u8x8_selection_list.o
 .comment       0x00000000       0x3d build/default/production/u8g2/u8x8_setup.o
 .comment       0x00000000       0x3d build/default/production/u8g2/u8x8_string.o
 .comment       0x00000000       0x3d build/default/production/u8g2/u8x8_u16toa.o
 .comment       0x00000000       0x3d build/default/production/u8g2/u8x8_u8toa.o
 .comment       0x00000000       0x3d build/default/production/u8g2/u8g2_TestHarness_main.o
 .comment       0x0000003c       0x18 c:/program files/microchip/xc32/v2.41/bin/bin/../../lib/gcc/pic32mx/4.8.3/../../../../pic32mx/lib\libpic32.a(memset.o)
                                 0x19 (size before relaxing)
 .comment       0x00000000       0x3d c:/program files/microchip/xc32/v2.41/bin/bin/../../lib/gcc/pic32mx/4.8.3/../../../../pic32mx/lib\libpic32.a(default-bootstrap-exception-handler.o)
 .comment       0x00000000       0x3d c:/program files/microchip/xc32/v2.41/bin/bin/../../lib/gcc/pic32mx/4.8.3/../../../../pic32mx/lib\libpic32.a(default-on-reset.o)
 .comment       0x00000000       0x3d c:/program files/microchip/xc32/v2.41/bin/bin/../../lib/gcc/pic32mx/4.8.3/../../../../pic32mx/lib\libpic32.a(default-on-bootstrap.o)
 .comment       0x00000000       0x3d c:/program files/microchip/xc32/v2.41/bin/bin/../../lib/gcc/pic32mx/4.8.3/../../../../pic32mx/lib\libpic32.a(xc32_uart.o)
 .comment       0x00000000       0x3d c:/program files/microchip/xc32/v2.41/bin/bin/../../lib/gcc/pic32mx/4.8.3/../../../../pic32mx/lib\libpic32.a(default-general-exception-handler.o)
 .comment       0x00000000       0x3d c:/program files/microchip/xc32/v2.41/bin/bin/../../lib/gcc/pic32mx/4.8.3/../../../../pic32mx/lib\libpic32.a(defaultinterrupt.o)

.debug
 *(.debug)

.line
 *(.line)

.debug_srcinfo
 *(.debug_srcinfo)

.debug_sfnames
 *(.debug_sfnames)

.debug_aranges  0x00000000      0x6a8
 *(.debug_aranges)
 .debug_aranges
                0x00000000       0x20 build/default/production/FrameworkSource/ES_Timers.o
 .debug_aranges
                0x00000020       0x20 build/default/production/FrameworkSource/ES_LookupTables.o
 .debug_aranges
                0x00000040       0x20 build/default/production/FrameworkSource/ES_CheckEvents.o
 .debug_aranges
                0x00000060       0x20 build/default/production/FrameworkSource/ES_DeferRecall.o
 .debug_aranges
                0x00000080       0x20 build/default/production/FrameworkSource/ES_Framework.o
 .debug_aranges
                0x000000a0       0x20 build/default/production/FrameworkSource/ES_Queue.o
 .debug_aranges
                0x000000c0       0x18 build/default/production/FrameworkSource/ES_PostList.o
 .debug_aranges
                0x000000d8       0x20 build/default/production/FrameworkSource/terminal.o
 .debug_aranges
                0x000000f8       0x20 build/default/production/u8g2/common.o
 .debug_aranges
                0x00000118       0x20 build/default/production/u8g2/spi_master.o
 .debug_aranges
                0x00000138       0x20 build/default/production/u8g2/u8g2_bitmap.o
 .debug_aranges
                0x00000158       0x20 build/default/production/u8g2/u8g2_box.o
 .debug_aranges
                0x00000178       0x20 build/default/production/u8g2/u8g2_buffer.o
 .debug_aranges
                0x00000198       0x20 build/default/production/u8g2/u8g2_circle.o
 .debug_aranges
                0x000001b8       0x20 build/default/production/u8g2/u8g2_cleardisplay.o
 .debug_aranges
                0x000001d8       0x20 build/default/production/u8g2/u8g2_d_memory.o
 .debug_aranges
                0x000001f8       0x20 build/default/production/u8g2/u8g2_d_setup.o
 .debug_aranges
                0x00000218       0x20 build/default/production/u8g2/u8g2_font.o
 .debug_aranges
                0x00000238       0x18 build/default/production/u8g2/u8g2_fonts.o
 .debug_aranges
                0x00000250       0x20 build/default/production/u8g2/u8g2_hvline.o
 .debug_aranges
                0x00000270       0x20 build/default/production/u8g2/u8g2_input_value.o
 .debug_aranges
                0x00000290       0x20 build/default/production/u8g2/u8g2_intersection.o
 .debug_aranges
                0x000002b0       0x20 build/default/production/u8g2/u8g2_kerning.o
 .debug_aranges
                0x000002d0       0x20 build/default/production/u8g2/u8g2_line.o
 .debug_aranges
                0x000002f0       0x20 build/default/production/u8g2/u8g2_ll_hvline.o
 .debug_aranges
                0x00000310       0x20 build/default/production/u8g2/u8g2_message.o
 .debug_aranges
                0x00000330       0x20 build/default/production/u8g2/u8g2_pic32mz.o
 .debug_aranges
                0x00000350       0x20 build/default/production/u8g2/u8g2_polygon.o
 .debug_aranges
                0x00000370       0x20 build/default/production/u8g2/u8g2_selection_list.o
 .debug_aranges
                0x00000390       0x20 build/default/production/u8g2/u8g2_setup.o
 .debug_aranges
                0x000003b0       0x20 build/default/production/u8g2/u8log.o
 .debug_aranges
                0x000003d0       0x20 build/default/production/u8g2/u8log_u8g2.o
 .debug_aranges
                0x000003f0       0x20 build/default/production/u8g2/u8log_u8x8.o
 .debug_aranges
                0x00000410       0x20 build/default/production/u8g2/u8x8_8x8.o
 .debug_aranges
                0x00000430       0x20 build/default/production/u8g2/u8x8_byte.o
 .debug_aranges
                0x00000450       0x20 build/default/production/u8g2/u8x8_cad.o
 .debug_aranges
                0x00000470       0x20 build/default/production/u8g2/u8x8_d_ssd1306_128x64_noname.o
 .debug_aranges
                0x00000490       0x20 build/default/production/u8g2/u8x8_debounce.o
 .debug_aranges
                0x000004b0       0x20 build/default/production/u8g2/u8x8_display.o
 .debug_aranges
                0x000004d0       0x18 build/default/production/u8g2/u8x8_fonts.o
 .debug_aranges
                0x000004e8       0x20 build/default/production/u8g2/u8x8_gpio.o
 .debug_aranges
                0x00000508       0x20 build/default/production/u8g2/u8x8_input_value.o
 .debug_aranges
                0x00000528       0x20 build/default/production/u8g2/u8x8_message.o
 .debug_aranges
                0x00000548       0x20 build/default/production/u8g2/u8x8_selection_list.o
 .debug_aranges
                0x00000568       0x20 build/default/production/u8g2/u8x8_setup.o
 .debug_aranges
                0x00000588       0x20 build/default/production/u8g2/u8x8_string.o
 .debug_aranges
                0x000005a8       0x20 build/default/production/u8g2/u8x8_u16toa.o
 .debug_aranges
                0x000005c8       0x20 build/default/production/u8g2/u8x8_u8toa.o
 .debug_aranges
                0x000005e8       0x20 build/default/production/u8g2/u8g2_TestHarness_main.o
 .debug_aranges
                0x00000608       0x20 c:/program files/microchip/xc32/v2.41/bin/bin/../../lib/gcc/pic32mx/4.8.3/../../../../pic32mx/lib\libpic32.a(default-bootstrap-exception-handler.o)
 .debug_aranges
                0x00000628       0x20 c:/program files/microchip/xc32/v2.41/bin/bin/../../lib/gcc/pic32mx/4.8.3/../../../../pic32mx/lib\libpic32.a(default-on-reset.o)
 .debug_aranges
                0x00000648       0x20 c:/program files/microchip/xc32/v2.41/bin/bin/../../lib/gcc/pic32mx/4.8.3/../../../../pic32mx/lib\libpic32.a(default-on-bootstrap.o)
 .debug_aranges
                0x00000668       0x20 c:/program files/microchip/xc32/v2.41/bin/bin/../../lib/gcc/pic32mx/4.8.3/../../../../pic32mx/lib\libpic32.a(default-general-exception-handler.o)
 .debug_aranges
                0x00000688       0x20 c:/program files/microchip/xc32/v2.41/bin/bin/../../lib/gcc/pic32mx/4.8.3/../../../../pic32mx/lib\libpic32.a(defaultinterrupt.o)

.debug_pubnames
 *(.debug_pubnames)

.debug_info     0x00000000    0x23061
 *(.debug_info .gnu.linkonce.wi.*)
 .debug_info    0x00000000      0x63b build/default/production/FrameworkSource/ES_Timers.o
 .debug_info    0x0000063b      0x273 build/default/production/FrameworkSource/ES_LookupTables.o
 .debug_info    0x000008ae      0x1d6 build/default/production/FrameworkSource/ES_CheckEvents.o
 .debug_info    0x00000a84      0x2ea build/default/production/FrameworkSource/ES_DeferRecall.o
 .debug_info    0x00000d6e      0x684 build/default/production/FrameworkSource/ES_Framework.o
 .debug_info    0x000013f2      0x475 build/default/production/FrameworkSource/ES_Queue.o
 .debug_info    0x00001867      0x15f build/default/production/FrameworkSource/ES_PostList.o
 .debug_info    0x000019c6      0xa5a build/default/production/FrameworkSource/terminal.o
 .debug_info    0x00002420      0xbb8 build/default/production/u8g2/common.o
 .debug_info    0x00002fd8      0x8ac build/default/production/u8g2/spi_master.o
 .debug_info    0x00003884     0x1193 build/default/production/u8g2/u8g2_bitmap.o
 .debug_info    0x00004a17     0x108f build/default/production/u8g2/u8g2_box.o
 .debug_info    0x00005aa6     0x1138 build/default/production/u8g2/u8g2_buffer.o
 .debug_info    0x00006bde     0x158a build/default/production/u8g2/u8g2_circle.o
 .debug_info    0x00008168      0xe5f build/default/production/u8g2/u8g2_cleardisplay.o
 .debug_info    0x00008fc7      0x20d build/default/production/u8g2/u8g2_d_memory.o
 .debug_info    0x000091d4      0xf20 build/default/production/u8g2/u8g2_d_setup.o
 .debug_info    0x0000a0f4     0x221e build/default/production/u8g2/u8g2_font.o
 .debug_info    0x0000c312      0x18a build/default/production/u8g2/u8g2_fonts.o
 .debug_info    0x0000c49c     0x10b8 build/default/production/u8g2/u8g2_hvline.o
 .debug_info    0x0000d554      0xf7a build/default/production/u8g2/u8g2_input_value.o
 .debug_info    0x0000e4ce      0xf09 build/default/production/u8g2/u8g2_intersection.o
 .debug_info    0x0000f3d7     0x1021 build/default/production/u8g2/u8g2_kerning.o
 .debug_info    0x000103f8      0xf08 build/default/production/u8g2/u8g2_line.o
 .debug_info    0x00011300      0xfc6 build/default/production/u8g2/u8g2_ll_hvline.o
 .debug_info    0x000122c6     0x1010 build/default/production/u8g2/u8g2_message.o
 .debug_info    0x000132d6      0x8fc build/default/production/u8g2/u8g2_pic32mz.o
 .debug_info    0x00013bd2     0x155d build/default/production/u8g2/u8g2_polygon.o
 .debug_info    0x0001512f     0x124e build/default/production/u8g2/u8g2_selection_list.o
 .debug_info    0x0001637d     0x15a1 build/default/production/u8g2/u8g2_setup.o
 .debug_info    0x0001791e      0x7c4 build/default/production/u8g2/u8log.o
 .debug_info    0x000180e2     0x109f build/default/production/u8g2/u8log_u8g2.o
 .debug_info    0x00019181      0x934 build/default/production/u8g2/u8log_u8x8.o
 .debug_info    0x00019ab5     0x1020 build/default/production/u8g2/u8x8_8x8.o
 .debug_info    0x0001aad5      0xed9 build/default/production/u8g2/u8x8_byte.o
 .debug_info    0x0001b9ae      0xf0e build/default/production/u8g2/u8x8_cad.o
 .debug_info    0x0001c8bc      0xc9c build/default/production/u8g2/u8x8_d_ssd1306_128x64_noname.o
 .debug_info    0x0001d558      0x762 build/default/production/u8g2/u8x8_debounce.o
 .debug_info    0x0001dcba      0xa93 build/default/production/u8g2/u8x8_display.o
 .debug_info    0x0001e74d      0x136 build/default/production/u8g2/u8x8_fonts.o
 .debug_info    0x0001e883      0x69b build/default/production/u8g2/u8x8_gpio.o
 .debug_info    0x0001ef1e      0x78a build/default/production/u8g2/u8x8_input_value.o
 .debug_info    0x0001f6a8      0x7f1 build/default/production/u8g2/u8x8_message.o
 .debug_info    0x0001fe99      0x938 build/default/production/u8g2/u8x8_selection_list.o
 .debug_info    0x000207d1      0x7d6 build/default/production/u8g2/u8x8_setup.o
 .debug_info    0x00020fa7      0x89b build/default/production/u8g2/u8x8_string.o
 .debug_info    0x00021842      0x24c build/default/production/u8g2/u8x8_u16toa.o
 .debug_info    0x00021a8e      0x268 build/default/production/u8g2/u8x8_u8toa.o
 .debug_info    0x00021cf6      0xefe build/default/production/u8g2/u8g2_TestHarness_main.o
 .debug_info    0x00022bf4       0xf4 c:/program files/microchip/xc32/v2.41/bin/bin/../../lib/gcc/pic32mx/4.8.3/../../../../pic32mx/lib\libpic32.a(default-bootstrap-exception-handler.o)
 .debug_info    0x00022ce8       0xcd c:/program files/microchip/xc32/v2.41/bin/bin/../../lib/gcc/pic32mx/4.8.3/../../../../pic32mx/lib\libpic32.a(default-on-reset.o)
 .debug_info    0x00022db5       0xd5 c:/program files/microchip/xc32/v2.41/bin/bin/../../lib/gcc/pic32mx/4.8.3/../../../../pic32mx/lib\libpic32.a(default-on-bootstrap.o)
 .debug_info    0x00022e8a       0xf0 c:/program files/microchip/xc32/v2.41/bin/bin/../../lib/gcc/pic32mx/4.8.3/../../../../pic32mx/lib\libpic32.a(default-general-exception-handler.o)
 .debug_info    0x00022f7a       0xe7 c:/program files/microchip/xc32/v2.41/bin/bin/../../lib/gcc/pic32mx/4.8.3/../../../../pic32mx/lib\libpic32.a(defaultinterrupt.o)

.debug_abbrev   0x00000000     0x374f
 *(.debug_abbrev)
 .debug_abbrev  0x00000000      0x14e build/default/production/FrameworkSource/ES_Timers.o
 .debug_abbrev  0x0000014e       0x90 build/default/production/FrameworkSource/ES_LookupTables.o
 .debug_abbrev  0x000001de       0x82 build/default/production/FrameworkSource/ES_CheckEvents.o
 .debug_abbrev  0x00000260       0xb0 build/default/production/FrameworkSource/ES_DeferRecall.o
 .debug_abbrev  0x00000310      0x13c build/default/production/FrameworkSource/ES_Framework.o
 .debug_abbrev  0x0000044c       0xf5 build/default/production/FrameworkSource/ES_Queue.o
 .debug_abbrev  0x00000541       0x1b build/default/production/FrameworkSource/ES_PostList.o
 .debug_abbrev  0x0000055c       0xf6 build/default/production/FrameworkSource/terminal.o
 .debug_abbrev  0x00000652      0x159 build/default/production/u8g2/common.o
 .debug_abbrev  0x000007ab      0x117 build/default/production/u8g2/spi_master.o
 .debug_abbrev  0x000008c2      0x14d build/default/production/u8g2/u8g2_bitmap.o
 .debug_abbrev  0x00000a0f      0x129 build/default/production/u8g2/u8g2_box.o
 .debug_abbrev  0x00000b38      0x158 build/default/production/u8g2/u8g2_buffer.o
 .debug_abbrev  0x00000c90      0x19b build/default/production/u8g2/u8g2_circle.o
 .debug_abbrev  0x00000e2b       0xec build/default/production/u8g2/u8g2_cleardisplay.o
 .debug_abbrev  0x00000f17       0x91 build/default/production/u8g2/u8g2_d_memory.o
 .debug_abbrev  0x00000fa8      0x133 build/default/production/u8g2/u8g2_d_setup.o
 .debug_abbrev  0x000010db      0x282 build/default/production/u8g2/u8g2_font.o
 .debug_abbrev  0x0000135d       0x52 build/default/production/u8g2/u8g2_fonts.o
 .debug_abbrev  0x000013af      0x13e build/default/production/u8g2/u8g2_hvline.o
 .debug_abbrev  0x000014ed      0x10e build/default/production/u8g2/u8g2_input_value.o
 .debug_abbrev  0x000015fb      0x10a build/default/production/u8g2/u8g2_intersection.o
 .debug_abbrev  0x00001705      0x119 build/default/production/u8g2/u8g2_kerning.o
 .debug_abbrev  0x0000181e       0xfb build/default/production/u8g2/u8g2_line.o
 .debug_abbrev  0x00001919      0x124 build/default/production/u8g2/u8g2_ll_hvline.o
 .debug_abbrev  0x00001a3d      0x128 build/default/production/u8g2/u8g2_message.o
 .debug_abbrev  0x00001b65      0x11a build/default/production/u8g2/u8g2_pic32mz.o
 .debug_abbrev  0x00001c7f      0x208 build/default/production/u8g2/u8g2_polygon.o
 .debug_abbrev  0x00001e87      0x16b build/default/production/u8g2/u8g2_selection_list.o
 .debug_abbrev  0x00001ff2      0x1b5 build/default/production/u8g2/u8g2_setup.o
 .debug_abbrev  0x000021a7      0x154 build/default/production/u8g2/u8log.o
 .debug_abbrev  0x000022fb      0x115 build/default/production/u8g2/u8log_u8g2.o
 .debug_abbrev  0x00002410      0x10f build/default/production/u8g2/u8log_u8x8.o
 .debug_abbrev  0x0000251f      0x212 build/default/production/u8g2/u8x8_8x8.o
 .debug_abbrev  0x00002731      0x1a9 build/default/production/u8g2/u8x8_byte.o
 .debug_abbrev  0x000028da      0x19e build/default/production/u8g2/u8x8_cad.o
 .debug_abbrev  0x00002a78      0x133 build/default/production/u8g2/u8x8_d_ssd1306_128x64_noname.o
 .debug_abbrev  0x00002bab      0x10c build/default/production/u8g2/u8x8_debounce.o
 .debug_abbrev  0x00002cb7      0x156 build/default/production/u8g2/u8x8_display.o
 .debug_abbrev  0x00002e0d       0x1b build/default/production/u8g2/u8x8_fonts.o
 .debug_abbrev  0x00002e28       0xb8 build/default/production/u8g2/u8x8_gpio.o
 .debug_abbrev  0x00002ee0       0xcb build/default/production/u8g2/u8x8_input_value.o
 .debug_abbrev  0x00002fab       0xe5 build/default/production/u8g2/u8x8_message.o
 .debug_abbrev  0x00003090      0x118 build/default/production/u8g2/u8x8_selection_list.o
 .debug_abbrev  0x000031a8      0x139 build/default/production/u8g2/u8x8_setup.o
 .debug_abbrev  0x000032e1      0x139 build/default/production/u8g2/u8x8_string.o
 .debug_abbrev  0x0000341a       0xa4 build/default/production/u8g2/u8x8_u16toa.o
 .debug_abbrev  0x000034be       0xa4 build/default/production/u8g2/u8x8_u8toa.o
 .debug_abbrev  0x00003562      0x125 build/default/production/u8g2/u8g2_TestHarness_main.o
 .debug_abbrev  0x00003687       0x28 c:/program files/microchip/xc32/v2.41/bin/bin/../../lib/gcc/pic32mx/4.8.3/../../../../pic32mx/lib\libpic32.a(default-bootstrap-exception-handler.o)
 .debug_abbrev  0x000036af       0x28 c:/program files/microchip/xc32/v2.41/bin/bin/../../lib/gcc/pic32mx/4.8.3/../../../../pic32mx/lib\libpic32.a(default-on-reset.o)
 .debug_abbrev  0x000036d7       0x28 c:/program files/microchip/xc32/v2.41/bin/bin/../../lib/gcc/pic32mx/4.8.3/../../../../pic32mx/lib\libpic32.a(default-on-bootstrap.o)
 .debug_abbrev  0x000036ff       0x28 c:/program files/microchip/xc32/v2.41/bin/bin/../../lib/gcc/pic32mx/4.8.3/../../../../pic32mx/lib\libpic32.a(default-general-exception-handler.o)
 .debug_abbrev  0x00003727       0x28 c:/program files/microchip/xc32/v2.41/bin/bin/../../lib/gcc/pic32mx/4.8.3/../../../../pic32mx/lib\libpic32.a(defaultinterrupt.o)

.debug_line     0x00000000     0x5704
 *(.debug_line)
 .debug_line    0x00000000      0x1fd build/default/production/FrameworkSource/ES_Timers.o
 .debug_line    0x000001fd       0xff build/default/production/FrameworkSource/ES_LookupTables.o
 .debug_line    0x000002fc      0x15f build/default/production/FrameworkSource/ES_CheckEvents.o
 .debug_line    0x0000045b      0x16d build/default/production/FrameworkSource/ES_DeferRecall.o
 .debug_line    0x000005c8      0x204 build/default/production/FrameworkSource/ES_Framework.o
 .debug_line    0x000007cc      0x1b2 build/default/production/FrameworkSource/ES_Queue.o
 .debug_line    0x0000097e       0x1d build/default/production/FrameworkSource/ES_PostList.o
 .debug_line    0x0000099b      0x1f2 build/default/production/FrameworkSource/terminal.o
 .debug_line    0x00000b8d      0x178 build/default/production/u8g2/common.o
 .debug_line    0x00000d05      0x17b build/default/production/u8g2/spi_master.o
 .debug_line    0x00000e80      0x1ee build/default/production/u8g2/u8g2_bitmap.o
 .debug_line    0x0000106e      0x1d8 build/default/production/u8g2/u8g2_box.o
 .debug_line    0x00001246      0x1f7 build/default/production/u8g2/u8g2_buffer.o
 .debug_line    0x0000143d      0x2f6 build/default/production/u8g2/u8g2_circle.o
 .debug_line    0x00001733      0x150 build/default/production/u8g2/u8g2_cleardisplay.o
 .debug_line    0x00001883       0xe8 build/default/production/u8g2/u8g2_d_memory.o
 .debug_line    0x0000196b      0x15c build/default/production/u8g2/u8g2_d_setup.o
 .debug_line    0x00001ac7      0x4b9 build/default/production/u8g2/u8g2_font.o
 .debug_line    0x00001f80       0xcc build/default/production/u8g2/u8g2_fonts.o
 .debug_line    0x0000204c      0x1c8 build/default/production/u8g2/u8g2_hvline.o
 .debug_line    0x00002214      0x190 build/default/production/u8g2/u8g2_input_value.o
 .debug_line    0x000023a4      0x168 build/default/production/u8g2/u8g2_intersection.o
 .debug_line    0x0000250c      0x178 build/default/production/u8g2/u8g2_kerning.o
 .debug_line    0x00002684      0x173 build/default/production/u8g2/u8g2_line.o
 .debug_line    0x000027f7      0x1ab build/default/production/u8g2/u8g2_ll_hvline.o
 .debug_line    0x000029a2      0x1b3 build/default/production/u8g2/u8g2_message.o
 .debug_line    0x00002b55      0x1d8 build/default/production/u8g2/u8g2_pic32mz.o
 .debug_line    0x00002d2d      0x251 build/default/production/u8g2/u8g2_polygon.o
 .debug_line    0x00002f7e      0x1f8 build/default/production/u8g2/u8g2_selection_list.o
 .debug_line    0x00003176      0x24f build/default/production/u8g2/u8g2_setup.o
 .debug_line    0x000033c5      0x1f3 build/default/production/u8g2/u8log.o
 .debug_line    0x000035b8      0x16d build/default/production/u8g2/u8log_u8g2.o
 .debug_line    0x00003725      0x15d build/default/production/u8g2/u8log_u8x8.o
 .debug_line    0x00003882      0x2bb build/default/production/u8g2/u8x8_8x8.o
 .debug_line    0x00003b3d      0x351 build/default/production/u8g2/u8x8_byte.o
 .debug_line    0x00003e8e      0x39e build/default/production/u8g2/u8x8_cad.o
 .debug_line    0x0000422c      0x200 build/default/production/u8g2/u8x8_d_ssd1306_128x64_noname.o
 .debug_line    0x0000442c      0x184 build/default/production/u8g2/u8x8_debounce.o
 .debug_line    0x000045b0      0x1b4 build/default/production/u8g2/u8x8_display.o
 .debug_line    0x00004764       0x1d build/default/production/u8g2/u8x8_fonts.o
 .debug_line    0x00004781      0x13c build/default/production/u8g2/u8x8_gpio.o
 .debug_line    0x000048bd      0x180 build/default/production/u8g2/u8x8_input_value.o
 .debug_line    0x00004a3d      0x1a0 build/default/production/u8g2/u8x8_message.o
 .debug_line    0x00004bdd      0x1ae build/default/production/u8g2/u8x8_selection_list.o
 .debug_line    0x00004d8b      0x169 build/default/production/u8g2/u8x8_setup.o
 .debug_line    0x00004ef4      0x1a1 build/default/production/u8g2/u8x8_string.o
 .debug_line    0x00005095       0xf9 build/default/production/u8g2/u8x8_u16toa.o
 .debug_line    0x0000518e       0xf7 build/default/production/u8g2/u8x8_u8toa.o
 .debug_line    0x00005285      0x166 build/default/production/u8g2/u8g2_TestHarness_main.o
 .debug_line    0x000053eb       0xa6 c:/program files/microchip/xc32/v2.41/bin/bin/../../lib/gcc/pic32mx/4.8.3/../../../../pic32mx/lib\libpic32.a(default-bootstrap-exception-handler.o)
 .debug_line    0x00005491       0x93 c:/program files/microchip/xc32/v2.41/bin/bin/../../lib/gcc/pic32mx/4.8.3/../../../../pic32mx/lib\libpic32.a(default-on-reset.o)
 .debug_line    0x00005524       0x97 c:/program files/microchip/xc32/v2.41/bin/bin/../../lib/gcc/pic32mx/4.8.3/../../../../pic32mx/lib\libpic32.a(default-on-bootstrap.o)
 .debug_line    0x000055bb        0x0 c:/program files/microchip/xc32/v2.41/bin/bin/../../lib/gcc/pic32mx/4.8.3/../../../../pic32mx/lib\libpic32.a(xc32_uart.o)
 .debug_line    0x000055bb       0xa4 c:/program files/microchip/xc32/v2.41/bin/bin/../../lib/gcc/pic32mx/4.8.3/../../../../pic32mx/lib\libpic32.a(default-general-exception-handler.o)
 .debug_line    0x0000565f       0xa5 c:/program files/microchip/xc32/v2.41/bin/bin/../../lib/gcc/pic32mx/4.8.3/../../../../pic32mx/lib\libpic32.a(defaultinterrupt.o)

.debug_frame    0x00000000     0x2ec0
 *(.debug_frame)
 .debug_frame   0x00000000       0xfc build/default/production/FrameworkSource/ES_Timers.o
 .debug_frame   0x000000fc       0x30 build/default/production/FrameworkSource/ES_LookupTables.o
 .debug_frame   0x0000012c       0x34 build/default/production/FrameworkSource/ES_CheckEvents.o
 .debug_frame   0x00000160       0x34 build/default/production/FrameworkSource/ES_DeferRecall.o
 .debug_frame   0x00000194       0xc4 build/default/production/FrameworkSource/ES_Framework.o
 .debug_frame   0x00000258       0xbc build/default/production/FrameworkSource/ES_Queue.o
 .debug_frame   0x00000314       0x90 build/default/production/FrameworkSource/terminal.o
 .debug_frame   0x000003a4       0xa4 build/default/production/u8g2/common.o
 .debug_frame   0x00000448       0x78 build/default/production/u8g2/spi_master.o
 .debug_frame   0x000004c0      0x108 build/default/production/u8g2/u8g2_bitmap.o
 .debug_frame   0x000005c8       0xa0 build/default/production/u8g2/u8g2_box.o
 .debug_frame   0x00000668      0x154 build/default/production/u8g2/u8g2_buffer.o
 .debug_frame   0x000007bc      0x1c0 build/default/production/u8g2/u8g2_circle.o
 .debug_frame   0x0000097c       0x34 build/default/production/u8g2/u8g2_cleardisplay.o
 .debug_frame   0x000009b0       0x50 build/default/production/u8g2/u8g2_d_memory.o
 .debug_frame   0x00000a00       0x58 build/default/production/u8g2/u8g2_d_setup.o
 .debug_frame   0x00000a58      0x6c8 build/default/production/u8g2/u8g2_font.o
 .debug_frame   0x00001120      0x108 build/default/production/u8g2/u8g2_hvline.o
 .debug_frame   0x00001228       0x34 build/default/production/u8g2/u8g2_input_value.o
 .debug_frame   0x0000125c       0x54 build/default/production/u8g2/u8g2_intersection.o
 .debug_frame   0x000012b0       0x54 build/default/production/u8g2/u8g2_kerning.o
 .debug_frame   0x00001304       0x34 build/default/production/u8g2/u8g2_line.o
 .debug_frame   0x00001338       0x58 build/default/production/u8g2/u8g2_ll_hvline.o
 .debug_frame   0x00001390       0x58 build/default/production/u8g2/u8g2_message.o
 .debug_frame   0x000013e8       0x58 build/default/production/u8g2/u8g2_pic32mz.o
 .debug_frame   0x00001440      0x240 build/default/production/u8g2/u8g2_polygon.o
 .debug_frame   0x00001680       0xc4 build/default/production/u8g2/u8g2_selection_list.o
 .debug_frame   0x00001744      0x2e0 build/default/production/u8g2/u8g2_setup.o
 .debug_frame   0x00001a24      0x260 build/default/production/u8g2/u8log.o
 .debug_frame   0x00001c84       0x58 build/default/production/u8g2/u8log_u8g2.o
 .debug_frame   0x00001cdc       0x7c build/default/production/u8g2/u8log_u8x8.o
 .debug_frame   0x00001d58      0x314 build/default/production/u8g2/u8x8_8x8.o
 .debug_frame   0x0000206c      0x390 build/default/production/u8g2/u8x8_byte.o
 .debug_frame   0x000023fc      0x304 build/default/production/u8g2/u8x8_cad.o
 .debug_frame   0x00002700      0x10c build/default/production/u8g2/u8x8_d_ssd1306_128x64_noname.o
 .debug_frame   0x0000280c       0x78 build/default/production/u8g2/u8x8_debounce.o
 .debug_frame   0x00002884      0x1e0 build/default/production/u8g2/u8x8_display.o
 .debug_frame   0x00002a64       0x34 build/default/production/u8g2/u8x8_gpio.o
 .debug_frame   0x00002a98       0x34 build/default/production/u8g2/u8x8_input_value.o
 .debug_frame   0x00002acc       0x58 build/default/production/u8g2/u8x8_message.o
 .debug_frame   0x00002b24       0xbc build/default/production/u8g2/u8x8_selection_list.o
 .debug_frame   0x00002be0       0x98 build/default/production/u8g2/u8x8_setup.o
 .debug_frame   0x00002c78       0xbc build/default/production/u8g2/u8x8_string.o
 .debug_frame   0x00002d34       0x54 build/default/production/u8g2/u8x8_u16toa.o
 .debug_frame   0x00002d88       0x54 build/default/production/u8g2/u8x8_u8toa.o
 .debug_frame   0x00002ddc       0x2c build/default/production/u8g2/u8g2_TestHarness_main.o
 .debug_frame   0x00002e08       0x2c c:/program files/microchip/xc32/v2.41/bin/bin/../../lib/gcc/pic32mx/4.8.3/../../../../pic32mx/lib\libpic32.a(default-bootstrap-exception-handler.o)
 .debug_frame   0x00002e34       0x20 c:/program files/microchip/xc32/v2.41/bin/bin/../../lib/gcc/pic32mx/4.8.3/../../../../pic32mx/lib\libpic32.a(default-on-reset.o)
 .debug_frame   0x00002e54       0x20 c:/program files/microchip/xc32/v2.41/bin/bin/../../lib/gcc/pic32mx/4.8.3/../../../../pic32mx/lib\libpic32.a(default-on-bootstrap.o)
 .debug_frame   0x00002e74       0x2c c:/program files/microchip/xc32/v2.41/bin/bin/../../lib/gcc/pic32mx/4.8.3/../../../../pic32mx/lib\libpic32.a(default-general-exception-handler.o)
 .debug_frame   0x00002ea0       0x20 c:/program files/microchip/xc32/v2.41/bin/bin/../../lib/gcc/pic32mx/4.8.3/../../../../pic32mx/lib\libpic32.a(defaultinterrupt.o)

.debug_str      0x00000000      0x349
 *(.debug_str)
 .debug_str     0x00000000        0x0 build/default/production/FrameworkSource/ES_Timers.o
 .debug_str     0x00000000        0x0 build/default/production/FrameworkSource/ES_LookupTables.o
 .debug_str     0x00000000        0x0 build/default/production/FrameworkSource/ES_CheckEvents.o
 .debug_str     0x00000000        0x0 build/default/production/FrameworkSource/ES_DeferRecall.o
 .debug_str     0x00000000       0x20 build/default/production/FrameworkSource/ES_Framework.o
 .debug_str     0x00000020       0x1c build/default/production/FrameworkSource/ES_Queue.o
 .debug_str     0x0000003c        0x0 build/default/production/FrameworkSource/ES_PostList.o
 .debug_str     0x0000003c        0x0 build/default/production/FrameworkSource/terminal.o
 .debug_str     0x0000003c        0x0 build/default/production/u8g2/common.o
 .debug_str     0x0000003c        0x0 build/default/production/u8g2/spi_master.o
 .debug_str     0x0000003c       0x2b build/default/production/u8g2/u8g2_bitmap.o
 .debug_str     0x00000067        0x9 build/default/production/u8g2/u8g2_box.o
 .debug_str     0x00000070        0xe build/default/production/u8g2/u8g2_buffer.o
 .debug_str     0x0000007e       0x15 build/default/production/u8g2/u8g2_circle.o
 .debug_str     0x00000093        0x9 build/default/production/u8g2/u8g2_cleardisplay.o
 .debug_str     0x0000009c        0x9 build/default/production/u8g2/u8g2_d_memory.o
 .debug_str     0x000000a5       0x3c build/default/production/u8g2/u8g2_d_setup.o
 .debug_str     0x000000e1       0x5a build/default/production/u8g2/u8g2_font.o
 .debug_str     0x0000013b        0x0 build/default/production/u8g2/u8g2_fonts.o
 .debug_str     0x0000013b        0xe build/default/production/u8g2/u8g2_hvline.o
 .debug_str     0x00000149       0x22 build/default/production/u8g2/u8g2_input_value.o
 .debug_str     0x0000016b        0x9 build/default/production/u8g2/u8g2_intersection.o
 .debug_str     0x00000174        0x9 build/default/production/u8g2/u8g2_kerning.o
 .debug_str     0x0000017d        0x9 build/default/production/u8g2/u8g2_line.o
 .debug_str     0x00000186       0x14 build/default/production/u8g2/u8g2_ll_hvline.o
 .debug_str     0x0000019a       0x16 build/default/production/u8g2/u8g2_message.o
 .debug_str     0x000001b0        0x0 build/default/production/u8g2/u8g2_pic32mz.o
 .debug_str     0x000001b0        0xe build/default/production/u8g2/u8g2_polygon.o
 .debug_str     0x000001be       0x2b build/default/production/u8g2/u8g2_selection_list.o
 .debug_str     0x000001e9       0x3d build/default/production/u8g2/u8g2_setup.o
 .debug_str     0x00000226       0x3f build/default/production/u8g2/u8log.o
 .debug_str     0x00000265        0x9 build/default/production/u8g2/u8log_u8g2.o
 .debug_str     0x0000026e        0x0 build/default/production/u8g2/u8log_u8x8.o
 .debug_str     0x0000026e        0xe build/default/production/u8g2/u8x8_8x8.o
 .debug_str     0x0000027c       0x3a build/default/production/u8g2/u8x8_byte.o
 .debug_str     0x000002b6       0x21 build/default/production/u8g2/u8x8_cad.o
 .debug_str     0x000002d7       0x15 build/default/production/u8g2/u8x8_d_ssd1306_128x64_noname.o
 .debug_str     0x000002ec        0xa build/default/production/u8g2/u8x8_debounce.o
 .debug_str     0x000002f6       0x1b build/default/production/u8g2/u8x8_display.o
 .debug_str     0x00000311        0x0 build/default/production/u8g2/u8x8_fonts.o
 .debug_str     0x00000311        0x0 build/default/production/u8g2/u8x8_gpio.o
 .debug_str     0x00000311        0x0 build/default/production/u8g2/u8x8_input_value.o
 .debug_str     0x00000311        0x0 build/default/production/u8g2/u8x8_message.o
 .debug_str     0x00000311        0x0 build/default/production/u8g2/u8x8_selection_list.o
 .debug_str     0x00000311       0x1d build/default/production/u8g2/u8x8_setup.o
 .debug_str     0x0000032e       0x12 build/default/production/u8g2/u8x8_string.o
 .debug_str     0x00000340        0x0 build/default/production/u8g2/u8x8_u16toa.o
 .debug_str     0x00000340        0x0 build/default/production/u8g2/u8x8_u8toa.o
 .debug_str     0x00000340        0x9 build/default/production/u8g2/u8g2_TestHarness_main.o
 .debug_str     0x00000349        0x0 c:/program files/microchip/xc32/v2.41/bin/bin/../../lib/gcc/pic32mx/4.8.3/../../../../pic32mx/lib\libpic32.a(default-bootstrap-exception-handler.o)
 .debug_str     0x00000349        0x0 c:/program files/microchip/xc32/v2.41/bin/bin/../../lib/gcc/pic32mx/4.8.3/../../../../pic32mx/lib\libpic32.a(default-on-reset.o)
 .debug_str     0x00000349        0x0 c:/program files/microchip/xc32/v2.41/bin/bin/../../lib/gcc/pic32mx/4.8.3/../../../../pic32mx/lib\libpic32.a(default-on-bootstrap.o)
 .debug_str     0x00000349        0x0 c:/program files/microchip/xc32/v2.41/bin/bin/../../lib/gcc/pic32mx/4.8.3/../../../../pic32mx/lib\libpic32.a(xc32_uart.o)
 .debug_str     0x00000349        0x0 c:/program files/microchip/xc32/v2.41/bin/bin/../../lib/gcc/pic32mx/4.8.3/../../../../pic32mx/lib\libpic32.a(default-general-exception-handler.o)
 .debug_str     0x00000349        0x0 c:/program files/microchip/xc32/v2.41/bin/bin/../../lib/gcc/pic32mx/4.8.3/../../../../pic32mx/lib\libpic32.a(defaultinterrupt.o)

.debug_loc      0x00000000       0x58
 *(.debug_loc)
 .debug_loc     0x00000000       0x2c c:/program files/microchip/xc32/v2.41/bin/bin/../../lib/gcc/pic32mx/4.8.3/../../../../pic32mx/lib\libpic32.a(default-bootstrap-exception-handler.o)
 .debug_loc     0x0000002c       0x2c c:/program files/microchip/xc32/v2.41/bin/bin/../../lib/gcc/pic32mx/4.8.3/../../../../pic32mx/lib\libpic32.a(default-general-exception-handler.o)

.debug_macinfo
 *(.debug_macinfo)

.debug_weaknames
 *(.debug_weaknames)

.debug_funcnames
 *(.debug_funcnames)

.debug_typenames
 *(.debug_typenames)

.debug_varnames
 *(.debug_varnames)

.debug_pubtypes
 *(.debug_pubtypes)

.debug_ranges   0x00000000       0x50
 *(.debug_ranges)
 .debug_ranges  0x00000000       0x10 c:/program files/microchip/xc32/v2.41/bin/bin/../../lib/gcc/pic32mx/4.8.3/../../../../pic32mx/lib\libpic32.a(default-bootstrap-exception-handler.o)
 .debug_ranges  0x00000010       0x10 c:/program files/microchip/xc32/v2.41/bin/bin/../../lib/gcc/pic32mx/4.8.3/../../../../pic32mx/lib\libpic32.a(default-on-reset.o)
 .debug_ranges  0x00000020       0x10 c:/program files/microchip/xc32/v2.41/bin/bin/../../lib/gcc/pic32mx/4.8.3/../../../../pic32mx/lib\libpic32.a(default-on-bootstrap.o)
 .debug_ranges  0x00000030       0x10 c:/program files/microchip/xc32/v2.41/bin/bin/../../lib/gcc/pic32mx/4.8.3/../../../../pic32mx/lib\libpic32.a(default-general-exception-handler.o)
 .debug_ranges  0x00000040       0x10 c:/program files/microchip/xc32/v2.41/bin/bin/../../lib/gcc/pic32mx/4.8.3/../../../../pic32mx/lib\libpic32.a(defaultinterrupt.o)

.gnu.attributes
                0x00000000       0x10
 *(.gnu.attributes)
 .gnu.attributes
                0x00000000       0x10 build/default/production/FrameworkSource/ES_Timers.o
 .gnu.attributes
                0x00000010       0x10 build/default/production/FrameworkSource/ES_LookupTables.o
 .gnu.attributes
                0x00000020       0x10 build/default/production/FrameworkSource/ES_CheckEvents.o
 .gnu.attributes
                0x00000030       0x10 build/default/production/FrameworkSource/ES_DeferRecall.o
 .gnu.attributes
                0x00000040       0x10 build/default/production/FrameworkSource/ES_Framework.o
 .gnu.attributes
                0x00000050       0x10 build/default/production/FrameworkSource/ES_Queue.o
 .gnu.attributes
                0x00000060       0x10 build/default/production/FrameworkSource/ES_PostList.o
 .gnu.attributes
                0x00000070       0x10 build/default/production/FrameworkSource/terminal.o
 .gnu.attributes
                0x00000080       0x10 build/default/production/u8g2/common.o
 .gnu.attributes
                0x00000090       0x10 build/default/production/u8g2/spi_master.o
 .gnu.attributes
                0x000000a0       0x10 build/default/production/u8g2/u8g2_bitmap.o
 .gnu.attributes
                0x000000b0       0x10 build/default/production/u8g2/u8g2_box.o
 .gnu.attributes
                0x000000c0       0x10 build/default/production/u8g2/u8g2_buffer.o
 .gnu.attributes
                0x000000d0       0x10 build/default/production/u8g2/u8g2_circle.o
 .gnu.attributes
                0x000000e0       0x10 build/default/production/u8g2/u8g2_cleardisplay.o
 .gnu.attributes
                0x000000f0       0x10 build/default/production/u8g2/u8g2_d_memory.o
 .gnu.attributes
                0x00000100       0x10 build/default/production/u8g2/u8g2_d_setup.o
 .gnu.attributes
                0x00000110       0x10 build/default/production/u8g2/u8g2_font.o
 .gnu.attributes
                0x00000120       0x10 build/default/production/u8g2/u8g2_fonts.o
 .gnu.attributes
                0x00000130       0x10 build/default/production/u8g2/u8g2_hvline.o
 .gnu.attributes
                0x00000140       0x10 build/default/production/u8g2/u8g2_input_value.o
 .gnu.attributes
                0x00000150       0x10 build/default/production/u8g2/u8g2_intersection.o
 .gnu.attributes
                0x00000160       0x10 build/default/production/u8g2/u8g2_kerning.o
 .gnu.attributes
                0x00000170       0x10 build/default/production/u8g2/u8g2_line.o
 .gnu.attributes
                0x00000180       0x10 build/default/production/u8g2/u8g2_ll_hvline.o
 .gnu.attributes
                0x00000190       0x10 build/default/production/u8g2/u8g2_message.o
 .gnu.attributes
                0x000001a0       0x10 build/default/production/u8g2/u8g2_pic32mz.o
 .gnu.attributes
                0x000001b0       0x10 build/default/production/u8g2/u8g2_polygon.o
 .gnu.attributes
                0x000001c0       0x10 build/default/production/u8g2/u8g2_selection_list.o
 .gnu.attributes
                0x000001d0       0x10 build/default/production/u8g2/u8g2_setup.o
 .gnu.attributes
                0x000001e0       0x10 build/default/production/u8g2/u8log.o
 .gnu.attributes
                0x000001f0       0x10 build/default/production/u8g2/u8log_u8g2.o
 .gnu.attributes
                0x00000200       0x10 build/default/production/u8g2/u8log_u8x8.o
 .gnu.attributes
                0x00000210       0x10 build/default/production/u8g2/u8x8_8x8.o
 .gnu.attributes
                0x00000220       0x10 build/default/production/u8g2/u8x8_byte.o
 .gnu.attributes
                0x00000230       0x10 build/default/production/u8g2/u8x8_cad.o
 .gnu.attributes
                0x00000240       0x10 build/default/production/u8g2/u8x8_d_ssd1306_128x64_noname.o
 .gnu.attributes
                0x00000250       0x10 build/default/production/u8g2/u8x8_debounce.o
 .gnu.attributes
                0x00000260       0x10 build/default/production/u8g2/u8x8_display.o
 .gnu.attributes
                0x00000270       0x10 build/default/production/u8g2/u8x8_fonts.o
 .gnu.attributes
                0x00000280       0x10 build/default/production/u8g2/u8x8_gpio.o
 .gnu.attributes
                0x00000290       0x10 build/default/production/u8g2/u8x8_input_value.o
 .gnu.attributes
                0x000002a0       0x10 build/default/production/u8g2/u8x8_message.o
 .gnu.attributes
                0x000002b0       0x10 build/default/production/u8g2/u8x8_selection_list.o
 .gnu.attributes
                0x000002c0       0x10 build/default/production/u8g2/u8x8_setup.o
 .gnu.attributes
                0x000002d0       0x10 build/default/production/u8g2/u8x8_string.o
 .gnu.attributes
                0x000002e0       0x10 build/default/production/u8g2/u8x8_u16toa.o
 .gnu.attributes
                0x000002f0       0x10 build/default/production/u8g2/u8x8_u8toa.o
 .gnu.attributes
                0x00000300       0x10 build/default/production/u8g2/u8g2_TestHarness_main.o
 .gnu.attributes
                0x00000310       0x10 c:/program files/microchip/xc32/v2.41/bin/bin/../../lib/gcc/pic32mx/4.8.3/../../../../pic32mx/lib\libpic32.a(default-bootstrap-exception-handler.o)
 .gnu.attributes
                0x00000320       0x10 c:/program files/microchip/xc32/v2.41/bin/bin/../../lib/gcc/pic32mx/4.8.3/../../../../pic32mx/lib\libpic32.a(default-on-reset.o)
 .gnu.attributes
                0x00000330       0x10 c:/program files/microchip/xc32/v2.41/bin/bin/../../lib/gcc/pic32mx/4.8.3/../../../../pic32mx/lib\libpic32.a(default-on-bootstrap.o)
 .gnu.attributes
                0x00000340       0x10 c:/program files/microchip/xc32/v2.41/bin/bin/../../lib/gcc/pic32mx/4.8.3/../../../../pic32mx/lib\libpic32.a(xc32_uart.o)
 .gnu.attributes
                0x00000350       0x10 c:/program files/microchip/xc32/v2.41/bin/bin/../../lib/gcc/pic32mx/4.8.3/../../../../pic32mx/lib\libpic32.a(default-general-exception-handler.o)
 .gnu.attributes
                0x00000360       0x10 c:/program files/microchip/xc32/v2.41/bin/bin/../../lib/gcc/pic32mx/4.8.3/../../../../pic32mx/lib\libpic32.a(defaultinterrupt.o)
LOAD c:/program files/microchip/xc32/v2.41/bin/bin/../../lib/gcc/pic32mx/4.8.3\libgcc.a
START GROUP
LOAD c:/program files/microchip/xc32/v2.41/bin/bin/../../lib/gcc/pic32mx/4.8.3/../../../../pic32mx/lib\libpic32.a
LOAD c:/program files/microchip/xc32/v2.41/bin/bin/../../lib/gcc/pic32mx/4.8.3/../../../../pic32mx/lib\libdebug.a
LOAD c:/program files/microchip/xc32/v2.41/bin/bin/../../lib/gcc/pic32mx/4.8.3/../../../../pic32mx/lib\libpic32.a
LOAD c:/program files/microchip/xc32/v2.41/bin/bin/../../lib/gcc/pic32mx/4.8.3/../../../../pic32mx/lib\liblega-c.a
LOAD c:/program files/microchip/xc32/v2.41/bin/bin/../../lib/gcc/pic32mx/4.8.3/../../../../pic32mx/lib\libm.a
LOAD c:/program files/microchip/xc32/v2.41/bin/bin/../../lib/gcc/pic32mx/4.8.3/../../../../pic32mx/lib\libe.a
LOAD c:/program files/microchip/xc32/v2.41/bin/bin/../../lib/gcc/pic32mx/4.8.3/../../../../pic32mx/lib\libdsp.a
LOAD c:/program files/microchip/xc32/v2.41/bin/bin/../../lib/gcc/pic32mx/4.8.3\libgcc.a
LOAD c:/program files/microchip/xc32/v2.41/bin/bin/../../lib/gcc/pic32mx/4.8.3/../../../../pic32mx/lib\libpic32.a
END GROUP
LOAD c:/program files/microchip/xc32/v2.41/bin/bin/../../lib/gcc/pic32mx/4.8.3\libgcc.a
OUTPUT(dist/default/production/Framework4PIC32_with_u8g2.production.elf elf32-tradlittlemips)
LOAD stack
LOAD data_init

.reginfo        0x00000000       0x18
 .reginfo       0x00000000       0x18 c:/program files/microchip/xc32/v2.41/bin/bin/../../lib/gcc/pic32mx/4.8.3/../../../../pic32mx/lib\debug-exception-return.o

.stack          0xa0000638      0x400
 .stack         0xa0000638      0x400 stack

.bss            0xa0000090      0x508
 .bss           0xa0000090      0x480 build/default/production/u8g2/u8g2_d_memory.o
 .bss           0xa0000510       0x88 build/default/production/u8g2/u8g2_TestHarness_main.o

.bss            0xa0000598       0x50
 .bss           0xa0000598       0x30 build/default/production/FrameworkSource/ES_Framework.o
 .bss           0xa00005c8       0x20 build/default/production/FrameworkSource/ES_Timers.o

.bss            0xa00005e8       0x10
 .bss           0xa00005e8       0x10 build/default/production/u8g2/u8x8_cad.o

.data           0xa00005f8       0x10
 .data          0xa00005f8       0x10 build/default/production/u8g2/u8g2_TestHarness_main.o
                0xa00005f8                lineBuffer

.bss%z1         0x00000000        0x0
 .bss           0x00000000        0x0 c:/program files/microchip/xc32/v2.41/bin/bin/../../lib/gcc/pic32mx/4.8.3/../../../../pic32mx/lib\libpic32.a(defaultinterrupt.o)

.data%z2        0x00000000        0x0
 .data          0x00000000        0x0 c:/program files/microchip/xc32/v2.41/bin/bin/../../lib/gcc/pic32mx/4.8.3/../../../../pic32mx/lib\libpic32.a(defaultinterrupt.o)

.bss%z3         0x00000000        0x0
 .bss           0x00000000        0x0 c:/program files/microchip/xc32/v2.41/bin/bin/../../lib/gcc/pic32mx/4.8.3/../../../../pic32mx/lib\libpic32.a(default-general-exception-handler.o)

.data%z4        0x00000000        0x0
 .data          0x00000000        0x0 c:/program files/microchip/xc32/v2.41/bin/bin/../../lib/gcc/pic32mx/4.8.3/../../../../pic32mx/lib\libpic32.a(default-general-exception-handler.o)

.bss%z5         0x00000000        0x0
 .bss           0x00000000        0x0 c:/program files/microchip/xc32/v2.41/bin/bin/../../lib/gcc/pic32mx/4.8.3/../../../../pic32mx/lib\libpic32.a(vector43.o)

.data%z6        0x00000000        0x0
 .data          0x00000000        0x0 c:/program files/microchip/xc32/v2.41/bin/bin/../../lib/gcc/pic32mx/4.8.3/../../../../pic32mx/lib\libpic32.a(vector43.o)

.bss%z7         0x00000000        0x0
 .bss           0x00000000        0x0 c:/program files/microchip/xc32/v2.41/bin/bin/../../lib/gcc/pic32mx/4.8.3/../../../../pic32mx/lib\libpic32.a(vector42.o)

.data%z8        0x00000000        0x0
 .data          0x00000000        0x0 c:/program files/microchip/xc32/v2.41/bin/bin/../../lib/gcc/pic32mx/4.8.3/../../../../pic32mx/lib\libpic32.a(vector42.o)

.bss%z9         0x00000000        0x0
 .bss           0x00000000        0x0 c:/program files/microchip/xc32/v2.41/bin/bin/../../lib/gcc/pic32mx/4.8.3/../../../../pic32mx/lib\libpic32.a(vector41.o)

.data%z10       0x00000000        0x0
 .data          0x00000000        0x0 c:/program files/microchip/xc32/v2.41/bin/bin/../../lib/gcc/pic32mx/4.8.3/../../../../pic32mx/lib\libpic32.a(vector41.o)

.bss%z11        0x00000000        0x0
 .bss           0x00000000        0x0 c:/program files/microchip/xc32/v2.41/bin/bin/../../lib/gcc/pic32mx/4.8.3/../../../../pic32mx/lib\libpic32.a(vector40.o)

.data%z12       0x00000000        0x0
 .data          0x00000000        0x0 c:/program files/microchip/xc32/v2.41/bin/bin/../../lib/gcc/pic32mx/4.8.3/../../../../pic32mx/lib\libpic32.a(vector40.o)

.bss%z13        0x00000000        0x0
 .bss           0x00000000        0x0 c:/program files/microchip/xc32/v2.41/bin/bin/../../lib/gcc/pic32mx/4.8.3/../../../../pic32mx/lib\libpic32.a(vector39.o)

.data%z14       0x00000000        0x0
 .data          0x00000000        0x0 c:/program files/microchip/xc32/v2.41/bin/bin/../../lib/gcc/pic32mx/4.8.3/../../../../pic32mx/lib\libpic32.a(vector39.o)

.bss%z15        0x00000000        0x0
 .bss           0x00000000        0x0 c:/program files/microchip/xc32/v2.41/bin/bin/../../lib/gcc/pic32mx/4.8.3/../../../../pic32mx/lib\libpic32.a(vector38.o)

.data%z16       0x00000000        0x0
 .data          0x00000000        0x0 c:/program files/microchip/xc32/v2.41/bin/bin/../../lib/gcc/pic32mx/4.8.3/../../../../pic32mx/lib\libpic32.a(vector38.o)

.bss%z17        0x00000000        0x0
 .bss           0x00000000        0x0 c:/program files/microchip/xc32/v2.41/bin/bin/../../lib/gcc/pic32mx/4.8.3/../../../../pic32mx/lib\libpic32.a(vector37.o)

.data%z18       0x00000000        0x0
 .data          0x00000000        0x0 c:/program files/microchip/xc32/v2.41/bin/bin/../../lib/gcc/pic32mx/4.8.3/../../../../pic32mx/lib\libpic32.a(vector37.o)

.bss%z19        0x00000000        0x0
 .bss           0x00000000        0x0 c:/program files/microchip/xc32/v2.41/bin/bin/../../lib/gcc/pic32mx/4.8.3/../../../../pic32mx/lib\libpic32.a(vector36.o)

.data%z20       0x00000000        0x0
 .data          0x00000000        0x0 c:/program files/microchip/xc32/v2.41/bin/bin/../../lib/gcc/pic32mx/4.8.3/../../../../pic32mx/lib\libpic32.a(vector36.o)

.bss%z21        0x00000000        0x0
 .bss           0x00000000        0x0 c:/program files/microchip/xc32/v2.41/bin/bin/../../lib/gcc/pic32mx/4.8.3/../../../../pic32mx/lib\libpic32.a(vector35.o)

.data%z22       0x00000000        0x0
 .data          0x00000000        0x0 c:/program files/microchip/xc32/v2.41/bin/bin/../../lib/gcc/pic32mx/4.8.3/../../../../pic32mx/lib\libpic32.a(vector35.o)

.bss%z23        0x00000000        0x0
 .bss           0x00000000        0x0 c:/program files/microchip/xc32/v2.41/bin/bin/../../lib/gcc/pic32mx/4.8.3/../../../../pic32mx/lib\libpic32.a(vector34.o)

.data%z24       0x00000000        0x0
 .data          0x00000000        0x0 c:/program files/microchip/xc32/v2.41/bin/bin/../../lib/gcc/pic32mx/4.8.3/../../../../pic32mx/lib\libpic32.a(vector34.o)

.bss%z25        0x00000000        0x0
 .bss           0x00000000        0x0 c:/program files/microchip/xc32/v2.41/bin/bin/../../lib/gcc/pic32mx/4.8.3/../../../../pic32mx/lib\libpic32.a(vector33.o)

.data%z26       0x00000000        0x0