
Optional file libmchp_peripheral.a not found

Optional file libmchp_peripheral_32MX170F256B.a not found
Archive member included because of file (symbol)

c:/program files/microchip/xc32/v2.41/bin/bin/../../lib/gcc/pic32mx/4.8.3/../../../../pic32mx/lib\libpic32.a(memset.o)
                              build/Justu8g2POC/production/u8g2/u8g2_buffer.o (memset)
c:/program files/microchip/xc32/v2.41/bin/bin/../../lib/gcc/pic32mx/4.8.3/../../../../pic32mx/lib\libpic32.a(default-bootstrap-exception-handler.o)
                              C:\Users\Ed\AppData\Local\Temp\ccuXgkQL.o (_bootstrap_exception_handler)
c:/program files/microchip/xc32/v2.41/bin/bin/../../lib/gcc/pic32mx/4.8.3/../../../../pic32mx/lib\libpic32.a(default-on-reset.o)
                              C:\Users\Ed\AppData\Local\Temp\ccuXgkQL.o (_on_reset)
c:/program files/microchip/xc32/v2.41/bin/bin/../../lib/gcc/pic32mx/4.8.3/../../../../pic32mx/lib\libpic32.a(default-on-bootstrap.o)
                              C:\Users\Ed\AppData\Local\Temp\ccuXgkQL.o (_on_bootstrap)
c:/program files/microchip/xc32/v2.41/bin/bin/../../lib/gcc/pic32mx/4.8.3/../../../../pic32mx/lib\libpic32.a(default-nmi-handler.o)
                              C:\Users\Ed\AppData\Local\Temp\ccuXgkQL.o (_nmi_handler)
c:/program files/microchip/xc32/v2.41/bin/bin/../../lib/gcc/pic32mx/4.8.3/../../../../pic32mx/lib\libpic32.a(pic32_data_init.o)
                              C:\Users\Ed\AppData\Local\Temp\ccuXgkQL.o (__pic32_data_init)
c:/program files/microchip/xc32/v2.41/bin/bin/../../lib/gcc/pic32mx/4.8.3/../../../../pic32mx/lib\libpic32.a(general-exception.o)
                              C:\Users\Ed\AppData\Local\Temp\ccuXgkQL.o (_general_exception_context)
c:/program files/microchip/xc32/v2.41/bin/bin/../../lib/gcc/pic32mx/4.8.3/../../../../pic32mx/lib\libpic32.a(vector0.o)
                              C:\Users\Ed\AppData\Local\Temp\ccny0nB8.o (__vector_dispatch_0)
c:/program files/microchip/xc32/v2.41/bin/bin/../../lib/gcc/pic32mx/4.8.3/../../../../pic32mx/lib\libpic32.a(vector1.o)
                              C:\Users\Ed\AppData\Local\Temp\ccny0nB8.o (__vector_dispatch_1)
c:/program files/microchip/xc32/v2.41/bin/bin/../../lib/gcc/pic32mx/4.8.3/../../../../pic32mx/lib\libpic32.a(vector2.o)
                              C:\Users\Ed\AppData\Local\Temp\ccny0nB8.o (__vector_dispatch_2)
c:/program files/microchip/xc32/v2.41/bin/bin/../../lib/gcc/pic32mx/4.8.3/../../../../pic32mx/lib\libpic32.a(vector3.o)
                              C:\Users\Ed\AppData\Local\Temp\ccny0nB8.o (__vector_dispatch_3)
c:/program files/microchip/xc32/v2.41/bin/bin/../../lib/gcc/pic32mx/4.8.3/../../../../pic32mx/lib\libpic32.a(vector5.o)
                              C:\Users\Ed\AppData\Local\Temp\ccny0nB8.o (__vector_dispatch_5)
c:/program files/microchip/xc32/v2.41/bin/bin/../../lib/gcc/pic32mx/4.8.3/../../../../pic32mx/lib\libpic32.a(vector6.o)
                              C:\Users\Ed\AppData\Local\Temp\ccny0nB8.o (__vector_dispatch_6)
c:/program files/microchip/xc32/v2.41/bin/bin/../../lib/gcc/pic32mx/4.8.3/../../../../pic32mx/lib\libpic32.a(vector7.o)
                              C:\Users\Ed\AppData\Local\Temp\ccny0nB8.o (__vector_dispatch_7)
c:/program files/microchip/xc32/v2.41/bin/bin/../../lib/gcc/pic32mx/4.8.3/../../../../pic32mx/lib\libpic32.a(vector8.o)
                              C:\Users\Ed\AppData\Local\Temp\ccny0nB8.o (__vector_dispatch_8)
c:/program files/microchip/xc32/v2.41/bin/bin/../../lib/gcc/pic32mx/4.8.3/../../../../pic32mx/lib\libpic32.a(vector9.o)
                              C:\Users\Ed\AppData\Local\Temp\ccny0nB8.o (__vector_dispatch_9)
c:/program files/microchip/xc32/v2.41/bin/bin/../../lib/gcc/pic32mx/4.8.3/../../../../pic32mx/lib\libpic32.a(vector10.o)
                              C:\Users\Ed\AppData\Local\Temp\ccny0nB8.o (__vector_dispatch_10)
c:/program files/microchip/xc32/v2.41/bin/bin/../../lib/gcc/pic32mx/4.8.3/../../../../pic32mx/lib\libpic32.a(vector11.o)
                              C:\Users\Ed\AppData\Local\Temp\ccny0nB8.o (__vector_dispatch_11)
c:/program files/microchip/xc32/v2.41/bin/bin/../../lib/gcc/pic32mx/4.8.3/../../../../pic32mx/lib\libpic32.a(vector12.o)
                              C:\Users\Ed\AppData\Local\Temp\ccny0nB8.o (__vector_dispatch_12)
c:/program files/microchip/xc32/v2.41/bin/bin/../../lib/gcc/pic32mx/4.8.3/../../../../pic32mx/lib\libpic32.a(vector13.o)
                              C:\Users\Ed\AppData\Local\Temp\ccny0nB8.o (__vector_dispatch_13)
c:/program files/microchip/xc32/v2.41/bin/bin/../../lib/gcc/pic32mx/4.8.3/../../../../pic32mx/lib\libpic32.a(vector14.o)
                              C:\Users\Ed\AppData\Local\Temp\ccny0nB8.o (__vector_dispatch_14)
c:/program files/microchip/xc32/v2.41/bin/bin/../../lib/gcc/pic32mx/4.8.3/../../../../pic32mx/lib\libpic32.a(vector15.o)
                              C:\Users\Ed\AppData\Local\Temp\ccny0nB8.o (__vector_dispatch_15)
[...]
Memory Configuration

Name             Origin             Length             Attributes
kseg0_program_mem 0x9d000000         0x0003f000         xr
exception_mem    0x9d03f000         0x00001000
debug_exec_mem   0x9fc00490         0x00000760
kseg0_boot_mem   0x9fc00490         0x00000000
kseg1_boot_mem   0xbfc00000         0x00000490
config3          0xbfc00bf0         0x00000004
config2          0xbfc00bf4         0x00000004
config1          0xbfc00bf8         0x00000004
config0          0xbfc00bfc         0x00000004
kseg1_data_mem   0xa0000000         0x00010000         w !x
sfrs             0xbf800000         0x00100000
configsfrs       0xbfc00bf0         0x00000010
*default*        0x00000000         0xffffffff

Linker script and memory map

LOAD c:/program files/microchip/xc32/v2.41/bin/bin/../../lib/gcc/pic32mx/4.8.3/../../../../pic32mx/lib\debug-exception-return.o
LOAD build/Justu8g2POC/production/u8g2/u8g2_TestHarness_main.o
LOAD build/Justu8g2POC/production/u8g2/common.o
LOAD build/Justu8g2POC/production/u8g2/spi_master.o
LOAD build/Justu8g2POC/production/u8g2/u8g2_bitmap.o
LOAD build/Justu8g2POC/production/u8g2/u8g2_box.o
LOAD build/Justu8g2POC/production/u8g2/u8g2_buffer.o
LOAD build/Justu8g2POC/production/u8g2/u8g2_circle.o
LOAD build/Justu8g2POC/production/u8g2/u8g2_cleardisplay.o
LOAD build/Justu8g2POC/production/u8g2/u8g2_d_memory.o
LOAD build/Justu8g2POC/production/u8g2/u8g2_d_setup.o
LOAD build/Justu8g2POC/production/u8g2/u8g2_font.o
LOAD build/Justu8g2POC/production/u8g2/u8g2_fonts.o
LOAD build/Justu8g2POC/production/u8g2/u8g2_hvline.o
LOAD build/Justu8g2POC/production/u8g2/u8g2_input_value.o
LOAD build/Justu8g2POC/production/u8g2/u8g2_intersection.o
LOAD build/Justu8g2POC/production/u8g2/u8g2_kerning.o
LOAD build/Justu8g2POC/production/u8g2/u8g2_line.o
LOAD build/Justu8g2POC/production/u8g2/u8g2_ll_hvline.o
LOAD build/Justu8g2POC/production/u8g2/u8g2_message.o
LOAD build/Justu8g2POC/production/u8g2/u8g2_pic32mz.o
LOAD build/Justu8g2POC/production/u8g2/u8g2_polygon.o
LOAD build/Justu8g2POC/production/u8g2/u8g2_selection_list.o
LOAD build/Justu8g2POC/production/u8g2/u8g2_setup.o
LOAD build/Justu8g2POC/production/u8g2/u8log.o
LOAD build/Justu8g2POC/production/u8g2/u8log_u8g2.o
LOAD build/Justu8g2POC/production/u8g2/u8log_u8x8.o
LOAD build/Justu8g2POC/production/u8g2/u8x8_8x8.o
LOAD build/Justu8g2POC/production/u8g2/u8x8_byte.o
LOAD build/Justu8g2POC/production/u8g2/u8x8_cad.o
LOAD build/Justu8g2POC/production/u8g2/u8x8_d_ssd1306_128x64_noname.o
LOAD build/Justu8g2POC/production/u8g2/u8x8_debounce.o
LOAD build/Justu8g2POC/production/u8g2/u8x8_display.o
LOAD build/Justu8g2POC/production/u8g2/u8x8_fonts.o
LOAD build/Justu8g2POC/production/u8g2/u8x8_gpio.o
LOAD build/Justu8g2POC/production/u8g2/u8x8_input_value.o
LOAD build/Justu8g2POC/production/u8g2/u8x8_message.o
LOAD build/Justu8g2POC/production/u8g2/u8x8_selection_list.o
LOAD build/Justu8g2POC/production/u8g2/u8x8_setup.o
LOAD build/Justu8g2POC/production/u8g2/u8x8_string.o
LOAD build/Justu8g2POC/production/u8g2/u8x8_u16toa.o
LOAD build/Justu8g2POC/production/u8g2/u8x8_u8toa.o
                0x00000001                __MPLAB_BUILD = 0x1
LOAD C:\Users\Ed\AppData\Local\Temp\ccuXgkQL.o
LOAD C:\Users\Ed\AppData\Local\Temp\ccNQhTvV.o
LOAD C:\Users\Ed\AppData\Local\Temp\ccny0nB8.o
LOAD c:/program files/microchip/xc32/v2.41/bin/bin/../../lib/gcc/pic32mx/4.8.3/../../../../pic32mx/lib\pic32_software_reset.o
                0x00000400                PROVIDE (_min_stack_size, 0x400)
START GROUP
LOAD c:/program files/microchip/xc32/v2.41/bin/bin/../../lib/gcc/pic32mx/4.8.3/../../../../pic32mx/lib/./proc/32MX170F256B\processor.o
END GROUP
START GROUP
LOAD libmchp_peripheral.a
END GROUP
START GROUP
LOAD libmchp_peripheral_32MX170F256B.a
END GROUP
                0x00000001                PROVIDE (_vector_spacing, 0x1)
                0x9d03f000                PROVIDE (_ebase_address, 0x9d03f000)
                0xbfc00000                _RESET_ADDR = 0xbfc00000
                0xbfc00380                _BEV_EXCPT_ADDR = 0xbfc00380
                0xbfc00480                _DBG_EXCPT_ADDR = 0xbfc00480
                0x9fc00490                _DBG_CODE_ADDR = 0x9fc00490
                0x00000760                _DBG_CODE_SIZE = 0x760
                0x9d03f180                _GEN_EXCPT_ADDR = (_ebase_address + 0x180)

.config_BFC00BF0
                0xbfc00bf0        0x4
 *(.config_BFC00BF0)
 .config_BFC00BF0
                0xbfc00bf0        0x4 build/Justu8g2POC/production/u8g2/common.o

.config_BFC00BF4
                0xbfc00bf4        0x4
 *(.config_BFC00BF4)
 .config_BFC00BF4
                0xbfc00bf4        0x4 build/Justu8g2POC/production/u8g2/common.o

.config_BFC00BF8
                0xbfc00bf8        0x4
 *(.config_BFC00BF8)
 .config_BFC00BF8
                0xbfc00bf8        0x4 build/Justu8g2POC/production/u8g2/common.o

.config_BFC00BFC
                0xbfc00bfc        0x4
 *(.config_BFC00BFC)
 .config_BFC00BFC
                0xbfc00bfc        0x4 build/Justu8g2POC/production/u8g2/common.o
                0xbfc02000                PROVIDE (_DBG_CODE_ADDR, 0xbfc02000)
                0x00000ff0                PROVIDE (_DBG_CODE_SIZE, 0xff0)

.reset          0xbfc00000      0x178
 *(.reset)
 .reset         0xbfc00000        0x8 C:\Users\Ed\AppData\Local\Temp\ccuXgkQL.o
                0xbfc00000                _reset
 *(.reset.startup)
 .reset.startup
                0xbfc00008      0x170 C:\Users\Ed\AppData\Local\Temp\ccuXgkQL.o
                0xbfc00008                _startup

.bev_excpt      0xbfc00380       0x10
 *(.bev_handler)
 .bev_handler   0xbfc00380       0x10 C:\Users\Ed\AppData\Local\Temp\ccuXgkQL.o

.dbg_excpt      0xbfc00480        0x0
                0xbfc00480                . = (. + DEFINED (_DEBUGGER)?0x8:0x0)

.dbg_code       0x9fc00490        0x0
                0x9fc00490                . = (. + DEFINED (_DEBUGGER)?_DBG_CODE_SIZE:0x0)

.app_excpt      0x9d03f180       0x10
 *(.gen_handler)
 .gen_handler   0x9d03f180       0x10 C:\Users\Ed\AppData\Local\Temp\ccuXgkQL.o

.vector_0       0x9d03f200        0x8
 *(.vector_0)
 .vector_0      0x9d03f200        0x8 c:/program files/microchip/xc32/v2.41/bin/bin/../../lib/gcc/pic32mx/4.8.3/../../../../pic32mx/lib\libpic32.a(vector0.o)
                0x9d03f200                __vector_dispatch_0
                0x00000001                ASSERT (((_vector_spacing == 0x0) || (SIZEOF (.vector_0) <= (_vector_spacing << 0x5))), function at exception vector 0 too large)

.vector_1       0x9d03f220        0x8
 *(.vector_1)
 .vector_1      0x9d03f220        0x8 c:/program files/microchip/xc32/v2.41/bin/bin/../../lib/gcc/pic32mx/4.8.3/../../../../pic32mx/lib\libpic32.a(vector1.o)
                0x9d03f220                __vector_dispatch_1
                0x00000001                ASSERT (((_vector_spacing == 0x0) || (SIZEOF (.vector_1) <= (_vector_spacing << 0x5))), function at exception vector 1 too large)

.vector_2       0x9d03f240        0x8
 *(.vector_2)
 .vector_2      0x9d03f240        0x8 c:/program files/microchip/xc32/v2.41/bin/bin/../../lib/gcc/pic32mx/4.8.3/../../../../pic32mx/lib\libpic32.a(vector2.o)
                0x9d03f240                __vector_dispatch_2
                0x00000001                ASSERT (((_vector_spacing == 0x0) || (SIZEOF (.vector_2) <= (_vector_spacing << 0x5))), function at exception vector 2 too large)

.vector_3       0x9d03f260        0x8
 *(.vector_3)
 .vector_3      0x9d03f260        0x8 c:/program files/microchip/xc32/v2.41/bin/bin/../../lib/gcc/pic32mx/4.8.3/../../../../pic32mx/lib\libpic32.a(vector3.o)
                0x9d03f260                __vector_dispatch_3
                0x00000001                ASSERT (((_vector_spacing == 0x0) || (SIZEOF (.vector_3) <= (_vector_spacing << 0x5))), function at exception vector 3 too large)

.vector_4       0x9d03f280        0x8
 *(.vector_4)
 .vector_4      0x9d03f280        0x8 build/Justu8g2POC/production/u8g2/common.o
                0x9d03f280                __vector_dispatch_4
                0x00000001                ASSERT (((_vector_spacing == 0x0) || (SIZEOF (.vector_4) <= (_vector_spacing << 0x5))), function at exception vector 4 too large)

.vector_5       0x9d03f2a0        0x8
 *(.vector_5)
 .vector_5      0x9d03f2a0        0x8 c:/program files/microchip/xc32/v2.41/bin/bin/../../lib/gcc/pic32mx/4.8.3/../../../../pic32mx/lib\libpic32.a(vector5.o)
                0x9d03f2a0                __vector_dispatch_5
                0x00000001                ASSERT (((_vector_spacing == 0x0) || (SIZEOF (.vector_5) <= (_vector_spacing << 0x5))), function at exception vector 5 too large)

.vector_6       0x9d03f2c0        0x8
 *(.vector_6)
 .vector_6      0x9d03f2c0        0x8 c:/program files/microchip/xc32/v2.41/bin/bin/../../lib/gcc/pic32mx/4.8.3/../../../../pic32mx/lib\libpic32.a(vector6.o)
                0x9d03f2c0                __vector_dispatch_6
                0x00000001                ASSERT (((_vector_spacing == 0x0) || (SIZEOF (.vector_6) <= (_vector_spacing << 0x5))), function at exception vector 6 too large)

.vector_7       0x9d03f2e0        0x8
 *(.vector_7)
 .vector_7      0x9d03f2e0        0x8 c:/program files/microchip/xc32/v2.41/bin/bin/../../lib/gcc/pic32mx/4.8.3/../../../../pic32mx/lib\libpic32.a(vector7.o)
                0x9d03f2e0                __vector_dispatch_7
                0x00000001                ASSERT (((_vector_spacing == 0x0) || (SIZEOF (.vector_7) <= (_vector_spacing << 0x5))), function at exception vector 7 too large)

.vector_8       0x9d03f300        0x8
 *(.vector_8)
 .vector_8      0x9d03f300        0x8 c:/program files/microchip/xc32/v2.41/bin/bin/../../lib/gcc/pic32mx/4.8.3/../../../../pic32mx/lib\libpic32.a(vector8.o)
                0x9d03f300                __vector_dispatch_8
                0x00000001                ASSERT (((_vector_spacing == 0x0) || (SIZEOF (.vector_8) <= (_vector_spacing << 0x5))), function at exception vector 8 too large)

.vector_9       0x9d03f320        0x8
 *(.vector_9)
 .vector_9      0x9d03f320        0x8 c:/program files/microchip/xc32/v2.41/bin/bin/../../lib/gcc/pic32mx/4.8.3/../../../../pic32mx/lib\libpic32.a(vector9.o)
                0x9d03f320                __vector_dispatch_9
                0x00000001                ASSERT (((_vector_spacing == 0x0) || (SIZEOF (.vector_9) <= (_vector_spacing << 0x5))), function at exception vector 9 too large)

.vector_10      0x9d03f340        0x8
 *(.vector_10)
 .vector_10     0x9d03f340        0x8 c:/program files/microchip/xc32/v2.41/bin/bin/../../lib/gcc/pic32mx/4.8.3/../../../../pic32mx/lib\libpic32.a(vector10.o)
                0x9d03f340                __vector_dispatch_10
                0x00000001                ASSERT (((_vector_spacing == 0x0) || (SIZEOF (.vector_10) <= (_vector_spacing << 0x5))), function at exception vector 10 too large)

.vector_11      0x9d03f360        0x8
 *(.vector_11)
 .vector_11     0x9d03f360        0x8 c:/program files/microchip/xc32/v2.41/bin/bin/../../lib/gcc/pic32mx/4.8.3/../../../../pic32mx/lib\libpic32.a(vector11.o)
                0x9d03f360                __vector_dispatch_11
                0x00000001                ASSERT (((_vector_spacing == 0x0) || (SIZEOF (.vector_11) <= (_vector_spacing << 0x5))), function at exception vector 11 too large)

.vector_12      0x9d03f380        0x8
 *(.vector_12)
 .vector_12     0x9d03f380        0x8 c:/program files/microchip/xc32/v2.41/bin/bin/../../lib/gcc/pic32mx/4.8.3/../../../../pic32mx/lib\libpic32.a(vector12.o)
                0x9d03f380                __vector_dispatch_12
                0x00000001                ASSERT (((_vector_spacing == 0x0) || (SIZEOF (.vector_12) <= (_vector_spacing << 0x5))), function at exception vector 12 too large)

.vector_13      0x9d03f3a0        0x8
 *(.vector_13)
 .vector_13     0x9d03f3a0        0x8 c:/program files/microchip/xc32/v2.41/bin/bin/../../lib/gcc/pic32mx/4.8.3/../../../../pic32mx/lib\libpic32.a(vector13.o)
                0x9d03f3a0                __vector_dispatch_13
                0x00000001                ASSERT (((_vector_spacing == 0x0) || (SIZEOF (.vector_13) <= (_vector_spacing << 0x5))), function at exception vector 13 too large)

.vector_14      0x9d03f3c0        0x8
 *(.vector_14)
 .vector_14     0x9d03f3c0        0x8 c:/program files/microchip/xc32/v2.41/bin/bin/../../lib/gcc/pic32mx/4.8.3/../../../../pic32mx/lib\libpic32.a(vector14.o)
                0x9d03f3c0                __vector_dispatch_14
                0x00000001                ASSERT (((_vector_spacing == 0x0) || (SIZEOF (.vector_14) <= (_vector_spacing << 0x5))), function at exception vector 14 too large)

.vector_15      0x9d03f3e0        0x8
 *(.vector_15)
 .vector_15     0x9d03f3e0        0x8 c:/program files/microchip/xc32/v2.41/bin/bin/../../lib/gcc/pic32mx/4.8.3/../../../../pic32mx/lib\libpic32.a(vector15.o)
                0x9d03f3e0                __vector_dispatch_15
                0x00000001                ASSERT (((_vector_spacing == 0x0) || (SIZEOF (.vector_15) <= (_vector_spacing << 0x5))), function at exception vector 15 too large)

.vector_16      0x9d03f400        0x8
 *(.vector_16)
 .vector_16     0x9d03f400        0x8 c:/program files/microchip/xc32/v2.41/bin/bin/../../lib/gcc/pic32mx/4.8.3/../../../../pic32mx/lib\libpic32.a(vector16.o)
                0x9d03f400                __vector_dispatch_16
                0x00000001                ASSERT (((_vector_spacing == 0x0) || (SIZEOF (.vector_16) <= (_vector_spacing << 0x5))), function at exception vector 16 too large)

.vector_17      0x9d03f420        0x8
 *(.vector_17)
 .vector_17     0x9d03f420        0x8 c:/program files/microchip/xc32/v2.41/bin/bin/../../lib/gcc/pic32mx/4.8.3/../../../../pic32mx/lib\libpic32.a(vector17.o)
                0x9d03f420                __vector_dispatch_17
                0x00000001                ASSERT (((_vector_spacing == 0x0) || (SIZEOF (.vector_17) <= (_vector_spacing << 0x5))), function at exception vector 17 too large)

.vector_18      0x9d03f440        0x8
 *(.vector_18)
 .vector_18     0x9d03f440        0x8 c:/program files/microchip/xc32/v2.41/bin/bin/../../lib/gcc/pic32mx/4.8.3/../../../../pic32mx/lib\libpic32.a(vector18.o)
                0x9d03f440                __vector_dispatch_18
                0x00000001                ASSERT (((_vector_spacing == 0x0) || (SIZEOF (.vector_18) <= (_vector_spacing << 0x5))), function at exception vector 18 too large)

.vector_19      0x9d03f460        0x8
 *(.vector_19)
 .vector_19     0x9d03f460        0x8 c:/program files/microchip/xc32/v2.41/bin/bin/../../lib/gcc/pic32mx/4.8.3/../../../../pic32mx/lib\libpic32.a(vector19.o)
                0x9d03f460                __vector_dispatch_19
                0x00000001                ASSERT (((_vector_spacing == 0x0) || (SIZEOF (.vector_19) <= (_vector_spacing << 0x5))), function at exception vector 19 too large)

.vector_20      0x9d03f480        0x8
 *(.vector_20)
 .vector_20     0x9d03f480        0x8 c:/program files/microchip/xc32/v2.41/bin/bin/../../lib/gcc/pic32mx/4.8.3/../../../../pic32mx/lib\libpic32.a(vector20.o)
                0x9d03f480                __vector_dispatch_20
                0x00000001                ASSERT (((_vector_spacing == 0x0) || (SIZEOF (.vector_20) <= (_vector_spacing << 0x5))), function at exception vector 20 too large)

.vector_21      0x9d03f4a0        0x8
 *(.vector_21)
 .vector_21     0x9d03f4a0        0x8 c:/program files/microchip/xc32/v2.41/bin/bin/../../lib/gcc/pic32mx/4.8.3/../../../../pic32mx/lib\libpic32.a(vector21.o)
                0x9d03f4a0                __vector_dispatch_21
                0x00000001                ASSERT (((_vector_spacing == 0x0) || (SIZEOF (.vector_21) <= (_vector_spacing << 0x5))), function at exception vector 21 too large)

.vector_22      0x9d03f4c0        0x8
 *(.vector_22)
 .vector_22     0x9d03f4c0        0x8 c:/program files/microchip/xc32/v2.41/bin/bin/../../lib/gcc/pic32mx/4.8.3/../../../../pic32mx/lib\libpic32.a(vector22.o)
                0x9d03f4c0                __vector_dispatch_22
                0x00000001                ASSERT (((_vector_spacing == 0x0) || (SIZEOF (.vector_22) <= (_vector_spacing << 0x5))), function at exception vector 22 too large)

.vector_23      0x9d03f4e0        0x8
 *(.vector_23)
 .vector_23     0x9d03f4e0        0x8 c:/program files/microchip/xc32/v2.41/bin/bin/../../lib/gcc/pic32mx/4.8.3/../../../../pic32mx/lib\libpic32.a(vector23.o)
                0x9d03f4e0                __vector_dispatch_23
                0x00000001                ASSERT (((_vector_spacing == 0x0) || (SIZEOF (.vector_23) <= (_vector_spacing << 0x5))), function at exception vector 23 too large)

.vector_24      0x9d03f500        0x8
 *(.vector_24)
 .vector_24     0x9d03f500        0x8 c:/program files/microchip/xc32/v2.41/bin/bin/../../lib/gcc/pic32mx/4.8.3/../../../../pic32mx/lib\libpic32.a(vector24.o)
                0x9d03f500                __vector_dispatch_24
                0x00000001                ASSERT (((_vector_spacing == 0x0) || (SIZEOF (.vector_24) <= (_vector_spacing << 0x5))), function at exception vector 24 too large)

.vector_25      0x9d03f520        0x8
 *(.vector_25)
 .vector_25     0x9d03f520        0x8 c:/program files/microchip/xc32/v2.41/bin/bin/../../lib/gcc/pic32mx/4.8.3/../../../../pic32mx/lib\libpic32.a(vector25.o)
                0x9d03f520                __vector_dispatch_25
                0x00000001                ASSERT (((_vector_spacing == 0x0) || (SIZEOF (.vector_25) <= (_vector_spacing << 0x5))), function at exception vector 25 too large)

.vector_26      0x9d03f540        0x8
 *(.vector_26)
 .vector_26     0x9d03f540        0x8 c:/program files/microchip/xc32/v2.41/bin/bin/../../lib/gcc/pic32mx/4.8.3/../../../../pic32mx/lib\libpic32.a(vector26.o)
                0x9d03f540                __vector_dispatch_26
                0x00000001                ASSERT (((_vector_spacing == 0x0) || (SIZEOF (.vector_26) <= (_vector_spacing << 0x5))), function at exception vector 26 too large)

.vector_27      0x9d03f560        0x8
 *(.vector_27)
 .vector_27     0x9d03f560        0x8 c:/program files/microchip/xc32/v2.41/bin/bin/../../lib/gcc/pic32mx/4.8.3/../../../../pic32mx/lib\libpic32.a(vector27.o)
                0x9d03f560                __vector_dispatch_27
                0x00000001                ASSERT (((_vector_spacing == 0x0) || (SIZEOF (.vector_27) <= (_vector_spacing << 0x5))), function at exception vector 27 too large)

.vector_28      0x9d03f580        0x8
 *(.vector_28)
 .vector_28     0x9d03f580        0x8 c:/program files/microchip/xc32/v2.41/bin/bin/../../lib/gcc/pic32mx/4.8.3/../../../../pic32mx/lib\libpic32.a(vector28.o)
                0x9d03f580                __vector_dispatch_28
                0x00000001                ASSERT (((_vector_spacing == 0x0) || (SIZEOF (.vector_28) <= (_vector_spacing << 0x5))), function at exception vector 28 too large)

.vector_29      0x9d03f5a0        0x8
 *(.vector_29)
 .vector_29     0x9d03f5a0        0x8 c:/program files/microchip/xc32/v2.41/bin/bin/../../lib/gcc/pic32mx/4.8.3/../../../../pic32mx/lib\libpic32.a(vector29.o)
                0x9d03f5a0                __vector_dispatch_29
                0x00000001                ASSERT (((_vector_spacing == 0x0) || (SIZEOF (.vector_29) <= (_vector_spacing << 0x5))), function at exception vector 29 too large)

.vector_30      0x9d03f5c0        0x8
 *(.vector_30)
 .vector_30     0x9d03f5c0        0x8 c:/program files/microchip/xc32/v2.41/bin/bin/../../lib/gcc/pic32mx/4.8.3/../../../../pic32mx/lib\libpic32.a(vector30.o)
                0x9d03f5c0                __vector_dispatch_30
                0x00000001                ASSERT (((_vector_spacing == 0x0) || (SIZEOF (.vector_30) <= (_vector_spacing << 0x5))), function at exception vector 30 too large)

.vector_31      0x9d03f5e0        0x8
 *(.vector_31)
 .vector_31     0x9d03f5e0        0x8 c:/program files/microchip/xc32/v2.41/bin/bin/../../lib/gcc/pic32mx/4.8.3/../../../../pic32mx/lib\libpic32.a(vector31.o)
                0x9d03f5e0                __vector_dispatch_31
                0x00000001                ASSERT (((_vector_spacing == 0x0) || (SIZEOF (.vector_31) <= (_vector_spacing << 0x5))), function at exception vector 31 too large)

.vector_32      0x9d03f600        0x8
 *(.vector_32)
 .vector_32     0x9d03f600        0x8 c:/program files/microchip/xc32/v2.41/bin/bin/../../lib/gcc/pic32mx/4.8.3/../../../../pic32mx/lib\libpic32.a(vector32.o)
                0x9d03f600                __vector_dispatch_32
                0x00000001                ASSERT (((_vector_spacing == 0x0) || (SIZEOF (.vector_32) <= (_vector_spacing << 0x5))), function at exception vector 32 too large)

.vector_33      0x9d03f620        0x8
 *(.vector_33)
 .vector_33     0x9d03f620        0x8 c:/program files/microchip/xc32/v2.41/bin/bin/../../lib/gcc/pic32mx/4.8.3/../../../../pic32mx/lib\libpic32.a(vector33.o)
                0x9d03f620                __vector_dispatch_33
                0x00000001                ASSERT (((_vector_spacing == 0x0) || (SIZEOF (.vector_33) <= (_vector_spacing << 0x5))), function at exception vector 33 too large)

.vector_34      0x9d03f640        0x8
 *(.vector_34)
 .vector_34     0x9d03f640        0x8 c:/program files/microchip/xc32/v2.41/bin/bin/../../lib/gcc/pic32mx/4.8.3/../../../../pic32mx/lib\libpic32.a(vector34.o)
                0x9d03f640                __vector_dispatch_34
                0x00000001                ASSERT (((_vector_spacing == 0x0) || (SIZEOF (.vector_34) <= (_vector_spacing << 0x5))), function at exception vector 34 too large)

.vector_35      0x9d03f660        0x8
 *(.vector_35)
 .vector_35     0x9d03f660        0x8 c:/program files/microchip/xc32/v2.41/bin/bin/../../lib/gcc/pic32mx/4.8.3/../../../../pic32mx/lib\libpic32.a(vector35.o)
                0x9d03f660                __vector_dispatch_35
                0x00000001                ASSERT (((_vector_spacing == 0x0) || (SIZEOF (.vector_35) <= (_vector_spacing << 0x5))), function at exception vector 35 too large)

.vector_36      0x9d03f680        0x8
 *(.vector_36)
 .vector_36     0x9d03f680        0x8 c:/program files/microchip/xc32/v2.41/bin/bin/../../lib/gcc/pic32mx/4.8.3/../../../../pic32mx/lib\libpic32.a(vector36.o)
                0x9d03f680                __vector_dispatch_36
                0x00000001                ASSERT (((_vector_spacing == 0x0) || (SIZEOF (.vector_36) <= (_vector_spacing << 0x5))), function at exception vector 36 too large)

.vector_37      0x9d03f6a0        0x8
 *(.vector_37)
 .vector_37     0x9d03f6a0        0x8 c:/program files/microchip/xc32/v2.41/bin/bin/../../lib/gcc/pic32mx/4.8.3/../../../../pic32mx/lib\libpic32.a(vector37.o)
                0x9d03f6a0                __vector_dispatch_37
                0x00000001                ASSERT (((_vector_spacing == 0x0) || (SIZEOF (.vector_37) <= (_vector_spacing << 0x5))), function at exception vector 37 too large)

.vector_38      0x9d03f6c0        0x8
 *(.vector_38)
 .vector_38     0x9d03f6c0        0x8 c:/program files/microchip/xc32/v2.41/bin/bin/../../lib/gcc/pic32mx/4.8.3/../../../../pic32mx/lib\libpic32.a(vector38.o)
                0x9d03f6c0                __vector_dispatch_38
                0x00000001                ASSERT (((_vector_spacing == 0x0) || (SIZEOF (.vector_38) <= (_vector_spacing << 0x5))), function at exception vector 38 too large)

.vector_39      0x9d03f6e0        0x8
 *(.vector_39)
 .vector_39     0x9d03f6e0        0x8 c:/program files/microchip/xc32/v2.41/bin/bin/../../lib/gcc/pic32mx/4.8.3/../../../../pic32mx/lib\libpic32.a(vector39.o)
                0x9d03f6e0                __vector_dispatch_39
                0x00000001                ASSERT (((_vector_spacing == 0x0) || (SIZEOF (.vector_39) <= (_vector_spacing << 0x5))), function at exception vector 39 too large)

.vector_40      0x9d03f700        0x8
 *(.vector_40)
 .vector_40     0x9d03f700        0x8 c:/program files/microchip/xc32/v2.41/bin/bin/../../lib/gcc/pic32mx/4.8.3/../../../../pic32mx/lib\libpic32.a(vector40.o)
                0x9d03f700                __vector_dispatch_40
                0x00000001                ASSERT (((_vector_spacing == 0x0) || (SIZEOF (.vector_40) <= (_vector_spacing << 0x5))), function at exception vector 40 too large)

.vector_41      0x9d03f720        0x8
 *(.vector_41)
 .vector_41     0x9d03f720        0x8 c:/program files/microchip/xc32/v2.41/bin/bin/../../lib/gcc/pic32mx/4.8.3/../../../../pic32mx/lib\libpic32.a(vector41.o)
                0x9d03f720                __vector_dispatch_41
                0x00000001                ASSERT (((_vector_spacing == 0x0) || (SIZEOF (.vector_41) <= (_vector_spacing << 0x5))), function at exception vector 41 too large)

.vector_42      0x9d03f740        0x8
 *(.vector_42)
 .vector_42     0x9d03f740        0x8 c:/program files/microchip/xc32/v2.41/bin/bin/../../lib/gcc/pic32mx/4.8.3/../../../../pic32mx/lib\libpic32.a(vector42.o)
                0x9d03f740                __vector_dispatch_42
                0x00000001                ASSERT (((_vector_spacing == 0x0) || (SIZEOF (.vector_42) <= (_vector_spacing << 0x5))), function at exception vector 42 too large)

.vector_43      0x9d03f760        0x8
 *(.vector_43)
 .vector_43     0x9d03f760        0x8 c:/program files/microchip/xc32/v2.41/bin/bin/../../lib/gcc/pic32mx/4.8.3/../../../../pic32mx/lib\libpic32.a(vector43.o)
                0x9d03f760                __vector_dispatch_43
                0x00000001                ASSERT (((_vector_spacing == 0x0) || (SIZEOF (.vector_43) <= (_vector_spacing << 0x5))), function at exception vector 43 too large)

.vector_44      0x9d03f780        0x0
 *(.vector_44)
                0x00000001                ASSERT (((_vector_spacing == 0x0) || (SIZEOF (.vector_44) <= (_vector_spacing << 0x5))), function at exception vector 44 too large)

.vector_45      0x9d03f7a0        0x0
 *(.vector_45)
                0x00000001                ASSERT (((_vector_spacing == 0x0) || (SIZEOF (.vector_45) <= (_vector_spacing << 0x5))), function at exception vector 45 too large)

.vector_46      0x9d03f7c0        0x0
 *(.vector_46)
                0x00000001                ASSERT (((_vector_spacing == 0x0) || (SIZEOF (.vector_46) <= (_vector_spacing << 0x5))), function at exception vector 46 too large)

.vector_47      0x9d03f7e0        0x0
 *(.vector_47)
                0x00000001                ASSERT (((_vector_spacing == 0x0) || (SIZEOF (.vector_47) <= (_vector_spacing << 0x5))), function at exception vector 47 too large)

.vector_48      0x9d03f800        0x0
 *(.vector_48)
                0x00000001                ASSERT (((_vector_spacing == 0x0) || (SIZEOF (.vector_48) <= (_vector_spacing << 0x5))), function at exception vector 48 too large)

.vector_49      0x9d03f820        0x0
 *(.vector_49)
                0x00000001                ASSERT (((_vector_spacing == 0x0) || (SIZEOF (.vector_49) <= (_vector_spacing << 0x5))), function at exception vector 49 too large)

.vector_50      0x9d03f840        0x0
 *(.vector_50)
                0x00000001                ASSERT (((_vector_spacing == 0x0) || (SIZEOF (.vector_50) <= (_vector_spacing << 0x5))), function at exception vector 50 too large)

.vector_51      0x9d03f860        0x0
 *(.vector_51)
                0x00000001                ASSERT (((_vector_spacing == 0x0) || (SIZEOF (.vector_51) <= (_vector_spacing << 0x5))), function at exception vector 51 too large)

.vector_52      0x9d03f880        0x0
 *(.vector_52)
                0x00000001                ASSERT (((_vector_spacing == 0x0) || (SIZEOF (.vector_52) <= (_vector_spacing << 0x5))), function at exception vector 52 too large)

.vector_53      0x9d03f8a0        0x0
 *(.vector_53)
                0x00000001                ASSERT (((_vector_spacing == 0x0) || (SIZEOF (.vector_53) <= (_vector_spacing << 0x5))), function at exception vector 53 too large)

.vector_54      0x9d03f8c0        0x0
 *(.vector_54)
                0x00000001                ASSERT (((_vector_spacing == 0x0) || (SIZEOF (.vector_54) <= (_vector_spacing << 0x5))), function at exception vector 54 too large)

.vector_55      0x9d03f8e0        0x0
 *(.vector_55)
                0x00000001                ASSERT (((_vector_spacing == 0x0) || (SIZEOF (.vector_55) <= (_vector_spacing << 0x5))), function at exception vector 55 too large)

.vector_56      0x9d03f900        0x0
 *(.vector_56)
                0x00000001                ASSERT (((_vector_spacing == 0x0) || (SIZEOF (.vector_56) <= (_vector_spacing << 0x5))), function at exception vector 56 too large)

.vector_57      0x9d03f920        0x0
 *(.vector_57)
                0x00000001                ASSERT (((_vector_spacing == 0x0) || (SIZEOF (.vector_57) <= (_vector_spacing << 0x5))), function at exception vector 57 too large)

.vector_58      0x9d03f940        0x0
 *(.vector_58)
                0x00000001                ASSERT (((_vector_spacing == 0x0) || (SIZEOF (.vector_58) <= (_vector_spacing << 0x5))), function at exception vector 58 too large)

.vector_59      0x9d03f960        0x0
 *(.vector_59)
                0x00000001                ASSERT (((_vector_spacing == 0x0) || (SIZEOF (.vector_59) <= (_vector_spacing << 0x5))), function at exception vector 59 too large)

.vector_60      0x9d03f980        0x0
 *(.vector_60)
                0x00000001                ASSERT (((_vector_spacing == 0x0) || (SIZEOF (.vector_60) <= (_vector_spacing << 0x5))), function at exception vector 60 too large)

.vector_61      0x9d03f9a0        0x0
 *(.vector_61)
                0x00000001                ASSERT (((_vector_spacing == 0x0) || (SIZEOF (.vector_61) <= (_vector_spacing << 0x5))), function at exception vector 61 too large)

.vector_62      0x9d03f9c0        0x0
 *(.vector_62)
                0x00000001                ASSERT (((_vector_spacing == 0x0) || (SIZEOF (.vector_62) <= (_vector_spacing << 0x5))), function at exception vector 62 too large)

.vector_63      0x9d03f9e0        0x0
 *(.vector_63)
                0x00000001                ASSERT (((_vector_spacing == 0x0) || (SIZEOF (.vector_63) <= (_vector_spacing << 0x5))), function at exception vector 63 too large)

.startup
 *(.startup)

.text           0x9d000000        0x0
 *(.stub .gnu.linkonce.t.*)
 *(.text.*personality*)
 *(.mips16.fn.*)
 *(.mips16.call.*)
 *(.gnu.warning)
                0x9d000000                . = ALIGN (0x4)

.init           0x9d000000        0x0
 *crti.o(.init)
 *crtbegin.o(.init)
 *(EXCLUDE_FILE(*crtn.o *crtend?.o *crtend.o) .init)
 *crtend.o(.init)
 *crtn.o(.init)
                0x9d000000                . = ALIGN (0x4)

.fini           0x9d000000        0x0
 *(.fini)
                0x9d000000                . = ALIGN (0x4)

.preinit_array  0x9d000000        0x0
                0x9d000000                PROVIDE (__preinit_array_start, .)
 *(.preinit_array)
                0x9d000000                PROVIDE (__preinit_array_end, .)
                0x9d000000                . = ALIGN (0x4)

.init_array     0x9d000000        0x0
                0x9d000000                PROVIDE (__init_array_start, .)
 *(SORT(.init_array.*))
 *(.init_array)
                0x9d000000                PROVIDE (__init_array_end, .)
                0x9d000000                . = ALIGN (0x4)

.fini_array     0x9d000000        0x0
                0x9d000000                PROVIDE (__fini_array_start, .)
 *(SORT(.fini_array.*))
 *(.fini_array)
                0x9d000000                PROVIDE (__fini_array_end, .)
                0x9d000000                . = ALIGN (0x4)

.ctors          0x9d000000        0x0
 *crtbegin.o(.ctors)
 *crtbegin?.o(.ctors)
 *(EXCLUDE_FILE(*crtend?.o *crtend.o) .ctors)
 *(SORT(.ctors.*))
 *(.ctors)
                0x9d000000                . = ALIGN (0x4)

.dtors          0x9d000000        0x0
 *crtbegin.o(.dtors)
 *crtbegin?.o(.dtors)
 *(EXCLUDE_FILE(*crtend?.o *crtend.o) .dtors)
 *(SORT(.dtors.*))
 *(.dtors)
                0x9d000000                . = ALIGN (0x4)

.rodata         0x9d000000        0x0
 *(.gnu.linkonce.r.*)
 *(.rodata1)
                0x9d000000                . = ALIGN (0x4)

.sdata2         0x9fc00490        0x0
 *(.sdata2 .sdata2.* .gnu.linkonce.s2.*)
                0x9fc00490                . = ALIGN (0x4)

.sbss2          0x9fc00490        0x0
 *(.sbss2 .sbss2.* .gnu.linkonce.sb2.*)
                0x9fc00490                . = ALIGN (0x4)

.eh_frame_hdr
 *(.eh_frame_hdr)
                0x9fc00490                . = ALIGN (0x4)

.eh_frame
 *(.eh_frame)
                0x9fc00490                . = ALIGN (0x4)

.gcc_except_table
 *(.gcc_except_table .gcc_except_table.*)
                0x9fc00490                . = ALIGN (0x4)

.dbg_data       0xa0000000        0x0
                0xa0000000                . = (. + DEFINED (_DEBUGGER)?0x200:0x0)

.jcr            0xa0000000        0x0
 *(.jcr)
                0xa0000000                . = ALIGN (0x4)

.eh_frame
 *(.eh_frame)
                0xa0000000                . = ALIGN (0x4)

.gcc_except_table
 *(.gcc_except_table .gcc_except_table.*)
                0xa0000000                . = ALIGN (0x4)

.persist        0xa0000000        0x0
                0xa0000000                _persist_begin = .
 *(.persist .persist.*)
 *(.pbss .pbss.*)
                0xa0000000                . = ALIGN (0x4)
                0xa0000000                _persist_end = .

.data           0xa0000000        0x0
 *(.gnu.linkonce.d.*)
 *(.data1)
                0xa0000000                . = ALIGN (0x4)
                0xa0000000                . = .
                0xa0007ff0                _gp = (ALIGN (0x10) + 0x7ff0)

.got            0xa0000000        0x0
 *(.got.plt)
 *(.got)
                0xa0000000                . = ALIGN (0x4)

.sdata          0xa0000000        0x4
                0xa0000000                _sdata_begin = .
 *(.sdata .sdata.* .gnu.linkonce.s.*)
 .sdata         0xa0000000        0x2 build/Justu8g2POC/production/u8g2/u8g2_TestHarness_main.o
                0xa0000004                . = ALIGN (0x4)
 *fill*         0xa0000002        0x2 
                0xa0000004                _sdata_end = .

.lit8
 *(.lit8)

.lit4
 *(.lit4)
                0xa0000004                . = ALIGN (0x4)
                0xa0000004                _data_end = .
                0xa0000004                _bss_begin = .

.sbss           0xa0000004       0x24
                0xa0000004                _sbss_begin = .
 *(.dynsbss)
 *(.sbss .sbss.* .gnu.linkonce.sb.*)
 .sbss          0xa0000004        0x2 build/Justu8g2POC/production/u8g2/u8g2_TestHarness_main.o
 *fill*         0xa0000006        0x2 
 .sbss          0xa0000008        0x4 build/Justu8g2POC/production/u8g2/common.o
 .sbss          0xa000000c        0x8 build/Justu8g2POC/production/u8g2/u8g2_setup.o
 .sbss          0xa0000014        0x2 build/Justu8g2POC/production/u8g2/u8x8_byte.o
 .sbss          0xa0000016        0x4 build/Justu8g2POC/production/u8g2/u8x8_cad.o
 *fill*         0xa000001a        0x2 
 .sbss          0xa000001c        0x8 build/Justu8g2POC/production/u8g2/u8x8_u16toa.o
 .sbss          0xa0000024        0x4 build/Justu8g2POC/production/u8g2/u8x8_u8toa.o
 *(.scommon)
                0xa0000028                _sbss_end = .
                0xa0000028                . = ALIGN (0x4)

.bss            0xa0000028        0x0
 *(.dynbss)
 *(COMMON)
                0xa0000028                . = ALIGN ((. != 0x0)?0x4:0x1)
                0xa0000028                . = ALIGN (0x4)
                0xa0000028                _end = .
                0xa0000028                _bss_end = .
                0x00010000                _bmxdudba_address = 0x10000
                0x00010000                _bmxdupba_address = 0x10000

/DISCARD/
 *(.pdr)
 *(.rel.dyn)
 *(.note.GNU-stack)
 *(.note.GNU-stack)
 *(.gnu_debuglink)
 *(.gnu.lto_*)
 *(.discard)

.gptab.sdata
 *(.gptab.data)
 *(.gptab.sdata)

.gptab.sbss
 *(.gptab.bss)
 *(.gptab.sbss)

.mdebug.abi32   0xa0000028        0x0
 *(.mdebug.abi32)
 .mdebug.abi32  0xa0000028        0x0 build/Justu8g2POC/production/u8g2/u8g2_TestHarness_main.o
 .mdebug.abi32  0xa0000028        0x0 build/Justu8g2POC/production/u8g2/common.o
 .mdebug.abi32  0xa0000028        0x0 build/Justu8g2POC/production/u8g2/spi_master.o
 .mdebug.abi32  0xa0000028        0x0 build/Justu8g2POC/production/u8g2/u8g2_bitmap.o
 .mdebug.abi32  0xa0000028        0x0 build/Justu8g2POC/production/u8g2/u8g2_box.o
 .mdebug.abi32  0xa0000028        0x0 build/Justu8g2POC/production/u8g2/u8g2_buffer.o
 .mdebug.abi32  0xa0000028        0x0 build/Justu8g2POC/production/u8g2/u8g2_circle.o
 .mdebug.abi32  0xa0000028        0x0 build/Justu8g2POC/production/u8g2/u8g2_cleardisplay.o
 .mdebug.abi32  0xa0000028        0x0 build/Justu8g2POC/production/u8g2/u8g2_d_memory.o
 .mdebug.abi32  0xa0000028        0x0 build/Justu8g2POC/production/u8g2/u8g2_d_setup.o
 .mdebug.abi32  0xa0000028        0x0 build/Justu8g2POC/production/u8g2/u8g2_font.o
 .mdebug.abi32  0xa0000028        0x0 build/Justu8g2POC/production/u8g2/u8g2_fonts.o
 .mdebug.abi32  0xa0000028        0x0 build/Justu8g2POC/production/u8g2/u8g2_hvline.o
 .mdebug.abi32  0xa0000028        0x0 build/Justu8g2POC/production/u8g2/u8g2_input_value.o
 .mdebug.abi32  0xa0000028        0x0 build/Justu8g2POC/production/u8g2/u8g2_intersection.o
 .mdebug.abi32  0xa0000028        0x0 build/Justu8g2POC/production/u8g2/u8g2_kerning.o
 .mdebug.abi32  0xa0000028        0x0 build/Justu8g2POC/production/u8g2/u8g2_line.o
 .mdebug.abi32  0xa0000028        0x0 build/Justu8g2POC/production/u8g2/u8g2_ll_hvline.o
 .mdebug.abi32  0xa0000028        0x0 build/Justu8g2POC/production/u8g2/u8g2_message.o
 .mdebug.abi32  0xa0000028        0x0 build/Justu8g2POC/production/u8g2/u8g2_pic32mz.o
 .mdebug.abi32  0xa0000028        0x0 build/Justu8g2POC/production/u8g2/u8g2_polygon.o
 .mdebug.abi32  0xa0000028        0x0 build/Justu8g2POC/production/u8g2/u8g2_selection_list.o
 .mdebug.abi32  0xa0000028        0x0 build/Justu8g2POC/production/u8g2/u8g2_setup.o
 .mdebug.abi32  0xa0000028        0x0 build/Justu8g2POC/production/u8g2/u8log.o
 .mdebug.abi32  0xa0000028        0x0 build/Justu8g2POC/production/u8g2/u8log_u8g2.o
 .mdebug.abi32  0xa0000028        0x0 build/Justu8g2POC/production/u8g2/u8log_u8x8.o
 .mdebug.abi32  0xa0000028        0x0 build/Justu8g2POC/production/u8g2/u8x8_8x8.o
 .mdebug.abi32  0xa0000028        0x0 build/Justu8g2POC/production/u8g2/u8x8_byte.o
 .mdebug.abi32  0xa0000028        0x0 build/Justu8g2POC/production/u8g2/u8x8_cad.o
 .mdebug.abi32  0xa0000028        0x0 build/Justu8g2POC/production/u8g2/u8x8_d_ssd1306_128x64_noname.o
 .mdebug.abi32  0xa0000028        0x0 build/Justu8g2POC/production/u8g2/u8x8_debounce.o
 .mdebug.abi32  0xa0000028        0x0 build/Justu8g2POC/production/u8g2/u8x8_display.o
 .mdebug.abi32  0xa0000028        0x0 build/Justu8g2POC/production/u8g2/u8x8_fonts.o
 .mdebug.abi32  0xa0000028        0x0 build/Justu8g2POC/production/u8g2/u8x8_gpio.o
 .mdebug.abi32  0xa0000028        0x0 build/Justu8g2POC/production/u8g2/u8x8_input_value.o
 .mdebug.abi32  0xa0000028        0x0 build/Justu8g2POC/production/u8g2/u8x8_message.o
 .mdebug.abi32  0xa0000028        0x0 build/Justu8g2POC/production/u8g2/u8x8_selection_list.o
 .mdebug.abi32  0xa0000028        0x0 build/Justu8g2POC/production/u8g2/u8x8_setup.o
 .mdebug.abi32  0xa0000028        0x0 build/Justu8g2POC/production/u8g2/u8x8_string.o
 .mdebug.abi32  0xa0000028        0x0 build/Justu8g2POC/production/u8g2/u8x8_u16toa.o
 .mdebug.abi32  0xa0000028        0x0 build/Justu8g2POC/production/u8g2/u8x8_u8toa.o
 .mdebug.abi32  0xa0000028        0x0 c:/program files/microchip/xc32/v2.41/bin/bin/../../lib/gcc/pic32mx/4.8.3/../../../../pic32mx/lib\libpic32.a(default-bootstrap-exception-handler.o)
 .mdebug.abi32  0xa0000028        0x0 c:/program files/microchip/xc32/v2.41/bin/bin/../../lib/gcc/pic32mx/4.8.3/../../../../pic32mx/lib\libpic32.a(default-on-reset.o)
 .mdebug.abi32  0xa0000028        0x0 c:/program files/microchip/xc32/v2.41/bin/bin/../../lib/gcc/pic32mx/4.8.3/../../../../pic32mx/lib\libpic32.a(default-on-bootstrap.o)
 .mdebug.abi32  0xa0000028        0x0 c:/program files/microchip/xc32/v2.41/bin/bin/../../lib/gcc/pic32mx/4.8.3/../../../../pic32mx/lib\libpic32.a(default-general-exception-handler.o)
 .mdebug.abi32  0xa0000028        0x0 c:/program files/microchip/xc32/v2.41/bin/bin/../../lib/gcc/pic32mx/4.8.3/../../../../pic32mx/lib\libpic32.a(defaultinterrupt.o)

.mdebug.abiN32
 *(.mdebug.abiN32)

.mdebug.abi64
 *(.mdebug.abi64)

.mdebug.abiO64
 *(.mdebug.abiO64)

.mdebug.eabi32
 *(.mdebug.eabi32)

.mdebug.eabi64
 *(.mdebug.eabi64)

.gcc_compiled_long32
 *(.gcc_compiled_long32)

.gcc_compiled_long64
 *(.gcc_compiled_long64)

.stab
 *(.stab)

.stabstr
 *(.stabstr)

.stab.excl
 *(.stab.excl)

.stab.exclstr
 *(.stab.exclstr)

.stab.index
 *(.stab.index)

.stab.indexstr
 *(.stab.indexstr)

.comment        0x00000000       0x54
 *(.comment)
 .comment       0x00000000       0x3c build/Justu8g2POC/production/u8g2/u8g2_TestHarness_main.o
                                 0x3d (size before relaxing)
 .comment       0x00000000       0x3d build/Justu8g2POC/production/u8g2/common.o
 .comment       0x00000000       0x3d build/Justu8g2POC/production/u8g2/spi_master.o
 .comment       0x00000000       0x3d build/Justu8g2POC/production/u8g2/u8g2_bitmap.o
 .comment       0x00000000       0x3d build/Justu8g2POC/production/u8g2/u8g2_box.o
 .comment       0x00000000       0x3d build/Justu8g2POC/production/u8g2/u8g2_buffer.o
 .comment       0x00000000       0x3d build/Justu8g2POC/production/u8g2/u8g2_circle.o
 .comment       0x00000000       0x3d build/Justu8g2POC/production/u8g2/u8g2_cleardisplay.o
 .comment       0x00000000       0x3d build/Justu8g2POC/production/u8g2/u8g2_d_memory.o
 .comment       0x00000000       0x3d build/Justu8g2POC/production/u8g2/u8g2_d_setup.o
 .comment       0x00000000       0x3d build/Justu8g2POC/production/u8g2/u8g2_font.o
 .comment       0x00000000       0x3d build/Justu8g2POC/production/u8g2/u8g2_fonts.o
 .comment       0x00000000       0x3d build/Justu8g2POC/production/u8g2/u8g2_hvline.o
 .comment       0x00000000       0x3d build/Justu8g2POC/production/u8g2/u8g2_input_value.o
 .comment       0x00000000       0x3d build/Justu8g2POC/production/u8g2/u8g2_intersection.o
 .comment       0x00000000       0x3d build/Justu8g2POC/production/u8g2/u8g2_kerning.o
 .comment       0x00000000       0x3d build/Justu8g2POC/production/u8g2/u8g2_line.o
 .comment       0x00000000       0x3d build/Justu8g2POC/production/u8g2/u8g2_ll_hvline.o
 .comment       0x00000000       0x3d build/Justu8g2POC/production/u8g2/u8g2_message.o
 .comment       0x00000000       0x3d build/Justu8g2POC/production/u8g2/u8g2_pic32mz.o
 .comment       0x00000000       0x3d build/Justu8g2POC/production/u8g2/u8g2_polygon.o
 .comment       0x00000000       0x3d build/Justu8g2POC/production/u8g2/u8g2_selection_list.o
 .comment       0x00000000       0x3d build/Justu8g2POC/production/u8g2/u8g2_setup.o
 .comment       0x00000000       0x3d build/Justu8g2POC/production/u8g2/u8log.o
 .comment       0x00000000       0x3d build/Justu8g2POC/production/u8g2/u8log_u8g2.o
 .comment       0x00000000       0x3d build/Justu8g2POC/production/u8g2/u8log_u8x8.o
 .comment       0x00000000       0x3d build/Justu8g2POC/production/u8g2/u8x8_8x8.o
 .comment       0x00000000       0x3d build/Justu8g2POC/production/u8g2/u8x8_byte.o
 .comment       0x00000000       0x3d build/Justu8g2POC/production/u8g2/u8x8_cad.o
 .comment       0x00000000       0x3d build/Justu8g2POC/production/u8g2/u8x8_d_ssd1306_128x64_noname.o
 .comment       0x00000000       0x3d build/Justu8g2POC/production/u8g2/u8x8_debounce.o
 .comment       0x00000000       0x3d build/Justu8g2POC/production/u8g2/u8x8_display.o
 .comment       0x00000000       0x3d build/Justu8g2POC/production/u8g2/u8x8_fonts.o
 .comment       0x00000000       0x3d build/Justu8g2POC/production/u8g2/u8x8_gpio.o
 .comment       0x00000000       0x3d build/Justu8g2POC/production/u8g2/u8x8_input_value.o
 .comment       0x00000000       0x3d build/Justu8g2POC/production/u8g2/u8x8_message.o
 .comment       0x00000000       0x3d build/Justu8g2POC/production/u8g2/u8x8_selection_list.o
 .comment       0x00000000       0x3d build/Justu8g2POC/production/u8g2/u8x8_setup.o
 .comment       0x00000000       0x3d build/Justu8g2POC/production/u8g2/u8x8_string.o
 .comment       0x00000000       0x3d build/Justu8g2POC/production/u8g2/u8x8_u16toa.o
 .comment       0x00000000       0x3d build/Justu8g2POC/production/u8g2/u8x8_u8toa.o
 .comment       0x0000003c       0x18 c:/program files/microchip/xc32/v2.41/bin/bin/../../lib/gcc/pic32mx/4.8.3/../../../../pic32mx/lib\libpic32.a(memset.o)
                                 0x19 (size before relaxing)
 .comment       0x00000000       0x3d c:/program files/microchip/xc32/v2.41/bin/bin/../../lib/gcc/pic32mx/4.8.3/../../../../pic32mx/lib\libpic32.a(default-bootstrap-exception-handler.o)
 .comment       0x00000000       0x3d c:/program files/microchip/xc32/v2.41/bin/bin/../../lib/gcc/pic32mx/4.8.3/../../../../pic32mx/lib\libpic32.a(default-on-reset.o)
 .comment       0x00000000       0x3d c:/program files/microchip/xc32/v2.41/bin/bin/../../lib/gcc/pic32mx/4.8.3/../../../../pic32mx/lib\libpic32.a(default-on-bootstrap.o)
 .comment       0x00000000       0x3d c:/program files/microchip/xc32/v2.41/bin/bin/../../lib/gcc/pic32mx/4.8.3/../../../../pic32mx/lib\libpic32.a(default-general-exception-handler.o)
 .comment       0x00000000       0x3d c:/program files/microchip/xc32/v2.41/bin/bin/../../lib/gcc/pic32mx/4.8.3/../../../../pic32mx/lib\libpic32.a(defaultinterrupt.o)

.debug
 *(.debug)

.line
 *(.line)

.debug_srcinfo
 *(.debug_srcinfo)

.debug_sfnames
 *(.debug_sfnames)

.debug_aranges  0x00000000      0x5b0
 *(.debug_aranges)
 .debug_aranges
                0x00000000       0x20 build/Justu8g2POC/production/u8g2/u8g2_TestHarness_main.o
 .debug_aranges
                0x00000020       0x20 build/Justu8g2POC/production/u8g2/common.o
 .debug_aranges
                0x00000040       0x20 build/Justu8g2POC/production/u8g2/spi_master.o
 .debug_aranges
                0x00000060       0x20 build/Justu8g2POC/production/u8g2/u8g2_bitmap.o
 .debug_aranges
                0x00000080       0x20 build/Justu8g2POC/production/u8g2/u8g2_box.o
 .debug_aranges
                0x000000a0       0x20 build/Justu8g2POC/production/u8g2/u8g2_buffer.o
 .debug_aranges
                0x000000c0       0x20 build/Justu8g2POC/production/u8g2/u8g2_circle.o
 .debug_aranges
                0x000000e0       0x20 build/Justu8g2POC/production/u8g2/u8g2_cleardisplay.o
 .debug_aranges
                0x00000100       0x20 build/Justu8g2POC/production/u8g2/u8g2_d_memory.o
 .debug_aranges
                0x00000120       0x20 build/Justu8g2POC/production/u8g2/u8g2_d_setup.o
 .debug_aranges
                0x00000140       0x20 build/Justu8g2POC/production/u8g2/u8g2_font.o
 .debug_aranges
                0x00000160       0x18 build/Justu8g2POC/production/u8g2/u8g2_fonts.o
 .debug_aranges
                0x00000178       0x20 build/Justu8g2POC/production/u8g2/u8g2_hvline.o
 .debug_aranges
                0x00000198       0x20 build/Justu8g2POC/production/u8g2/u8g2_input_value.o
 .debug_aranges
                0x000001b8       0x20 build/Justu8g2POC/production/u8g2/u8g2_intersection.o
 .debug_aranges
                0x000001d8       0x20 build/Justu8g2POC/production/u8g2/u8g2_kerning.o
 .debug_aranges
                0x000001f8       0x20 build/Justu8g2POC/production/u8g2/u8g2_line.o
 .debug_aranges
                0x00000218       0x20 build/Justu8g2POC/production/u8g2/u8g2_ll_hvline.o
 .debug_aranges
                0x00000238       0x20 build/Justu8g2POC/production/u8g2/u8g2_message.o
 .debug_aranges
                0x00000258       0x20 build/Justu8g2POC/production/u8g2/u8g2_pic32mz.o
 .debug_aranges
                0x00000278       0x20 build/Justu8g2POC/production/u8g2/u8g2_polygon.o
 .debug_aranges
                0x00000298       0x20 build/Justu8g2POC/production/u8g2/u8g2_selection_list.o
 .debug_aranges
                0x000002b8       0x20 build/Justu8g2POC/production/u8g2/u8g2_setup.o
 .debug_aranges
                0x000002d8       0x20 build/Justu8g2POC/production/u8g2/u8log.o
 .debug_aranges
                0x000002f8       0x20 build/Justu8g2POC/production/u8g2/u8log_u8g2.o
 .debug_aranges
                0x00000318       0x20 build/Justu8g2POC/production/u8g2/u8log_u8x8.o
 .debug_aranges
                0x00000338       0x20 build/Justu8g2POC/production/u8g2/u8x8_8x8.o
 .debug_aranges
                0x00000358       0x20 build/Justu8g2POC/production/u8g2/u8x8_byte.o
 .debug_aranges
                0x00000378       0x20 build/Justu8g2POC/production/u8g2/u8x8_cad.o
 .debug_aranges
                0x00000398       0x20 build/Justu8g2POC/production/u8g2/u8x8_d_ssd1306_128x64_noname.o
 .debug_aranges
                0x000003b8       0x20 build/Justu8g2POC/production/u8g2/u8x8_debounce.o
 .debug_aranges
                0x000003d8       0x20 build/Justu8g2POC/production/u8g2/u8x8_display.o
 .debug_aranges
                0x000003f8       0x18 build/Justu8g2POC/production/u8g2/u8x8_fonts.o
 .debug_aranges
                0x00000410       0x20 build/Justu8g2POC/production/u8g2/u8x8_gpio.o
 .debug_aranges
                0x00000430       0x20 build/Justu8g2POC/production/u8g2/u8x8_input_value.o
 .debug_aranges
                0x00000450       0x20 build/Justu8g2POC/production/u8g2/u8x8_message.o
 .debug_aranges
                0x00000470       0x20 build/Justu8g2POC/production/u8g2/u8x8_selection_list.o
 .debug_aranges
                0x00000490       0x20 build/Justu8g2POC/production/u8g2/u8x8_setup.o
 .debug_aranges
                0x000004b0       0x20 build/Justu8g2POC/production/u8g2/u8x8_string.o
 .debug_aranges
                0x000004d0       0x20 build/Justu8g2POC/production/u8g2/u8x8_u16toa.o
 .debug_aranges
                0x000004f0       0x20 build/Justu8g2POC/production/u8g2/u8x8_u8toa.o
 .debug_aranges
                0x00000510       0x20 c:/program files/microchip/xc32/v2.41/bin/bin/../../lib/gcc/pic32mx/4.8.3/../../../../pic32mx/lib\libpic32.a(default-bootstrap-exception-handler.o)
 .debug_aranges
                0x00000530       0x20 c:/program files/microchip/xc32/v2.41/bin/bin/../../lib/gcc/pic32mx/4.8.3/../../../../pic32mx/lib\libpic32.a(default-on-reset.o)
 .debug_aranges
                0x00000550       0x20 c:/program files/microchip/xc32/v2.41/bin/bin/../../lib/gcc/pic32mx/4.8.3/../../../../pic32mx/lib\libpic32.a(default-on-bootstrap.o)
 .debug_aranges
                0x00000570       0x20 c:/program files/microchip/xc32/v2.41/bin/bin/../../lib/gcc/pic32mx/4.8.3/../../../../pic32mx/lib\libpic32.a(default-general-exception-handler.o)
 .debug_aranges
                0x00000590       0x20 c:/program files/microchip/xc32/v2.41/bin/bin/../../lib/gcc/pic32mx/4.8.3/../../../../pic32mx/lib\libpic32.a(defaultinterrupt.o)

.debug_pubnames
 *(.debug_pubnames)

.debug_info     0x00000000    0x20586
 *(.debug_info .gnu.linkonce.wi.*)
 .debug_info    0x00000000      0xefe build/Justu8g2POC/production/u8g2/u8g2_TestHarness_main.o
 .debug_info    0x00000efe      0xbb8 build/Justu8g2POC/production/u8g2/common.o
 .debug_info    0x00001ab6      0x1f1 build/Justu8g2POC/production/u8g2/spi_master.o
 .debug_info    0x00001ca7     0x1193 build/Justu8g2POC/production/u8g2/u8g2_bitmap.o
 .debug_info    0x00002e3a     0x108f build/Justu8g2POC/production/u8g2/u8g2_box.o
 .debug_info    0x00003ec9     0x1138 build/Justu8g2POC/production/u8g2/u8g2_buffer.o
 .debug_info    0x00005001     0x158a build/Justu8g2POC/production/u8g2/u8g2_circle.o
 .debug_info    0x0000658b      0xe5f build/Justu8g2POC/production/u8g2/u8g2_cleardisplay.o
 .debug_info    0x000073ea      0x20d build/Justu8g2POC/production/u8g2/u8g2_d_memory.o
 .debug_info    0x000075f7      0xf20 build/Justu8g2POC/production/u8g2/u8g2_d_setup.o
 .debug_info    0x00008517     0x221e build/Justu8g2POC/production/u8g2/u8g2_font.o
 .debug_info    0x0000a735      0x18a build/Justu8g2POC/production/u8g2/u8g2_fonts.o
 .debug_info    0x0000a8bf     0x10b8 build/Justu8g2POC/production/u8g2/u8g2_hvline.o
 .debug_info    0x0000b977      0xf7a build/Justu8g2POC/production/u8g2/u8g2_input_value.o
 .debug_info    0x0000c8f1      0xf09 build/Justu8g2POC/production/u8g2/u8g2_intersection.o
 .debug_info    0x0000d7fa     0x1021 build/Justu8g2POC/production/u8g2/u8g2_kerning.o
 .debug_info    0x0000e81b      0xf08 build/Justu8g2POC/production/u8g2/u8g2_line.o
 .debug_info    0x0000f723      0xfc6 build/Justu8g2POC/production/u8g2/u8g2_ll_hvline.o
 .debug_info    0x000106e9     0x1010 build/Justu8g2POC/production/u8g2/u8g2_message.o
 .debug_info    0x000116f9      0x8fc build/Justu8g2POC/production/u8g2/u8g2_pic32mz.o
 .debug_info    0x00011ff5     0x155d build/Justu8g2POC/production/u8g2/u8g2_polygon.o
 .debug_info    0x00013552     0x124e build/Justu8g2POC/production/u8g2/u8g2_selection_list.o
 .debug_info    0x000147a0     0x15a1 build/Justu8g2POC/production/u8g2/u8g2_setup.o
 .debug_info    0x00015d41      0x7c4 build/Justu8g2POC/production/u8g2/u8log.o
 .debug_info    0x00016505     0x109f build/Justu8g2POC/production/u8g2/u8log_u8g2.o
 .debug_info    0x000175a4      0x934 build/Justu8g2POC/production/u8g2/u8log_u8x8.o
 .debug_info    0x00017ed8     0x1020 build/Justu8g2POC/production/u8g2/u8x8_8x8.o
 .debug_info    0x00018ef8      0xed9 build/Justu8g2POC/production/u8g2/u8x8_byte.o
 .debug_info    0x00019dd1      0xf0e build/Justu8g2POC/production/u8g2/u8x8_cad.o
 .debug_info    0x0001acdf      0xc9c build/Justu8g2POC/production/u8g2/u8x8_d_ssd1306_128x64_noname.o
 .debug_info    0x0001b97b      0x762 build/Justu8g2POC/production/u8g2/u8x8_debounce.o
 .debug_info    0x0001c0dd      0xa93 build/Justu8g2POC/production/u8g2/u8x8_display.o
 .debug_info    0x0001cb70      0x136 build/Justu8g2POC/production/u8g2/u8x8_fonts.o
 .debug_info    0x0001cca6      0x69b build/Justu8g2POC/production/u8g2/u8x8_gpio.o
 .debug_info    0x0001d341      0x78a build/Justu8g2POC/production/u8g2/u8x8_input_value.o
 .debug_info    0x0001dacb      0x7f1 build/Justu8g2POC/production/u8g2/u8x8_message.o
 .debug_info    0x0001e2bc      0x938 build/Justu8g2POC/production/u8g2/u8x8_selection_list.o
 .debug_info    0x0001ebf4      0x7d6 build/Justu8g2POC/production/u8g2/u8x8_setup.o
 .debug_info    0x0001f3ca      0x89b build/Justu8g2POC/production/u8g2/u8x8_string.o
 .debug_info    0x0001fc65      0x24c build/Justu8g2POC/production/u8g2/u8x8_u16toa.o
 .debug_info    0x0001feb1      0x268 build/Justu8g2POC/production/u8g2/u8x8_u8toa.o
 .debug_info    0x00020119       0xf4 c:/program files/microchip/xc32/v2.41/bin/bin/../../lib/gcc/pic32mx/4.8.3/../../../../pic32mx/lib\libpic32.a(default-bootstrap-exception-handler.o)
 .debug_info    0x0002020d       0xcd c:/program files/microchip/xc32/v2.41/bin/bin/../../lib/gcc/pic32mx/4.8.3/../../../../pic32mx/lib\libpic32.a(default-on-reset.o)
 .debug_info    0x000202da       0xd5 c:/program files/microchip/xc32/v2.41/bin/bin/../../lib/gcc/pic32mx/4.8.3/../../../../pic32mx/lib\libpic32.a(default-on-bootstrap.o)
 .debug_info    0x000203af       0xf0 c:/program files/microchip/xc32/v2.41/bin/bin/../../lib/gcc/pic32mx/4.8.3/../../../../pic32mx/lib\libpic32.a(default-general-exception-handler.o)
 .debug_info    0x0002049f       0xe7 c:/program files/microchip/xc32/v2.41/bin/bin/../../lib/gcc/pic32mx/4.8.3/../../../../pic32mx/lib\libpic32.a(defaultinterrupt.o)

.debug_abbrev   0x00000000     0x3078
 *(.debug_abbrev)
 .debug_abbrev  0x00000000      0x125 build/Justu8g2POC/production/u8g2/u8g2_TestHarness_main.o
 .debug_abbrev  0x00000125      0x159 build/Justu8g2POC/production/u8g2/common.o
 .debug_abbrev  0x0000027e       0x76 build/Justu8g2POC/production/u8g2/spi_master.o
 .debug_abbrev  0x000002f4      0x14d build/Justu8g2POC/production/u8g2/u8g2_bitmap.o
 .debug_abbrev  0x00000441      0x129 build/Justu8g2POC/production/u8g2/u8g2_box.o
 .debug_abbrev  0x0000056a      0x158 build/Justu8g2POC/production/u8g2/u8g2_buffer.o
 .debug_abbrev  0x000006c2      0x19b build/Justu8g2POC/production/u8g2/u8g2_circle.o
 .debug_abbrev  0x0000085d       0xec build/Justu8g2POC/production/u8g2/u8g2_cleardisplay.o
 .debug_abbrev  0x00000949       0x91 build/Justu8g2POC/production/u8g2/u8g2_d_memory.o
 .debug_abbrev  0x000009da      0x133 build/Justu8g2POC/production/u8g2/u8g2_d_setup.o
 .debug_abbrev  0x00000b0d      0x282 build/Justu8g2POC/production/u8g2/u8g2_font.o
 .debug_abbrev  0x00000d8f       0x52 build/Justu8g2POC/production/u8g2/u8g2_fonts.o
 .debug_abbrev  0x00000de1      0x13e build/Justu8g2POC/production/u8g2/u8g2_hvline.o
 .debug_abbrev  0x00000f1f      0x10e build/Justu8g2POC/production/u8g2/u8g2_input_value.o
 .debug_abbrev  0x0000102d      0x10a build/Justu8g2POC/production/u8g2/u8g2_intersection.o
 .debug_abbrev  0x00001137      0x119 build/Justu8g2POC/production/u8g2/u8g2_kerning.o
 .debug_abbrev  0x00001250       0xfb build/Justu8g2POC/production/u8g2/u8g2_line.o
 .debug_abbrev  0x0000134b      0x124 build/Justu8g2POC/production/u8g2/u8g2_ll_hvline.o
 .debug_abbrev  0x0000146f      0x128 build/Justu8g2POC/production/u8g2/u8g2_message.o
 .debug_abbrev  0x00001597      0x136 build/Justu8g2POC/production/u8g2/u8g2_pic32mz.o
 .debug_abbrev  0x000016cd      0x208 build/Justu8g2POC/production/u8g2/u8g2_polygon.o
 .debug_abbrev  0x000018d5      0x16b build/Justu8g2POC/production/u8g2/u8g2_selection_list.o
 .debug_abbrev  0x00001a40      0x1b5 build/Justu8g2POC/production/u8g2/u8g2_setup.o
 .debug_abbrev  0x00001bf5      0x154 build/Justu8g2POC/production/u8g2/u8log.o
 .debug_abbrev  0x00001d49      0x115 build/Justu8g2POC/production/u8g2/u8log_u8g2.o
 .debug_abbrev  0x00001e5e      0x10f build/Justu8g2POC/production/u8g2/u8log_u8x8.o
 .debug_abbrev  0x00001f6d      0x212 build/Justu8g2POC/production/u8g2/u8x8_8x8.o
 .debug_abbrev  0x0000217f      0x1a9 build/Justu8g2POC/production/u8g2/u8x8_byte.o
 .debug_abbrev  0x00002328      0x19e build/Justu8g2POC/production/u8g2/u8x8_cad.o
 .debug_abbrev  0x000024c6      0x133 build/Justu8g2POC/production/u8g2/u8x8_d_ssd1306_128x64_noname.o
 .debug_abbrev  0x000025f9      0x10c build/Justu8g2POC/production/u8g2/u8x8_debounce.o
 .debug_abbrev  0x00002705      0x156 build/Justu8g2POC/production/u8g2/u8x8_display.o
 .debug_abbrev  0x0000285b       0x1b build/Justu8g2POC/production/u8g2/u8x8_fonts.o
 .debug_abbrev  0x00002876       0xb8 build/Justu8g2POC/production/u8g2/u8x8_gpio.o
 .debug_abbrev  0x0000292e       0xcb build/Justu8g2POC/production/u8g2/u8x8_input_value.o
 .debug_abbrev  0x000029f9       0xe5 build/Justu8g2POC/production/u8g2/u8x8_message.o
 .debug_abbrev  0x00002ade      0x118 build/Justu8g2POC/production/u8g2/u8x8_selection_list.o
 .debug_abbrev  0x00002bf6      0x139 build/Justu8g2POC/production/u8g2/u8x8_setup.o
 .debug_abbrev  0x00002d2f      0x139 build/Justu8g2POC/production/u8g2/u8x8_string.o
 .debug_abbrev  0x00002e68       0xa4 build/Justu8g2POC/production/u8g2/u8x8_u16toa.o
 .debug_abbrev  0x00002f0c       0xa4 build/Justu8g2POC/production/u8g2/u8x8_u8toa.o
 .debug_abbrev  0x00002fb0       0x28 c:/program files/microchip/xc32/v2.41/bin/bin/../../lib/gcc/pic32mx/4.8.3/../../../../pic32mx/lib\libpic32.a(default-bootstrap-exception-handler.o)
 .debug_abbrev  0x00002fd8       0x28 c:/program files/microchip/xc32/v2.41/bin/bin/../../lib/gcc/pic32mx/4.8.3/../../../../pic32mx/lib\libpic32.a(default-on-reset.o)
 .debug_abbrev  0x00003000       0x28 c:/program files/microchip/xc32/v2.41/bin/bin/../../lib/gcc/pic32mx/4.8.3/../../../../pic32mx/lib\libpic32.a(default-on-bootstrap.o)
 .debug_abbrev  0x00003028       0x28 c:/program files/microchip/xc32/v2.41/bin/bin/../../lib/gcc/pic32mx/4.8.3/../../../../pic32mx/lib\libpic32.a(default-general-exception-handler.o)
 .debug_abbrev  0x00003050       0x28 c:/program files/microchip/xc32/v2.41/bin/bin/../../lib/gcc/pic32mx/4.8.3/../../../../pic32mx/lib\libpic32.a(defaultinterrupt.o)

.debug_line     0x00000000     0x4ae2
 *(.debug_line)
 .debug_line    0x00000000      0x166 build/Justu8g2POC/production/u8g2/u8g2_TestHarness_main.o
 .debug_line    0x00000166      0x178 build/Justu8g2POC/production/u8g2/common.o
 .debug_line    0x000002de       0xe8 build/Justu8g2POC/production/u8g2/spi_master.o
 .debug_line    0x000003c6      0x1ee build/Justu8g2POC/production/u8g2/u8g2_bitmap.o
 .debug_line    0x000005b4      0x1d8 build/Justu8g2POC/production/u8g2/u8g2_box.o
 .debug_line    0x0000078c      0x1f7 build/Justu8g2POC/production/u8g2/u8g2_buffer.o
 .debug_line    0x00000983      0x2f6 build/Justu8g2POC/production/u8g2/u8g2_circle.o
 .debug_line    0x00000c79      0x150 build/Justu8g2POC/production/u8g2/u8g2_cleardisplay.o
 .debug_line    0x00000dc9       0xe8 build/Justu8g2POC/production/u8g2/u8g2_d_memory.o
 .debug_line    0x00000eb1      0x15c build/Justu8g2POC/production/u8g2/u8g2_d_setup.o
 .debug_line    0x0000100d      0x4b9 build/Justu8g2POC/production/u8g2/u8g2_font.o
 .debug_line    0x000014c6       0xcc build/Justu8g2POC/production/u8g2/u8g2_fonts.o
 .debug_line    0x00001592      0x1c8 build/Justu8g2POC/production/u8g2/u8g2_hvline.o
 .debug_line    0x0000175a      0x190 build/Justu8g2POC/production/u8g2/u8g2_input_value.o
 .debug_line    0x000018ea      0x168 build/Justu8g2POC/production/u8g2/u8g2_intersection.o
 .debug_line    0x00001a52      0x178 build/Justu8g2POC/production/u8g2/u8g2_kerning.o
 .debug_line    0x00001bca      0x173 build/Justu8g2POC/production/u8g2/u8g2_line.o
 .debug_line    0x00001d3d      0x1ab build/Justu8g2POC/production/u8g2/u8g2_ll_hvline.o
 .debug_line    0x00001ee8      0x1b3 build/Justu8g2POC/production/u8g2/u8g2_message.o
 .debug_line    0x0000209b      0x1d6 build/Justu8g2POC/production/u8g2/u8g2_pic32mz.o
 .debug_line    0x00002271      0x251 build/Justu8g2POC/production/u8g2/u8g2_polygon.o
 .debug_line    0x000024c2      0x1f8 build/Justu8g2POC/production/u8g2/u8g2_selection_list.o
 .debug_line    0x000026ba      0x24f build/Justu8g2POC/production/u8g2/u8g2_setup.o
 .debug_line    0x00002909      0x1f3 build/Justu8g2POC/production/u8g2/u8log.o
 .debug_line    0x00002afc      0x16d build/Justu8g2POC/production/u8g2/u8log_u8g2.o
 .debug_line    0x00002c69      0x15d build/Justu8g2POC/production/u8g2/u8log_u8x8.o
 .debug_line    0x00002dc6      0x2bb build/Justu8g2POC/production/u8g2/u8x8_8x8.o
 .debug_line    0x00003081      0x351 build/Justu8g2POC/production/u8g2/u8x8_byte.o
 .debug_line    0x000033d2      0x39e build/Justu8g2POC/production/u8g2/u8x8_cad.o
 .debug_line    0x00003770      0x200 build/Justu8g2POC/production/u8g2/u8x8_d_ssd1306_128x64_noname.o
 .debug_line    0x00003970      0x184 build/Justu8g2POC/production/u8g2/u8x8_debounce.o
 .debug_line    0x00003af4      0x1b4 build/Justu8g2POC/production/u8g2/u8x8_display.o
 .debug_line    0x00003ca8       0x1d build/Justu8g2POC/production/u8g2/u8x8_fonts.o
 .debug_line    0x00003cc5      0x13c build/Justu8g2POC/production/u8g2/u8x8_gpio.o
 .debug_line    0x00003e01      0x180 build/Justu8g2POC/production/u8g2/u8x8_input_value.o
 .debug_line    0x00003f81      0x1a0 build/Justu8g2POC/production/u8g2/u8x8_message.o
 .debug_line    0x00004121      0x1ae build/Justu8g2POC/production/u8g2/u8x8_selection_list.o
 .debug_line    0x000042cf      0x169 build/Justu8g2POC/production/u8g2/u8x8_setup.o
 .debug_line    0x00004438      0x1a1 build/Justu8g2POC/production/u8g2/u8x8_string.o
 .debug_line    0x000045d9       0xf9 build/Justu8g2POC/production/u8g2/u8x8_u16toa.o
 .debug_line    0x000046d2       0xf7 build/Justu8g2POC/production/u8g2/u8x8_u8toa.o
 .debug_line    0x000047c9       0xa6 c:/program files/microchip/xc32/v2.41/bin/bin/../../lib/gcc/pic32mx/4.8.3/../../../../pic32mx/lib\libpic32.a(default-bootstrap-exception-handler.o)
 .debug_line    0x0000486f       0x93 c:/program files/microchip/xc32/v2.41/bin/bin/../../lib/gcc/pic32mx/4.8.3/../../../../pic32mx/lib\libpic32.a(default-on-reset.o)
 .debug_line    0x00004902       0x97 c:/program files/microchip/xc32/v2.41/bin/bin/../../lib/gcc/pic32mx/4.8.3/../../../../pic32mx/lib\libpic32.a(default-on-bootstrap.o)
 .debug_line    0x00004999       0xa4 c:/program files/microchip/xc32/v2.41/bin/bin/../../lib/gcc/pic32mx/4.8.3/../../../../pic32mx/lib\libpic32.a(default-general-exception-handler.o)
 .debug_line    0x00004a3d       0xa5 c:/program files/microchip/xc32/v2.41/bin/bin/../../lib/gcc/pic32mx/4.8.3/../../../../pic32mx/lib\libpic32.a(defaultinterrupt.o)

.debug_frame    0x00000000     0x2b14
 *(.debug_frame)
 .debug_frame   0x00000000       0x2c build/Justu8g2POC/production/u8g2/u8g2_TestHarness_main.o
 .debug_frame   0x0000002c       0xa4 build/Justu8g2POC/production/u8g2/common.o
 .debug_frame   0x000000d0       0x70 build/Justu8g2POC/production/u8g2/spi_master.o
 .debug_frame   0x00000140      0x108 build/Justu8g2POC/production/u8g2/u8g2_bitmap.o
 .debug_frame   0x00000248       0xa0 build/Justu8g2POC/production/u8g2/u8g2_box.o
 .debug_frame   0x000002e8      0x154 build/Justu8g2POC/production/u8g2/u8g2_buffer.o
 .debug_frame   0x0000043c      0x1c0 build/Justu8g2POC/production/u8g2/u8g2_circle.o
 .debug_frame   0x000005fc       0x34 build/Justu8g2POC/production/u8g2/u8g2_cleardisplay.o
 .debug_frame   0x00000630       0x50 build/Justu8g2POC/production/u8g2/u8g2_d_memory.o
 .debug_frame   0x00000680       0x58 build/Justu8g2POC/production/u8g2/u8g2_d_setup.o
 .debug_frame   0x000006d8      0x6c8 build/Justu8g2POC/production/u8g2/u8g2_font.o
 .debug_frame   0x00000da0      0x108 build/Justu8g2POC/production/u8g2/u8g2_hvline.o
 .debug_frame   0x00000ea8       0x34 build/Justu8g2POC/production/u8g2/u8g2_input_value.o
 .debug_frame   0x00000edc       0x54 build/Justu8g2POC/production/u8g2/u8g2_intersection.o
 .debug_frame   0x00000f30       0x54 build/Justu8g2POC/production/u8g2/u8g2_kerning.o
 .debug_frame   0x00000f84       0x34 build/Justu8g2POC/production/u8g2/u8g2_line.o
 .debug_frame   0x00000fb8       0x58 build/Justu8g2POC/production/u8g2/u8g2_ll_hvline.o
 .debug_frame   0x00001010       0x58 build/Justu8g2POC/production/u8g2/u8g2_message.o
 .debug_frame   0x00001068       0x58 build/Justu8g2POC/production/u8g2/u8g2_pic32mz.o
 .debug_frame   0x000010c0      0x240 build/Justu8g2POC/production/u8g2/u8g2_polygon.o
 .debug_frame   0x00001300       0xc4 build/Justu8g2POC/production/u8g2/u8g2_selection_list.o
 .debug_frame   0x000013c4      0x2e0 build/Justu8g2POC/production/u8g2/u8g2_setup.o
 .debug_frame   0x000016a4      0x260 build/Justu8g2POC/production/u8g2/u8log.o
 .debug_frame   0x00001904       0x58 build/Justu8g2POC/production/u8g2/u8log_u8g2.o
 .debug_frame   0x0000195c       0x7c build/Justu8g2POC/production/u8g2/u8log_u8x8.o
 .debug_frame   0x000019d8      0x314 build/Justu8g2POC/production/u8g2/u8x8_8x8.o
 .debug_frame   0x00001cec      0x390 build/Justu8g2POC/production/u8g2/u8x8_byte.o
 .debug_frame   0x0000207c      0x304 build/Justu8g2POC/production/u8g2/u8x8_cad.o
 .debug_frame   0x00002380      0x10c build/Justu8g2POC/production/u8g2/u8x8_d_ssd1306_128x64_noname.o
 .debug_frame   0x0000248c       0x78 build/Justu8g2POC/production/u8g2/u8x8_debounce.o
 .debug_frame   0x00002504      0x1e0 build/Justu8g2POC/production/u8g2/u8x8_display.o
 .debug_frame   0x000026e4       0x34 build/Justu8g2POC/production/u8g2/u8x8_gpio.o
 .debug_frame   0x00002718       0x34 build/Justu8g2POC/production/u8g2/u8x8_input_value.o
 .debug_frame   0x0000274c       0x58 build/Justu8g2POC/production/u8g2/u8x8_message.o
 .debug_frame   0x000027a4       0xbc build/Justu8g2POC/production/u8g2/u8x8_selection_list.o
 .debug_frame   0x00002860       0x98 build/Justu8g2POC/production/u8g2/u8x8_setup.o
 .debug_frame   0x000028f8       0xbc build/Justu8g2POC/production/u8g2/u8x8_string.o
 .debug_frame   0x000029b4       0x54 build/Justu8g2POC/production/u8g2/u8x8_u16toa.o
 .debug_frame   0x00002a08       0x54 build/Justu8g2POC/production/u8g2/u8x8_u8toa.o
 .debug_frame   0x00002a5c       0x2c c:/program files/microchip/xc32/v2.41/bin/bin/../../lib/gcc/pic32mx/4.8.3/../../../../pic32mx/lib\libpic32.a(default-bootstrap-exception-handler.o)
 .debug_frame   0x00002a88       0x20 c:/program files/microchip/xc32/v2.41/bin/bin/../../lib/gcc/pic32mx/4.8.3/../../../../pic32mx/lib\libpic32.a(default-on-reset.o)
 .debug_frame   0x00002aa8       0x20 c:/program files/microchip/xc32/v2.41/bin/bin/../../lib/gcc/pic32mx/4.8.3/../../../../pic32mx/lib\libpic32.a(default-on-bootstrap.o)
 .debug_frame   0x00002ac8       0x2c c:/program files/microchip/xc32/v2.41/bin/bin/../../lib/gcc/pic32mx/4.8.3/../../../../pic32mx/lib\libpic32.a(default-general-exception-handler.o)
 .debug_frame   0x00002af4       0x20 c:/program files/microchip/xc32/v2.41/bin/bin/../../lib/gcc/pic32mx/4.8.3/../../../../pic32mx/lib\libpic32.a(defaultinterrupt.o)

.debug_str      0x00000000      0x30d
 *(.debug_str)
 .debug_str     0x00000000        0x9 build/Justu8g2POC/production/u8g2/u8g2_TestHarness_main.o
 .debug_str     0x00000009        0x0 build/Justu8g2POC/production/u8g2/common.o
 .debug_str     0x00000009        0x0 build/Justu8g2POC/production/u8g2/spi_master.o
 .debug_str     0x00000009       0x2b build/Justu8g2POC/production/u8g2/u8g2_bitmap.o
 .debug_str     0x00000034        0x9 build/Justu8g2POC/production/u8g2/u8g2_box.o
 .debug_str     0x0000003d        0xe build/Justu8g2POC/production/u8g2/u8g2_buffer.o
 .debug_str     0x0000004b       0x15 build/Justu8g2POC/production/u8g2/u8g2_circle.o
 .debug_str     0x00000060        0x9 build/Justu8g2POC/production/u8g2/u8g2_cleardisplay.o
 .debug_str     0x00000069        0x9 build/Justu8g2POC/production/u8g2/u8g2_d_memory.o
 .debug_str     0x00000072       0x3c build/Justu8g2POC/production/u8g2/u8g2_d_setup.o
 .debug_str     0x000000ae       0x5a build/Justu8g2POC/production/u8g2/u8g2_font.o
 .debug_str     0x00000108        0x0 build/Justu8g2POC/production/u8g2/u8g2_fonts.o
 .debug_str     0x00000108        0xe build/Justu8g2POC/production/u8g2/u8g2_hvline.o
 .debug_str     0x00000116       0x22 build/Justu8g2POC/production/u8g2/u8g2_input_value.o
 .debug_str     0x00000138        0x9 build/Justu8g2POC/production/u8g2/u8g2_intersection.o
 .debug_str     0x00000141        0x9 build/Justu8g2POC/production/u8g2/u8g2_kerning.o
 .debug_str     0x0000014a        0x9 build/Justu8g2POC/production/u8g2/u8g2_line.o
 .debug_str     0x00000153       0x14 build/Justu8g2POC/production/u8g2/u8g2_ll_hvline.o
 .debug_str     0x00000167       0x16 build/Justu8g2POC/production/u8g2/u8g2_message.o
 .debug_str     0x0000017d        0x0 build/Justu8g2POC/production/u8g2/u8g2_pic32mz.o
 .debug_str     0x0000017d        0xe build/Justu8g2POC/production/u8g2/u8g2_polygon.o
 .debug_str     0x0000018b       0x2b build/Justu8g2POC/production/u8g2/u8g2_selection_list.o
 .debug_str     0x000001b6       0x3d build/Justu8g2POC/production/u8g2/u8g2_setup.o
 .debug_str     0x000001f3       0x3f build/Justu8g2POC/production/u8g2/u8log.o
 .debug_str     0x00000232        0x9 build/Justu8g2POC/production/u8g2/u8log_u8g2.o
 .debug_str     0x0000023b        0x0 build/Justu8g2POC/production/u8g2/u8log_u8x8.o
 .debug_str     0x0000023b        0xe build/Justu8g2POC/production/u8g2/u8x8_8x8.o
 .debug_str     0x00000249       0x3a build/Justu8g2POC/production/u8g2/u8x8_byte.o
 .debug_str     0x00000283       0x21 build/Justu8g2POC/production/u8g2/u8x8_cad.o
 .debug_str     0x000002a4       0x15 build/Justu8g2POC/production/u8g2/u8x8_d_ssd1306_128x64_noname.o
 .debug_str     0x000002b9        0xa build/Justu8g2POC/production/u8g2/u8x8_debounce.o
 .debug_str     0x000002c3       0x1b build/Justu8g2POC/production/u8g2/u8x8_display.o
 .debug_str     0x000002de        0x0 build/Justu8g2POC/production/u8g2/u8x8_fonts.o
 .debug_str     0x000002de        0x0 build/Justu8g2POC/production/u8g2/u8x8_gpio.o
 .debug_str     0x000002de        0x0 build/Justu8g2POC/production/u8g2/u8x8_input_value.o
 .debug_str     0x000002de        0x0 build/Justu8g2POC/production/u8g2/u8x8_message.o
 .debug_str     0x000002de        0x0 build/Justu8g2POC/production/u8g2/u8x8_selection_list.o
 .debug_str     0x000002de       0x1d build/Justu8g2POC/production/u8g2/u8x8_setup.o
 .debug_str     0x000002fb       0x12 build/Justu8g2POC/production/u8g2/u8x8_string.o
 .debug_str     0x0000030d        0x0 build/Justu8g2POC/production/u8g2/u8x8_u16toa.o
 .debug_str     0x0000030d        0x0 build/Justu8g2POC/production/u8g2/u8x8_u8toa.o
 .debug_str     0x0000030d        0x0 c:/program files/microchip/xc32/v2.41/bin/bin/../../lib/gcc/pic32mx/4.8.3/../../../../pic32mx/lib\libpic32.a(default-bootstrap-exception-handler.o)
 .debug_str     0x0000030d        0x0 c:/program files/microchip/xc32/v2.41/bin/bin/../../lib/gcc/pic32mx/4.8.3/../../../../pic32mx/lib\libpic32.a(default-on-reset.o)
 .debug_str     0x0000030d        0x0 c:/program files/microchip/xc32/v2.41/bin/bin/../../lib/gcc/pic32mx/4.8.3/../../../../pic32mx/lib\libpic32.a(default-on-bootstrap.o)
 .debug_str     0x0000030d        0x0 c:/program files/microchip/xc32/v2.41/bin/bin/../../lib/gcc/pic32mx/4.8.3/../../../../pic32mx/lib\libpic32.a(default-general-exception-handler.o)
 .debug_str     0x0000030d        0x0 c:/program files/microchip/xc32/v2.41/bin/bin/../../lib/gcc/pic32mx/4.8.3/../../../../pic32mx/lib\libpic32.a(defaultinterrupt.o)

.debug_loc      0x00000000       0x58
 *(.debug_loc)
 .debug_loc     0x00000000       0x2c c:/program files/microchip/xc32/v2.41/bin/bin/../../lib/gcc/pic32mx/4.8.3/../../../../pic32mx/lib\libpic32.a(default-bootstrap-exception-handler.o)
 .debug_loc     0x0000002c       0x2c c:/program files/microchip/xc32/v2.41/bin/bin/../../lib/gcc/pic32mx/4.8.3/../../../../pic32mx/lib\libpic32.a(default-general-exception-handler.o)

.debug_macinfo
 *(.debug_macinfo)

.debug_weaknames
 *(.debug_weaknames)

.debug_funcnames
 *(.debug_funcnames)

.debug_typenames
 *(.debug_typenames)

.debug_varnames
 *(.debug_varnames)

.debug_pubtypes
 *(.debug_pubtypes)

.debug_ranges   0x00000000       0x50
 *(.debug_ranges)
 .debug_ranges  0x00000000       0x10 c:/program files/microchip/xc32/v2.41/bin/bin/../../lib/gcc/pic32mx/4.8.3/../../../../pic32mx/lib\libpic32.a(default-bootstrap-exception-handler.o)
 .debug_ranges  0x00000010       0x10 c:/program files/microchip/xc32/v2.41/bin/bin/../../lib/gcc/pic32mx/4.8.3/../../../../pic32mx/lib\libpic32.a(default-on-reset.o)
 .debug_ranges  0x00000020       0x10 c:/program files/microchip/xc32/v2.41/bin/bin/../../lib/gcc/pic32mx/4.8.3/../../../../pic32mx/lib\libpic32.a(default-on-bootstrap.o)
 .debug_ranges  0x00000030       0x10 c:/program files/microchip/xc32/v2.41/bin/bin/../../lib/gcc/pic32mx/4.8.3/../../../../pic32mx/lib\libpic32.a(default-general-exception-handler.o)
 .debug_ranges  0x00000040       0x10 c:/program files/microchip/xc32/v2.41/bin/bin/../../lib/gcc/pic32mx/4.8.3/../../../../pic32mx/lib\libpic32.a(defaultinterrupt.o)

.gnu.attributes
                0x00000000       0x10
 *(.gnu.attributes)
 .gnu.attributes
                0x00000000       0x10 build/Justu8g2POC/production/u8g2/u8g2_TestHarness_main.o
 .gnu.attributes
                0x00000010       0x10 build/Justu8g2POC/production/u8g2/common.o
 .gnu.attributes
                0x00000020       0x10 build/Justu8g2POC/production/u8g2/spi_master.o
 .gnu.attributes
                0x00000030       0x10 build/Justu8g2POC/production/u8g2/u8g2_bitmap.o
 .gnu.attributes
                0x00000040       0x10 build/Justu8g2POC/production/u8g2/u8g2_box.o
 .gnu.attributes
                0x00000050       0x10 build/Justu8g2POC/production/u8g2/u8g2_buffer.o
 .gnu.attributes
                0x00000060       0x10 build/Justu8g2POC/production/u8g2/u8g2_circle.o
 .gnu.attributes
                0x00000070       0x10 build/Justu8g2POC/production/u8g2/u8g2_cleardisplay.o
 .gnu.attributes
                0x00000080       0x10 build/Justu8g2POC/production/u8g2/u8g2_d_memory.o
 .gnu.attributes
                0x00000090       0x10 build/Justu8g2POC/production/u8g2/u8g2_d_setup.o
 .gnu.attributes
                0x000000a0       0x10 build/Justu8g2POC/production/u8g2/u8g2_font.o
 .gnu.attributes
                0x000000b0       0x10 build/Justu8g2POC/production/u8g2/u8g2_fonts.o
 .gnu.attributes
                0x000000c0       0x10 build/Justu8g2POC/production/u8g2/u8g2_hvline.o
 .gnu.attributes
                0x000000d0       0x10 build/Justu8g2POC/production/u8g2/u8g2_input_value.o
 .gnu.attributes
                0x000000e0       0x10 build/Justu8g2POC/production/u8g2/u8g2_intersection.o
 .gnu.attributes
                0x000000f0       0x10 build/Justu8g2POC/production/u8g2/u8g2_kerning.o
 .gnu.attributes
                0x00000100       0x10 build/Justu8g2POC/production/u8g2/u8g2_line.o
 .gnu.attributes
                0x00000110       0x10 build/Justu8g2POC/production/u8g2/u8g2_ll_hvline.o
 .gnu.attributes
                0x00000120       0x10 build/Justu8g2POC/production/u8g2/u8g2_message.o
 .gnu.attributes
                0x00000130       0x10 build/Justu8g2POC/production/u8g2/u8g2_pic32mz.o
 .gnu.attributes
                0x00000140       0x10 build/Justu8g2POC/production/u8g2/u8g2_polygon.o
 .gnu.attributes
                0x00000150       0x10 build/Justu8g2POC/production/u8g2/u8g2_selection_list.o
 .gnu.attributes
                0x00000160       0x10 build/Justu8g2POC/production/u8g2/u8g2_setup.o
 .gnu.attributes
                0x00000170       0x10 build/Justu8g2POC/production/u8g2/u8log.o
 .gnu.attributes
                0x00000180       0x10 build/Justu8g2POC/production/u8g2/u8log_u8g2.o
 .gnu.attributes
                0x00000190       0x10 build/Justu8g2POC/production/u8g2/u8log_u8x8.o
 .gnu.attributes
                0x000001a0       0x10 build/Justu8g2POC/production/u8g2/u8x8_8x8.o
 .gnu.attributes
                0x000001b0       0x10 build/Justu8g2POC/production/u8g2/u8x8_byte.o
 .gnu.attributes
                0x000001c0       0x10 build/Justu8g2POC/production/u8g2/u8x8_cad.o
 .gnu.attributes
                0x000001d0       0x10 build/Justu8g2POC/production/u8g2/u8x8_d_ssd1306_128x64_noname.o
 .gnu.attributes
                0x000001e0       0x10 build/Justu8g2POC/production/u8g2/u8x8_debounce.o
 .gnu.attributes
                0x000001f0       0x10 build/Justu8g2POC/production/u8g2/u8x8_display.o
 .gnu.attributes
                0x00000200       0x10 build/Justu8g2POC/production/u8g2/u8x8_fonts.o
 .gnu.attributes
                0x00000210       0x10 build/Justu8g2POC/production/u8g2/u8x8_gpio.o
 .gnu.attributes
                0x00000220       0x10 build/Justu8g2POC/production/u8g2/u8x8_input_value.o
 .gnu.attributes
                0x00000230       0x10 build/Justu8g2POC/production/u8g2/u8x8_message.o
 .gnu.attributes
                0x00000240       0x10 build/Justu8g2POC/production/u8g2/u8x8_selection_list.o
 .gnu.attributes
                0x00000250       0x10 build/Justu8g2POC/production/u8g2/u8x8_setup.o
 .gnu.attributes
                0x00000260       0x10 build/Justu8g2POC/production/u8g2/u8x8_string.o
 .gnu.attributes
                0x00000270       0x10 build/Justu8g2POC/production/u8g2/u8x8_u16toa.o
 .gnu.attributes
                0x00000280       0x10 build/Justu8g2POC/production/u8g2/u8x8_u8toa.o
 .gnu.attributes
                0x00000290       0x10 c:/program files/microchip/xc32/v2.41/bin/bin/../../lib/gcc/pic32mx/4.8.3/../../../../pic32mx/lib\libpic32.a(default-bootstrap-exception-handler.o)
 .gnu.attributes
                0x000002a0       0x10 c:/program files/microchip/xc32/v2.41/bin/bin/../../lib/gcc/pic32mx/4.8.3/../../../../pic32mx/lib\libpic32.a(default-on-reset.o)
 .gnu.attributes
                0x000002b0       0x10 c:/program files/microchip/xc32/v2.41/bin/bin/../../lib/gcc/pic32mx/4.8.3/../../../../pic32mx/lib\libpic32.a(default-on-bootstrap.o)
 .gnu.attributes
                0x000002c0       0x10 c:/program files/microchip/xc32/v2.41/bin/bin/../../lib/gcc/pic32mx/4.8.3/../../../../pic32mx/lib\libpic32.a(default-general-exception-handler.o)
 .gnu.attributes
                0x000002d0       0x10 c:/program files/microchip/xc32/v2.41/bin/bin/../../lib/gcc/pic32mx/4.8.3/../../../../pic32mx/lib\libpic32.a(defaultinterrupt.o)
LOAD c:/program files/microchip/xc32/v2.41/bin/bin/../../lib/gcc/pic32mx/4.8.3\libgcc.a
START GROUP
LOAD c:/program files/microchip/xc32/v2.41/bin/bin/../../lib/gcc/pic32mx/4.8.3/../../../../pic32mx/lib\libpic32.a
LOAD c:/program files/microchip/xc32/v2.41/bin/bin/../../lib/gcc/pic32mx/4.8.3/../../../../pic32mx/lib\libdebug.a
LOAD c:/program files/microchip/xc32/v2.41/bin/bin/../../lib/gcc/pic32mx/4.8.3/../../../../pic32mx/lib\libpic32.a
LOAD c:/program files/microchip/xc32/v2.41/bin/bin/../../lib/gcc/pic32mx/4.8.3/../../../../pic32mx/lib\liblega-c.a
LOAD c:/program files/microchip/xc32/v2.41/bin/bin/../../lib/gcc/pic32mx/4.8.3/../../../../pic32mx/lib\libm.a
LOAD c:/program files/microchip/xc32/v2.41/bin/bin/../../lib/gcc/pic32mx/4.8.3/../../../../pic32mx/lib\libe.a
LOAD c:/program files/microchip/xc32/v2.41/bin/bin/../../lib/gcc/pic32mx/4.8.3/../../../../pic32mx/lib\libdsp.a
LOAD c:/program files/microchip/xc32/v2.41/bin/bin/../../lib/gcc/pic32mx/4.8.3\libgcc.a
LOAD c:/program files/microchip/xc32/v2.41/bin/bin/../../lib/gcc/pic32mx/4.8.3/../../../../pic32mx/lib\libpic32.a
END GROUP
LOAD c:/program files/microchip/xc32/v2.41/bin/bin/../../lib/gcc/pic32mx/4.8.3\libgcc.a
OUTPUT(dist/Justu8g2POC/production/Framework4PIC32_with_u8g2.production.elf elf32-tradlittlemips)
LOAD stack
LOAD data_init

.reginfo        0x00000000       0x18
 .reginfo       0x00000000       0x18 c:/program files/microchip/xc32/v2.41/bin/bin/../../lib/gcc/pic32mx/4.8.3/../../../../pic32mx/lib\debug-exception-return.o

.stack          0xa0000580      0x400
 .stack         0xa0000580      0x400 stack

.bss            0xa0000028      0x508
 .bss           0xa0000028      0x480 build/Justu8g2POC/production/u8g2/u8g2_d_memory.o
 .bss           0xa00004a8       0x88 build/Justu8g2POC/production/u8g2/u8g2_TestHarness_main.o

.data           0xa0000530       0x10
 .data          0xa0000530       0x10 build/Justu8g2POC/production/u8g2/u8g2_TestHarness_main.o
                0xa0000530                lineBuffer

.bss            0xa0000540       0x10
 .bss           0xa0000540       0x10 build/Justu8g2POC/production/u8g2/u8x8_cad.o

._debug_exception
                0xbfc00480       0x2c
 ._debug_exception
                0xbfc00480       0x2c c:/program files/microchip/xc32/v2.41/bin/bin/../../lib/gcc/pic32mx/4.8.3/../../../../pic32mx/lib\debug-exception-return.o
                0xbfc00480                __DbgExecReturn

.text           0x9d000000     0x3fc4
 .text          0x9d000000     0x2608 build/Justu8g2POC/production/u8g2/u8g2_font.o
                0x9d0000c0                u8g2_read_font_info
                0x9d000320                u8g2_GetFontSize
                0x9d000440                u8g2_GetFontBBXWidth
                0x9d000470                u8g2_GetFontBBXHeight
                0x9d0004a0                u8g2_GetFontBBXOffX
                0x9d0004cc                u8g2_GetFontBBXOffY
                0x9d0004f8                u8g2_GetFontCapitalAHeight
                0x9d000528                u8g2_font_decode_get_unsigned_bits
                0x9d000640                u8g2_font_decode_get_signed_bits
                0x9d000850                u8g2_font_decode_len
                0x9d000b2c                u8g2_font_decode_glyph
                0x9d000f20                u8g2_font_get_glyph_data
                0x9d0011c4                u8g2_IsGlyph
                0x9d001224                u8g2_GetGlyphWidth
                0x9d001304                u8g2_SetFontMode
                0x9d00133c                u8g2_DrawGlyph
                0x9d001634                u8g2_DrawStr
                0x9d0016a4                u8g2_DrawUTF8
                0x9d001714                u8g2_DrawExtendedUTF8
                0x9d0018f8                u8g2_DrawExtUTF8
                0x9d001acc                u8g2_UpdateRefHeight
                0x9d001c34                u8g2_SetFontRefHeightText
                0x9d001c74                u8g2_SetFontRefHeightExtendedText
                0x9d001cb8                u8g2_SetFontRefHeightAll
                0x9d001cfc                u8g2_font_calc_vref_font
                0x9d001d24                u8g2_SetFontPosBaseline
                0x9d001d58                u8g2_font_calc_vref_bottom
                0x9d001d88                u8g2_SetFontPosBottom
                0x9d001dbc                u8g2_font_calc_vref_top
                0x9d001dfc                u8g2_SetFontPosTop
                0x9d001e30                u8g2_font_calc_vref_center
                0x9d001eb0                u8g2_SetFontPosCenter
                0x9d001ee4                u8g2_SetFont
                0x9d002028                u8g2_IsAllValidUTF8
                0x9d0022b4                u8g2_GetStrX
                0x9d0024e0                u8g2_GetStrWidth
                0x9d002530                u8g2_GetExactStrWidth
                0x9d002580                u8g2_GetUTF8Width
                0x9d0025d0                u8g2_SetFontDirection
 .text          0x9d002608     0x19bc build/Justu8g2POC/production/u8g2/u8x8_byte.o
                0x9d002608                u8x8_byte_SetDC
                0x9d002660                u8x8_byte_SendBytes
                0x9d0026bc                u8x8_byte_SendByte
                0x9d002708                u8x8_byte_StartTransfer
                0x9d002754                u8x8_byte_EndTransfer
                0x9d0027a0                u8x8_byte_empty
                0x9d0027e8                u8x8_byte_4wire_sw_spi
                0x9d002b00                u8x8_byte_8bit_6800mode
                0x9d002dc4                u8x8_byte_8bit_8080mode
                0x9d003088                u8x8_byte_3wire_sw_spi
                0x9d0033ac                u8x8_byte_set_ks0108_cs
                0x9d003458                u8x8_byte_ks0108
                0x9d003704                u8x8_byte_sed1520
                0x9d003e64                u8x8_byte_sw_i2c

.text           0x9d003fc4     0x2bd8
 .text          0x9d003fc4     0x18d8 build/Justu8g2POC/production/u8g2/u8x8_cad.o
                0x9d003fc4                u8x8_cad_SendCmd
                0x9d00401c                u8x8_cad_SendArg
                0x9d004074                u8x8_cad_SendMultipleArg
                0x9d0040f8                u8x8_cad_SendData
                0x9d004154                u8x8_cad_StartTransfer
                0x9d0041a0                u8x8_cad_EndTransfer
                0x9d0041ec                u8x8_cad_vsendf
                0x9d0042f4                u8x8_SendF
                0x9d00434c                u8x8_cad_SendSequence
                0x9d0044cc                u8x8_cad_empty
                0x9d0045c8                u8x8_cad_110
                0x9d0046f4                u8x8_cad_100
                0x9d004820                u8x8_cad_001
                0x9d00494c                u8x8_cad_011
                0x9d004a78                u8x8_cad_st7920_spi
                0x9d004e0c                u8x8_cad_ssd13xx_i2c
                0x9d004fa4                u8x8_cad_ssd13xx_fast_i2c
                0x9d0051b4                u8x8_cad_st75256_i2c
                0x9d005390                u8x8_cad_ld7032_i2c
                0x9d0055b8                u8x8_cad_uc16xx_i2c
 .text          0x9d00589c     0x1300 build/Justu8g2POC/production/u8g2/u8x8_8x8.o
                0x9d00589c                u8x8_SetFont
                0x9d005ad8                u8x8_DrawGlyph
                0x9d005bfc                u8x8_upscale_byte
                0x9d005f50                u8x8_Draw2x2Glyph
                0x9d0061a8                u8x8_Draw1x2Glyph
                0x9d0062b8                u8x8_utf8_init
                0x9d0062e4                u8x8_ascii_next
                0x9d006340                u8x8_utf8_next
                0x9d006650                u8x8_DrawString
                0x9d0066c0                u8x8_DrawUTF8
                0x9d00682c                u8x8_Draw2x2String
                0x9d00689c                u8x8_Draw2x2UTF8
                0x9d006a08                u8x8_Draw1x2String
                0x9d006a78                u8x8_Draw1x2UTF8
                0x9d006ae8                u8x8_GetUTF8Len

.text           0x9d006b9c     0x14f0
 .text          0x9d006b9c      0xcf4 build/Justu8g2POC/production/u8g2/u8g2_setup.o
                0x9d006b9c                u8g2_SetMaxClipWindow
                0x9d006c08                u8g2_SetClipWindow
                0x9d006c94                u8g2_SetupBuffer
                0x9d006d70                u8g2_SetDisplayRotation
                0x9d0070a0                u8g2_update_dimension_r0
                0x9d0070d8                u8g2_update_page_win_r0
                0x9d007148                u8g2_update_dimension_r1
                0x9d0071b0                u8g2_update_page_win_r1
                0x9d007220                u8g2_update_dimension_r2
                0x9d007258                u8g2_update_page_win_r2
                0x9d00730c                u8g2_update_dimension_r3
                0x9d007374                u8g2_update_page_win_r3
                0x9d007428                u8g2_draw_l90_r0
                0x9d007494                u8g2_draw_l90_mirrorr_r0
                0x9d007550                u8g2_draw_l90_r1
                0x9d007628                u8g2_draw_l90_r2
                0x9d007728                u8g2_draw_l90_r3
                0x9d00780c                u8g2_Setup_null
 .text          0x9d007890      0x7fc build/Justu8g2POC/production/u8g2/u8x8_d_ssd1306_128x64_noname.o
                0x9d007b34                u8x8_d_ssd1306_128x64_noname
                0x9d007c18                u8x8_d_ssd1306_128x64_vcomh0
                0x9d007cfc                u8x8_d_ssd1306_128x64_alt0
                0x9d007de0                u8x8_d_sh1106_128x64_noname
                0x9d007ec4                u8x8_d_sh1106_128x64_vcomh0
                0x9d007fa8                u8x8_d_sh1106_128x64_winstar

.rodata         0x9d00808c      0x6b4
 .rodata        0x9d00808c      0x6b4 build/Justu8g2POC/production/u8g2/u8g2_fonts.o
                0x9d00808c                u8g2_font_t0_18_mr

.text           0x9d008740      0xbe4
 .text          0x9d008740      0x5f4 build/Justu8g2POC/production/u8g2/u8g2_hvline.o
                0x9d008890                u8g2_draw_hv_line_2dir
                0x9d008914                u8g2_DrawHVLine
                0x9d008b2c                u8g2_DrawHLine
                0x9d008b94                u8g2_DrawVLine
                0x9d008c00                u8g2_DrawPixel
                0x9d008ce0                u8g2_SetDrawColor
 .text          0x9d008d34      0x5f0 build/Justu8g2POC/production/u8g2/u8x8_display.o
                0x9d008d34                u8x8_d_helper_display_setup_memory
                0x9d008d7c                u8x8_d_helper_display_init
                0x9d008e84                u8x8_DrawTile
                0x9d008f0c                u8x8_SetupMemory
                0x9d008f58                u8x8_InitDisplay
                0x9d008fa4                u8x8_SetPowerSave
                0x9d008ffc                u8x8_SetFlipMode
                0x9d009054                u8x8_SetContrast
                0x9d0090ac                u8x8_RefreshDisplay
                0x9d0090f8                u8x8_ClearDisplayWithTile
                0x9d0091a0                u8x8_ClearDisplay
                0x9d009200                u8x8_FillDisplay
                0x9d00926c                u8x8_ClearLine

.text           0x9d009324      0x96c
 .text          0x9d009324      0x504 build/Justu8g2POC/production/u8g2/u8g2_buffer.o
                0x9d009324                u8g2_ClearBuffer
                0x9d009510                u8g2_SendBuffer
                0x9d009554                u8g2_SetBufferCurrTileRow
                0x9d0095c4                u8g2_FirstPage
                0x9d00961c                u8g2_NextPage
                0x9d0096dc                u8g2_UpdateDisplayArea
                0x9d0097f0                u8g2_UpdateDisplay
 .text          0x9d009828      0x468 build/Justu8g2POC/production/u8g2/u8g2_ll_hvline.o
                0x9d009828                u8g2_ll_hvline_vertical_top_lsb
                0x9d009a80                u8g2_ll_hvline_horizontal_right_lsb

.text           0x9d009c90      0x528
 .text          0x9d009c90      0x2a4 build/Justu8g2POC/production/u8g2/u8g2_kerning.o
                0x9d009c90                u8g2_GetKerning
                0x9d009e34                u8g2_GetKerningByTable
 .text          0x9d009f34      0x284 build/Justu8g2POC/production/u8g2/u8g2_pic32mz.o
                0x9d009f34                u8x8_pic32_gpio_and_delay
                0x9d00a074                u8x8_byte_pic32_hw_spi

.text           0x9d00a1b8      0x444
 .text          0x9d00a1b8      0x250 build/Justu8g2POC/production/u8g2/common.o
                0x9d00a1b8                __delay_ms
                0x9d00a23c                TIM1_ISR
                0x9d00a2dc                getSysTick
                0x9d00a300                sysInit
 .text          0x9d00a408      0x1f4 build/Justu8g2POC/production/u8g2/u8x8_setup.o
                0x9d00a408                u8x8_dummy_cb
                0x9d00a444                u8x8_d_null_cb
                0x9d00a4d8                u8x8_SetupDefaults
                0x9d00a57c                u8x8_Setup

.text           0x9d00a5fc      0x2dc
 .text          0x9d00a5fc      0x18c build/Justu8g2POC/production/u8g2/u8g2_intersection.o
                0x9d00a5fc                u8g2_is_intersection_decision_tree
                0x9d00a6e0                u8g2_IsIntersection
 .text          0x9d00a788      0x150 build/Justu8g2POC/production/u8g2/u8g2_TestHarness_main.o
                0x9d00a788                main

.text           0x9d00a8d8      0x138
 .text          0x9d00a8d8      0x138 build/Justu8g2POC/production/u8g2/u8g2_d_setup.o
                0x9d00a8d8                u8g2_Setup_ssd1306_128x64_noname_1
                0x9d00a974                u8g2_Setup_ssd1306_128x64_noname_f

.rodata         0x9d00aa10      0x128
 .rodata        0x9d00aa10      0x128 build/Justu8g2POC/production/u8g2/u8x8_d_ssd1306_128x64_noname.o

.text.general_exception
                0x9d00ab38       0xdc
 .text.general_exception
                0x9d00ab38       0xdc c:/program files/microchip/xc32/v2.41/bin/bin/../../lib/gcc/pic32mx/4.8.3/../../../../pic32mx/lib\libpic32.a(general-exception.o)